nohup: ignoring input
---Main Experiment---
---Main Experiment  a_rca_trainer---
# new transformed data: trace, metric, log, api
# head 4, --orl_te_in_channels 512
# SEattention
# deterministic
start############################
2025-09-09 09:59:17,208 - INFO - [0/20] | train_loss: 3.77550
2025-09-09 09:59:17,587 - INFO - ----------
2025-09-09 09:59:17,587 - INFO - evaluation dataset type: valid
2025-09-09 09:59:17,604 - INFO - node    precision | micro: 0.019912; macro: 0.042291; score: [0.02439024 0.00694444 0.         0.         0.06451613 0.15789474]
2025-09-09 09:59:17,604 - INFO - node    recall    | micro: 0.562500; macro: 0.488889; score: [0.6        0.33333333 0.         0.         1.         1.        ]
2025-09-09 09:59:17,604 - INFO - node    f1        | micro: 0.038462; macro: 0.075737; score: [0.046875   0.01360544 0.         0.         0.12121212 0.27272727]
2025-09-09 09:59:17,622 - INFO - service precision | micro: 0.010561; macro: 0.019749; score: [0.02739726 0.01176471 0.         0.10526316 0.0123839  0.00442478
 0.00423729 0.         0.01226994]
2025-09-09 09:59:17,622 - INFO - service recall    | micro: 0.666667; macro: 0.688889; score: [1.  1.  0.  0.4 0.8 1.  1.  0.  1. ]
2025-09-09 09:59:17,622 - INFO - service f1        | micro: 0.020793; macro: 0.034349; score: [0.05333333 0.02325581 0.         0.16666667 0.02439024 0.00881057
 0.00843882 0.         0.02424242]
2025-09-09 09:59:17,654 - INFO - pod     precision | micro: 0.014351; macro: 0.046574; score: [0.01506024 0.31034483 0.01449275 0.02020202 0.04086538 0.
 0.00666667 0.00162866 0.00990099]
2025-09-09 09:59:17,654 - INFO - pod     recall    | micro: 0.672414; macro: 0.635733; score: [1.         0.81818182 0.45       0.57142857 0.73913043 0.
 0.14285714 1.         1.        ]
2025-09-09 09:59:17,654 - INFO - pod     f1        | micro: 0.028103; macro: 0.073314; score: [0.02967359 0.45       0.02808112 0.03902439 0.07744875 0.
 0.01273885 0.00325203 0.01960784]
2025-09-09 09:59:17,654 - INFO - ----------
2025-09-09 09:59:20,533 - INFO - [1/20] | train_loss: 2.65241
2025-09-09 09:59:23,516 - INFO - [2/20] | train_loss: 1.93962
2025-09-09 09:59:26,521 - INFO - [3/20] | train_loss: 1.45854
2025-09-09 09:59:29,520 - INFO - [4/20] | train_loss: 1.15221
2025-09-09 09:59:32,504 - INFO - [5/20] | train_loss: 0.96571
2025-09-09 09:59:35,515 - INFO - [6/20] | train_loss: 0.81951
2025-09-09 09:59:38,526 - INFO - [7/20] | train_loss: 0.69270
2025-09-09 09:59:41,520 - INFO - [8/20] | train_loss: 0.58376
2025-09-09 09:59:44,521 - INFO - [9/20] | train_loss: 0.51825
2025-09-09 09:59:47,573 - INFO - [10/20] | train_loss: 0.46053
2025-09-09 09:59:47,904 - INFO - ----------
2025-09-09 09:59:47,904 - INFO - evaluation dataset type: valid
2025-09-09 09:59:47,923 - INFO - node    precision | micro: 0.333333; macro: 0.352564; score: [0.38461538 0.23076923 0.5        0.         0.4        0.6       ]
2025-09-09 09:59:47,924 - INFO - node    recall    | micro: 0.937500; macro: 0.777778; score: [1.         1.         0.66666667 0.         1.         1.        ]
2025-09-09 09:59:47,924 - INFO - node    f1        | micro: 0.491803; macro: 0.470569; score: [0.55555556 0.375      0.57142857 0.         0.57142857 0.75      ]
2025-09-09 09:59:47,940 - INFO - service precision | micro: 0.153153; macro: 0.157364; score: [0.18181818 0.16666667 0.0625     0.21428571 0.14814815 0.
 0.14285714 0.         0.5       ]
2025-09-09 09:59:47,941 - INFO - service recall    | micro: 0.708333; macro: 0.627778; score: [1.   1.   0.25 0.6  0.8  0.   1.   0.   1.  ]
2025-09-09 09:59:47,941 - INFO - service f1        | micro: 0.251852; macro: 0.241763; score: [0.30769231 0.28571429 0.1        0.31578947 0.25       0.
 0.25       0.         0.66666667]
2025-09-09 09:59:47,970 - INFO - pod     precision | micro: 0.180608; macro: 0.191203; score: [0.22222222 0.22916667 0.16       0.19480519 0.24096386 0.
 0.22580645 0.02564103 0.42222222]
2025-09-09 09:59:47,970 - INFO - pod     recall    | micro: 0.818966; macro: 0.798206; score: [1.         1.         0.6        0.71428571 0.86956522 0.
 1.         1.         1.        ]
2025-09-09 09:59:47,971 - INFO - pod     f1        | micro: 0.295950; macro: 0.298311; score: [0.36363636 0.37288136 0.25263158 0.30612245 0.37735849 0.
 0.36842105 0.05       0.59375   ]
2025-09-09 09:59:47,971 - INFO - ----------
2025-09-09 09:59:50,818 - INFO - [11/20] | train_loss: 0.40724
2025-09-09 09:59:53,818 - INFO - [12/20] | train_loss: 0.35977
2025-09-09 09:59:56,959 - INFO - [13/20] | train_loss: 0.33966
2025-09-09 09:59:59,921 - INFO - [14/20] | train_loss: 0.37031
2025-09-09 10:00:02,917 - INFO - [15/20] | train_loss: 0.37833
2025-09-09 10:00:05,950 - INFO - [16/20] | train_loss: 0.37302
2025-09-09 10:00:08,917 - INFO - [17/20] | train_loss: 0.31193
2025-09-09 10:00:11,923 - INFO - [18/20] | train_loss: 0.27048
2025-09-09 10:00:14,926 - INFO - [19/20] | train_loss: 0.24580
2025-09-09 10:00:16,299 - INFO - ----------
2025-09-09 10:00:16,299 - INFO - evaluation dataset type: test
2025-09-09 10:00:16,320 - INFO - node    precision | micro: 0.411392; macro: 0.424797; score: [0.58333333 0.25925926 0.41176471 0.4137931  0.2972973  0.58333333]
2025-09-09 10:00:16,320 - INFO - node    recall    | micro: 0.970149; macro: 0.962963; score: [1.         1.         0.77777778 1.         1.         1.        ]
2025-09-09 10:00:16,320 - INFO - node    f1        | micro: 0.577778; macro: 0.577935; score: [0.73684211 0.41176471 0.53846154 0.58536585 0.45833333 0.73684211]
2025-09-09 10:00:16,348 - INFO - service precision | micro: 0.222571; macro: 0.235505; score: [0.1875     0.25714286 0.15909091 0.21428571 0.18518519 0.35
 0.29411765 0.25       0.22222222]
2025-09-09 10:00:16,348 - INFO - service recall    | micro: 0.806818; macro: 0.838889; score: [1.         1.         0.7        0.75       0.83333333 0.46666667
 1.         1.         0.8       ]
2025-09-09 10:00:16,348 - INFO - service f1        | micro: 0.348894; macro: 0.358097; score: [0.31578947 0.40909091 0.25925926 0.33333333 0.3030303  0.4
 0.45454545 0.4        0.34782609]
2025-09-09 10:00:16,424 - INFO - pod     precision | micro: 0.230998; macro: 0.251934; score: [0.33333333 0.2284264  0.14832536 0.16556291 0.18466899 0.25837321
 0.408      0.28828829 0.25242718]
2025-09-09 10:00:16,424 - INFO - pod     recall    | micro: 0.888128; macro: 0.902319; score: [1.         0.97826087 0.63265306 0.80645161 0.94642857 0.79411765
 1.         1.         0.96296296]
2025-09-09 10:00:16,424 - INFO - pod     f1        | micro: 0.366635; macro: 0.390159; score: [0.5        0.37037037 0.24031008 0.27472527 0.3090379  0.3898917
 0.57954545 0.44755245 0.4       ]
2025-09-09 10:00:16,424 - INFO - ----------
----GATNet----
GAT_name1:  GATv2Conv
GAT_name2:  GATConv
activ_fun1:  relu6
activ_fun2:  relu6
====================================================================================================
Layer (type:depth-idx)                                                      Param #
====================================================================================================
Sequential                                                                  --
├─RepresentationLearning: 1-1                                               --
│    └─ModuleDict: 2-1                                                      --
│    │    └─Linear: 3-1                                                     6,144
│    │    └─Linear: 3-2                                                     6,144
│    │    └─Linear: 3-3                                                     6,144
│    │    └─Linear: 3-4                                                     6,144
│    └─ModuleDict: 2-2                                                      --
│    │    └─PositionalEmbedding: 3-5                                        --
│    │    └─PositionalEmbedding: 3-6                                        --
│    │    └─PositionalEmbedding: 3-7                                        --
│    │    └─PositionalEmbedding: 3-8                                        --
│    └─ModuleDict: 2-3                                                      --
│    │    └─TransformerEncoder: 3-9                                         6,304,768
│    │    └─TransformerEncoder: 3-10                                        6,304,768
│    │    └─TransformerEncoder: 3-11                                        6,304,768
│    │    └─TransformerEncoder: 3-12                                        6,304,768
├─FeatureIntegration: 1-2                                                   --
│    └─ModuleDict: 2-4                                                      --
│    │    └─SEAttention: 3-13                                               32,768
│    │    └─SEAttention: 3-14                                               32,768
│    │    └─SEAttention: 3-15                                               32,768
│    └─ModuleDict: 2-5                                                      --
│    │    └─Linear: 3-16                                                    8,651,264
│    │    └─Linear: 3-17                                                    16,777,728
│    │    └─Linear: 3-18                                                    12,583,424
├─FeatureFusion: 1-3                                                        --
│    └─GATNet: 2-6                                                          --
│    │    └─GATv2Conv: 3-19                                                 526,336
│    │    └─GATConv: 3-20                                                   65,920
│    └─ModuleDict: 2-7                                                      --
│    │    └─Linear: 3-21                                                    774
│    │    └─Linear: 3-22                                                    1,161
│    │    └─Linear: 3-23                                                    1,161
├─FaultClassifier: 1-4                                                      --
│    └─ModuleDict: 2-8                                                      --
│    │    └─Linear: 3-24                                                    774
│    │    └─Linear: 3-25                                                    1,161
│    │    └─Linear: 3-26                                                    1,161
====================================================================================================
Total params: 63,952,816
Trainable params: 63,952,816
Non-trainable params: 0
====================================================================================================
*************************************
nohup: ignoring input
---Main Experiment---
---Main Experiment  a_rca_trainer---
# original trace, metric, log
# head 2, --orl_te_in_channels 256
# transformer
# deterministic
2025-09-09 10:02:18,432 - INFO - [0/10] | train_loss: 3.99796
2025-09-09 10:02:18,654 - INFO - ----------
2025-09-09 10:02:18,655 - INFO - evaluation dataset type: valid
2025-09-09 10:02:18,671 - INFO - node    precision | micro: 0.018081; macro: 0.051973; score: [0.02415459 0.01333333 0.00847458 0.         0.01587302 0.25      ]
2025-09-09 10:02:18,671 - INFO - node    recall    | micro: 0.812500; macro: 0.666667; score: [1.         0.66666667 0.33333333 0.         1.         1.        ]
2025-09-09 10:02:18,671 - INFO - node    f1        | micro: 0.035374; macro: 0.086849; score: [0.04716981 0.02614379 0.01652893 0.         0.03125    0.4       ]
2025-09-09 10:02:18,689 - INFO - service precision | micro: 0.007585; macro: 0.012651; score: [0.06666667 0.00487805 0.         0.00961538 0.01702128 0.00169205
 0.         0.         0.01398601]
2025-09-09 10:02:18,689 - INFO - service recall    | micro: 0.500000; macro: 0.500000; score: [1.  1.  0.  0.2 0.8 1.  0.  0.  0.5]
2025-09-09 10:02:18,690 - INFO - service f1        | micro: 0.014944; macro: 0.024109; score: [0.125      0.00970874 0.         0.01834862 0.03333333 0.00337838
 0.         0.         0.02721088]
2025-09-09 10:02:18,722 - INFO - pod     precision | micro: 0.009041; macro: 0.030304; score: [0.01076426 0.20454545 0.00640205 0.01447661 0.00970055 0.
 0.01449275 0.002331   0.01002506]
2025-09-09 10:02:18,723 - INFO - pod     recall    | micro: 0.698276; macro: 0.677863; score: [1.         0.81818182 0.25       0.61904762 1.         0.
 0.57142857 1.         0.84210526]
2025-09-09 10:02:18,723 - INFO - pod     f1        | micro: 0.017851; macro: 0.051255; score: [0.02129925 0.32727273 0.01248439 0.02829162 0.0192147  0.
 0.02826855 0.00465116 0.01981424]
2025-09-09 10:02:18,723 - INFO - ----------
2025-09-09 10:02:22,326 - INFO - [1/10] | train_loss: 2.91670
2025-09-09 10:02:25,994 - INFO - [2/10] | train_loss: 2.05041
2025-09-09 10:02:29,691 - INFO - [3/10] | train_loss: 1.62867
2025-09-09 10:02:33,372 - INFO - [4/10] | train_loss: 1.24132
2025-09-09 10:02:37,041 - INFO - [5/10] | train_loss: 0.96621
2025-09-09 10:02:40,706 - INFO - [6/10] | train_loss: 0.75425
2025-09-09 10:02:44,377 - INFO - [7/10] | train_loss: 0.66020
2025-09-09 10:02:48,112 - INFO - [8/10] | train_loss: 0.54733
2025-09-09 10:02:51,887 - INFO - [9/10] | train_loss: 0.47126
2025-09-09 10:02:53,024 - INFO - ----------
2025-09-09 10:02:53,024 - INFO - evaluation dataset type: test
2025-09-09 10:02:53,054 - INFO - node    precision | micro: 0.272340; macro: 0.283597; score: [0.46666667 0.15384615 0.175      0.30769231 0.22       0.37837838]
2025-09-09 10:02:53,054 - INFO - node    recall    | micro: 0.955224; macro: 0.939153; score: [1.         0.85714286 0.77777778 1.         1.         1.        ]
2025-09-09 10:02:53,054 - INFO - node    f1        | micro: 0.423841; macro: 0.427202; score: [0.63636364 0.26086957 0.28571429 0.47058824 0.36065574 0.54901961]
2025-09-09 10:02:53,090 - INFO - service precision | micro: 0.131363; macro: 0.144627; score: [0.2        0.21428571 0.05511811 0.16666667 0.1375     0.15730337
 0.15625    0.15       0.06451613]
2025-09-09 10:02:53,090 - INFO - service recall    | micro: 0.909091; macro: 0.909259; score: [1.         1.         0.7        0.83333333 0.91666667 0.93333333
 1.         1.         0.8       ]
2025-09-09 10:02:53,090 - INFO - service f1        | micro: 0.229555; macro: 0.247238; score: [0.33333333 0.35294118 0.10218978 0.27777778 0.23913043 0.26923077
 0.27027027 0.26086957 0.11940299]
2025-09-09 10:02:53,174 - INFO - pod     precision | micro: 0.100270; macro: 0.146898; score: [0.2748538  0.20087336 0.04856512 0.10602911 0.11529412 0.0525
 0.28651685 0.13061224 0.10683761]
2025-09-09 10:02:53,174 - INFO - pod     recall    | micro: 0.931507; macro: 0.938660; score: [1.         1.         0.89795918 0.82258065 0.875      0.92647059
 1.         1.         0.92592593]
2025-09-09 10:02:53,174 - INFO - pod     f1        | micro: 0.181052; macro: 0.246319; score: [0.43119266 0.33454545 0.0921466  0.1878453  0.2037422  0.09936909
 0.44541485 0.23104693 0.19157088]
2025-09-09 10:02:53,174 - INFO - ----------
----GATNet----
GAT_name1:  GATv2Conv
GAT_name2:  GATv2Conv
activ_fun1:  elu
activ_fun2:  elu
====================================================================================================
Layer (type:depth-idx)                                                      Param #
====================================================================================================
Sequential                                                                  --
├─RepresentationLearning: 1-1                                               --
│    └─ModuleDict: 2-1                                                      --
│    │    └─Linear: 3-1                                                     3,072
│    │    └─Linear: 3-2                                                     3,072
│    │    └─Linear: 3-3                                                     3,072
│    └─ModuleDict: 2-2                                                      --
│    │    └─PositionalEmbedding: 3-4                                        --
│    │    └─PositionalEmbedding: 3-5                                        --
│    │    └─PositionalEmbedding: 3-6                                        --
│    └─ModuleDict: 2-3                                                      --
│    │    └─TransformerEncoder: 3-7                                         2,630,144
│    │    └─TransformerEncoder: 3-8                                         2,630,144
│    │    └─TransformerEncoder: 3-9                                         2,630,144
├─FeatureIntegration: 1-2                                                   --
│    └─ModuleDict: 2-4                                                      --
│    │    └─TransformerEncoder: 3-10                                        2,630,144
│    │    └─TransformerEncoder: 3-11                                        2,630,144
│    │    └─TransformerEncoder: 3-12                                        2,630,144
│    └─ModuleDict: 2-5                                                      --
│    └─ModuleDict: 2-6                                                      --
│    │    └─Linear: 3-13                                                    1,573,120
│    │    └─Linear: 3-14                                                    524,544
│    │    └─Linear: 3-15                                                    2,228,480
├─FeatureFusion: 1-3                                                        --
│    └─GATNet: 2-7                                                          --
│    │    └─GATv2Conv: 3-16                                                 132,096
│    │    └─GATv2Conv: 3-17                                                 66,048
│    └─ModuleDict: 2-8                                                      --
│    │    └─Linear: 3-18                                                    774
│    │    └─Linear: 3-19                                                    1,161
│    │    └─Linear: 3-20                                                    1,161
├─FaultClassifier: 1-4                                                      --
│    └─ModuleDict: 2-9                                                      --
│    │    └─Linear: 3-21                                                    774
│    │    └─Linear: 3-22                                                    1,161
│    │    └─Linear: 3-23                                                    1,161
====================================================================================================
Total params: 20,320,560
Trainable params: 20,320,560
Non-trainable params: 0
====================================================================================================
*************************************
