reduction=16

2026-01-14 16:57:47,286 - INFO - ----------
2026-01-14 16:57:47,286 - INFO - evaluation dataset type: test
2026-01-14 16:57:47,354 - INFO - node    precision | micro: 0.677419; macro: 0.699901; score: [0.82352941 0.58333333 0.875      0.5        0.73333333 0.68421053]
2026-01-14 16:57:47,354 - INFO - node    recall    | micro: 0.940299; macro: 0.937169; score: [1.         1.         0.77777778 0.91666667 1.         0.92857143]
2026-01-14 16:57:47,354 - INFO - node    f1        | micro: 0.787500; macro: 0.790781; score: [0.90322581 0.73684211 0.82352941 0.64705882 0.84615385 0.78787879]
2026-01-14 16:57:47,381 - INFO - service precision | micro: 0.739130; macro: 0.792625; score: [0.9        0.81818182 0.77777778 0.40909091 0.71428571 0.8
 1.         1.         0.71428571]
2026-01-14 16:57:47,381 - INFO - service recall    | micro: 0.772727; macro: 0.822222; score: [1.         1.         0.7        0.75       0.41666667 0.53333333
 1.         1.         1.        ]
2026-01-14 16:57:47,381 - INFO - service f1        | micro: 0.755556; macro: 0.790363; score: [0.94736842 0.9        0.73684211 0.52941176 0.52631579 0.64
 1.         1.         0.83333333]
2026-01-14 16:57:47,454 - INFO - pod     precision | micro: 0.676471; macro: 0.739989; score: [0.87037037 0.81818182 0.55932203 0.40540541 0.6031746  0.59090909
 0.98076923 0.96969697 0.86206897]
2026-01-14 16:57:47,454 - INFO - pod     recall    | micro: 0.840183; macro: 0.860749; score: [1.         0.97826087 0.67346939 0.72580645 0.67857143 0.76470588
 1.         1.         0.92592593]
2026-01-14 16:57:47,455 - INFO - pod     f1        | micro: 0.749491; macro: 0.791801; score: [0.93069307 0.89108911 0.61111111 0.52023121 0.63865546 0.66666667
 0.99029126 0.98461538 0.89285714]
2026-01-14 16:57:47,455 - INFO - ----------

reduction=8

2026-01-14 17:15:01,579 - INFO - ----------
2026-01-14 17:15:01,579 - INFO - evaluation dataset type: test
2026-01-14 17:15:01,599 - INFO - node    precision | micro: 0.684783; macro: 0.719695; score: [0.82352941 0.58333333 1.         0.52380952 0.6875     0.7       ]
2026-01-14 17:15:01,600 - INFO - node    recall    | micro: 0.940299; macro: 0.930556; score: [1.         1.         0.66666667 0.91666667 1.         1.        ]
2026-01-14 17:15:01,600 - INFO - node    f1        | micro: 0.792453; macro: 0.790846; score: [0.90322581 0.73684211 0.8        0.66666667 0.81481481 0.82352941]
2026-01-14 17:15:01,626 - INFO - service precision | micro: 0.741573; macro: 0.801319; score: [1.         0.64285714 0.83333333 0.29411765 0.72727273 1.
 1.         1.         0.71428571]
2026-01-14 17:15:01,626 - INFO - service recall    | micro: 0.750000; macro: 0.798148; score: [1.         1.         0.5        0.41666667 0.66666667 0.6
 1.         1.         1.        ]
2026-01-14 17:15:01,627 - INFO - service f1        | micro: 0.745763; macro: 0.781269; score: [1.         0.7826087  0.625      0.34482759 0.69565217 0.75
 1.         1.         0.83333333]
2026-01-14 17:15:01,700 - INFO - pod     precision | micro: 0.650350; macro: 0.710559; score: [0.94       0.625      0.49253731 0.41666667 0.57534247 0.60714286
 0.98076923 0.96969697 0.78787879]
2026-01-14 17:15:01,700 - INFO - pod     recall    | micro: 0.849315; macro: 0.871167; score: [1.         0.97826087 0.67346939 0.72580645 0.75       0.75
 1.         1.         0.96296296]
2026-01-14 17:15:01,700 - INFO - pod     f1        | micro: 0.736634; macro: 0.777106; score: [0.96907216 0.76271186 0.56896552 0.52941176 0.65116279 0.67105263
 0.99029126 0.98461538 0.86666667]
2026-01-14 17:15:01,700 - INFO - ----------

reduction=32

2026-01-14 18:30:12,092 - INFO - ----------
2026-01-14 18:30:12,092 - INFO - evaluation dataset type: test
2026-01-14 18:30:12,163 - INFO - node    precision | micro: 0.720930; macro: 0.748148; score: [0.77777778 0.7        1.         0.55555556 0.73333333 0.72222222]
2026-01-14 18:30:12,163 - INFO - node    recall    | micro: 0.925373; macro: 0.923280; score: [1.         1.         0.77777778 0.83333333 1.         0.92857143]
2026-01-14 18:30:12,163 - INFO - node    f1        | micro: 0.810458; macro: 0.816475; score: [0.875      0.82352941 0.875      0.66666667 0.84615385 0.8125    ]
2026-01-14 18:30:12,190 - INFO - service precision | micro: 0.776471; macro: 0.811929; score: [1.         0.81818182 0.57142857 0.5        0.85714286 0.72727273
 1.         1.         0.83333333]
2026-01-14 18:30:12,190 - INFO - service recall    | micro: 0.750000; macro: 0.796296; score: [1.         1.         0.8        0.5        0.5        0.53333333
 1.         0.83333333 1.        ]
2026-01-14 18:30:12,190 - INFO - service f1        | micro: 0.763006; macro: 0.792424; score: [1.         0.9        0.66666667 0.5        0.63157895 0.61538462
 1.         0.90909091 0.90909091]
2026-01-14 18:30:12,263 - INFO - pod     precision | micro: 0.706458; macro: 0.753355; score: [0.87037037 0.80357143 0.40229885 0.47297297 0.75510204 0.72368421
 0.98076923 0.91428571 0.85714286]
2026-01-14 18:30:12,263 - INFO - pod     recall    | micro: 0.824201; macro: 0.846165; score: [1.         0.97826087 0.71428571 0.56451613 0.66071429 0.80882353
 1.         1.         0.88888889]
2026-01-14 18:30:12,264 - INFO - pod     f1        | micro: 0.760801; macro: 0.792150; score: [0.93069307 0.88235294 0.51470588 0.51470588 0.7047619  0.76388889
 0.99029126 0.95522388 0.87272727]
2026-01-14 18:30:12,264 - INFO - ----------

reduction=64

2026-01-14 18:50:49,287 - INFO - ----------
2026-01-14 18:50:49,288 - INFO - evaluation dataset type: test
2026-01-14 18:50:49,364 - INFO - node    precision | micro: 0.605769; macro: 0.652683; score: [0.73684211 0.4375     1.         0.45833333 0.64705882 0.63636364]
2026-01-14 18:50:49,364 - INFO - node    recall    | micro: 0.940299; macro: 0.930556; score: [1.         1.         0.66666667 0.91666667 1.         1.        ]
2026-01-14 18:50:49,365 - INFO - node    f1        | micro: 0.736842; macro: 0.738631; score: [0.84848485 0.60869565 0.8        0.61111111 0.78571429 0.77777778]
2026-01-14 18:50:49,391 - INFO - service precision | micro: 0.640777; macro: 0.697678; score: [0.9        0.5625     0.53846154 0.33333333 0.75       0.57142857
 0.90909091 1.         0.71428571]
2026-01-14 18:50:49,391 - INFO - service recall    | micro: 0.750000; macro: 0.803704; score: [1.         1.         0.7        0.5        0.5        0.53333333
 1.         1.         1.        ]
2026-01-14 18:50:49,391 - INFO - service f1        | micro: 0.691099; macro: 0.734834; score: [0.94736842 0.72       0.60869565 0.4        0.6        0.55172414
 0.95238095 1.         0.83333333]
2026-01-14 18:50:49,465 - INFO - pod     precision | micro: 0.576138; macro: 0.661372; score: [0.85454545 0.65714286 0.33636364 0.31313131 0.63235294 0.49122807
 0.86440678 0.91428571 0.88888889]
2026-01-14 18:50:49,465 - INFO - pod     recall    | micro: 0.837900; macro: 0.859486; score: [1.         1.         0.75510204 0.5        0.76785714 0.82352941
 1.         1.         0.88888889]
2026-01-14 18:50:49,465 - INFO - pod     f1        | micro: 0.682791; macro: 0.738388; score: [0.92156863 0.79310345 0.46540881 0.38509317 0.69354839 0.61538462
 0.92727273 0.95522388 0.88888889]
2026-01-14 18:50:49,465 - INFO - ----------

reduction=4

2026-01-14 19:09:21,090 - INFO - ----------
2026-01-14 19:09:21,090 - INFO - evaluation dataset type: test
2026-01-14 19:09:21,159 - INFO - node    precision | micro: 0.688889; macro: 0.718981; score: [0.77777778 0.77777778 0.875      0.5        0.73333333 0.65      ]
2026-01-14 19:09:21,159 - INFO - node    recall    | micro: 0.925373; macro: 0.923280; score: [1.         1.         0.77777778 0.83333333 1.         0.92857143]
2026-01-14 19:09:21,159 - INFO - node    f1        | micro: 0.789809; macro: 0.801565; score: [0.875      0.875      0.82352941 0.625      0.84615385 0.76470588]
2026-01-14 19:09:21,186 - INFO - service precision | micro: 0.739130; macro: 0.770991; score: [0.9        0.69230769 0.45454545 0.5        0.77777778 0.9
 1.         1.         0.71428571]
2026-01-14 19:09:21,186 - INFO - service recall    | micro: 0.772727; macro: 0.816667; score: [1.         1.         0.5        0.66666667 0.58333333 0.6
 1.         1.         1.        ]
2026-01-14 19:09:21,186 - INFO - service f1        | micro: 0.755556; macro: 0.781463; score: [0.94736842 0.81818182 0.47619048 0.57142857 0.66666667 0.72
 1.         1.         0.83333333]
2026-01-14 19:09:21,260 - INFO - pod     precision | micro: 0.650877; macro: 0.728766; score: [0.88679245 0.81818182 0.46376812 0.359375   0.69491525 0.58426966
 0.94444444 0.91428571 0.89285714]
2026-01-14 19:09:21,260 - INFO - pod     recall    | micro: 0.847032; macro: 0.866226; score: [1.         0.97826087 0.65306122 0.74193548 0.73214286 0.76470588
 1.         1.         0.92592593]
2026-01-14 19:09:21,260 - INFO - pod     f1        | micro: 0.736111; macro: 0.785431; score: [0.94       0.89108911 0.54237288 0.48421053 0.71304348 0.66242038
 0.97142857 0.95522388 0.90909091]
2026-01-14 19:09:21,260 - INFO - ----------