nohup: ignoring input
IncluRCA a_rca_trainer old fusion
feature_integration_TAAttention
2025-12-22 10:28:58,341 - INFO - [0/300] | train_loss: 3.92042
2025-12-22 10:28:59,625 - INFO - ----------
2025-12-22 10:28:59,625 - INFO - evaluation dataset type: valid
2025-12-22 10:28:59,642 - INFO - node    precision | micro: 0.030100; macro: 0.047543; score: [0.1        0.06666667 0.         0.         0.04166667 0.07692308]
2025-12-22 10:28:59,642 - INFO - node    recall    | micro: 0.562500; macro: 0.488889; score: [0.6        0.33333333 0.         0.         1.         1.        ]
2025-12-22 10:28:59,643 - INFO - node    f1        | micro: 0.057143; macro: 0.084233; score: [0.17142857 0.11111111 0.         0.         0.08       0.14285714]
2025-12-22 10:28:59,661 - INFO - service precision | micro: 0.007571; macro: 0.010478; score: [0.         0.00677966 0.         0.0375     0.03773585 0.
 0.00473934 0.         0.00754717]
2025-12-22 10:28:59,661 - INFO - service recall    | micro: 0.500000; macro: 0.444444; score: [0.  1.  0.  0.6 0.4 0.  1.  0.  1. ]
2025-12-22 10:28:59,661 - INFO - service f1        | micro: 0.014916; macro: 0.019715; score: [0.         0.01346801 0.         0.07058824 0.06896552 0.
 0.00943396 0.         0.01498127]
2025-12-22 10:28:59,692 - INFO - pod     precision | micro: 0.012254; macro: 0.082695; score: [0.01204819 0.01160338 0.00989068 0.140625   0.375      0.
 0.16666667 0.02173913 0.00668258]
2025-12-22 10:28:59,692 - INFO - pod     recall    | micro: 0.637931; macro: 0.693983; score: [1.         1.         0.95       0.42857143 0.13043478 0.
 1.         1.         0.73684211]
2025-12-22 10:28:59,692 - INFO - pod     f1        | micro: 0.024045; macro: 0.090350; score: [0.02380952 0.02294056 0.01957754 0.21176471 0.19354839 0.
 0.28571429 0.04255319 0.01324503]
2025-12-22 10:28:59,692 - INFO - ----------
2025-12-22 10:29:21,759 - INFO - [1/300] | train_loss: 2.74226
2025-12-22 10:29:43,337 - INFO - [2/300] | train_loss: 1.74465
2025-12-22 10:30:04,950 - INFO - [3/300] | train_loss: 1.25612
2025-12-22 10:30:26,650 - INFO - [4/300] | train_loss: 0.94279
2025-12-22 10:30:56,044 - INFO - [5/300] | train_loss: 0.77547
2025-12-22 10:31:23,459 - INFO - [6/300] | train_loss: 0.62023
2025-12-22 10:31:45,476 - INFO - [7/300] | train_loss: 0.51602
2025-12-22 10:32:07,182 - INFO - [8/300] | train_loss: 0.44016
2025-12-22 10:32:28,682 - INFO - [9/300] | train_loss: 0.38097
2025-12-22 10:32:50,172 - INFO - [10/300] | train_loss: 0.33491
2025-12-22 10:32:51,472 - INFO - ----------
2025-12-22 10:32:51,472 - INFO - evaluation dataset type: valid
2025-12-22 10:32:51,488 - INFO - node    precision | micro: 0.210526; macro: 0.262037; score: [0.33333333 0.1        0.66666667 0.         0.22222222 0.25      ]
2025-12-22 10:32:51,488 - INFO - node    recall    | micro: 0.750000; macro: 0.633333; score: [0.8        0.33333333 0.66666667 0.         1.         1.        ]
2025-12-22 10:32:51,488 - INFO - node    f1        | micro: 0.328767; macro: 0.342456; score: [0.47058824 0.15384615 0.66666667 0.         0.36363636 0.4       ]
2025-12-22 10:32:51,504 - INFO - service precision | micro: 0.222222; macro: 0.197346; score: [0.4        0.16666667 0.10526316 0.26315789 0.33333333 0.
 0.2        0.         0.30769231]
2025-12-22 10:32:51,504 - INFO - service recall    | micro: 0.833333; macro: 0.700000; score: [1.  1.  0.5 1.  0.8 0.  1.  0.  1. ]
2025-12-22 10:32:51,504 - INFO - service f1        | micro: 0.350877; macro: 0.302470; score: [0.57142857 0.28571429 0.17391304 0.41666667 0.47058824 0.
 0.33333333 0.         0.47058824]
2025-12-22 10:32:51,531 - INFO - pod     precision | micro: 0.205078; macro: 0.190539; score: [0.20833333 0.22916667 0.1557377  0.19587629 0.24050633 0.
 0.21212121 0.03125    0.44186047]
2025-12-22 10:32:51,532 - INFO - pod     recall    | micro: 0.905172; macro: 0.853428; score: [1.         1.         0.95       0.9047619  0.82608696 0.
 1.         1.         1.        ]
2025-12-22 10:32:51,532 - INFO - pod     f1        | micro: 0.334395; macro: 0.300379; score: [0.34482759 0.37288136 0.26760563 0.3220339  0.37254902 0.
 0.35       0.06060606 0.61290323]
2025-12-22 10:32:51,532 - INFO - ----------
2025-12-22 10:33:25,416 - INFO - [11/300] | train_loss: 0.32734
2025-12-22 10:33:56,383 - INFO - [12/300] | train_loss: 0.28006
2025-12-22 10:34:17,529 - INFO - [13/300] | train_loss: 0.24415
2025-12-22 10:34:38,765 - INFO - [14/300] | train_loss: 0.24960
2025-12-22 10:35:00,047 - INFO - [15/300] | train_loss: 0.21731
2025-12-22 10:35:21,241 - INFO - [16/300] | train_loss: 0.19636
2025-12-22 10:35:42,323 - INFO - [17/300] | train_loss: 0.18070
2025-12-22 10:36:03,317 - INFO - [18/300] | train_loss: 0.17501
2025-12-22 10:36:24,445 - INFO - [19/300] | train_loss: 0.15811
2025-12-22 10:36:45,481 - INFO - [20/300] | train_loss: 0.13836
2025-12-22 10:36:46,740 - INFO - ----------
2025-12-22 10:36:46,740 - INFO - evaluation dataset type: valid
2025-12-22 10:36:46,756 - INFO - node    precision | micro: 0.234043; macro: 0.253869; score: [0.3        0.0625     0.5        0.         0.28571429 0.375     ]
2025-12-22 10:36:46,756 - INFO - node    recall    | micro: 0.687500; macro: 0.600000; score: [0.6        0.33333333 0.66666667 0.         1.         1.        ]
2025-12-22 10:36:46,757 - INFO - node    f1        | micro: 0.349206; macro: 0.344432; score: [0.4        0.10526316 0.57142857 0.         0.44444444 0.54545455]
2025-12-22 10:36:46,773 - INFO - service precision | micro: 0.315789; macro: 0.315344; score: [0.4        0.25       0.16666667 0.2        1.         0.
 0.25       0.         0.57142857]
2025-12-22 10:36:46,773 - INFO - service recall    | micro: 0.500000; macro: 0.516667; score: [1.   1.   0.25 0.2  0.2  0.   1.   0.   1.  ]
2025-12-22 10:36:46,773 - INFO - service f1        | micro: 0.387097; macro: 0.314671; score: [0.57142857 0.4        0.2        0.2        0.33333333 0.
 0.4        0.         0.72727273]
2025-12-22 10:36:46,800 - INFO - pod     precision | micro: 0.300366; macro: 0.285460; score: [0.34482759 0.33333333 0.2        0.18518519 0.45714286 0.
 0.35       0.04347826 0.65517241]
2025-12-22 10:36:46,801 - INFO - pod     recall    | micro: 0.706897; macro: 0.730205; score: [1.         1.         0.4        0.47619048 0.69565217 0.
 1.         1.         1.        ]
2025-12-22 10:36:46,801 - INFO - pod     f1        | micro: 0.421594; macro: 0.387933; score: [0.51282051 0.5        0.26666667 0.26666667 0.55172414 0.
 0.51851852 0.08333333 0.79166667]
2025-12-22 10:36:46,801 - INFO - ----------
2025-12-22 10:37:07,824 - INFO - [21/300] | train_loss: 0.14477
2025-12-22 10:37:28,903 - INFO - [22/300] | train_loss: 0.13026
2025-12-22 10:37:49,872 - INFO - [23/300] | train_loss: 0.11493
2025-12-22 10:38:11,034 - INFO - [24/300] | train_loss: 0.10475
2025-12-22 10:38:32,144 - INFO - [25/300] | train_loss: 0.10440
2025-12-22 10:38:53,170 - INFO - [26/300] | train_loss: 0.10558
2025-12-22 10:39:14,228 - INFO - [27/300] | train_loss: 0.09996
2025-12-22 10:39:35,440 - INFO - [28/300] | train_loss: 0.09263
2025-12-22 10:39:56,522 - INFO - [29/300] | train_loss: 0.08960
2025-12-22 10:40:17,642 - INFO - [30/300] | train_loss: 0.08778
2025-12-22 10:40:18,902 - INFO - ----------
2025-12-22 10:40:18,903 - INFO - evaluation dataset type: valid
2025-12-22 10:40:18,919 - INFO - node    precision | micro: 0.366667; macro: 0.330556; score: [0.33333333 0.25       0.4        0.         0.5        0.5       ]
2025-12-22 10:40:18,919 - INFO - node    recall    | micro: 0.687500; macro: 0.600000; score: [0.6        0.33333333 0.66666667 0.         1.         1.        ]
2025-12-22 10:40:18,919 - INFO - node    f1        | micro: 0.478261; macro: 0.424603; score: [0.42857143 0.28571429 0.5        0.         0.66666667 0.66666667]
2025-12-22 10:40:18,935 - INFO - service precision | micro: 0.392857; macro: 0.287037; score: [0.66666667 0.33333333 0.2        0.25       0.         0.
 0.33333333 0.         0.8       ]
2025-12-22 10:40:18,935 - INFO - service recall    | micro: 0.458333; macro: 0.494444; score: [1.   1.   0.25 0.2  0.   0.   1.   0.   1.  ]
2025-12-22 10:40:18,935 - INFO - service f1        | micro: 0.423077; macro: 0.348148; score: [0.8        0.5        0.22222222 0.22222222 0.         0.
 0.5        0.         0.88888889]
2025-12-22 10:40:18,962 - INFO - pod     precision | micro: 0.383178; macro: 0.430820; score: [0.52631579 0.39285714 0.24074074 0.19512195 0.92307692 0.33333333
 0.36842105 0.07142857 0.82608696]
2025-12-22 10:40:18,962 - INFO - pod     recall    | micro: 0.706897; macro: 0.755855; score: [1.         1.         0.65       0.38095238 0.52173913 0.25
 1.         1.         1.        ]
2025-12-22 10:40:18,962 - INFO - pod     f1        | micro: 0.496970; macro: 0.488012; score: [0.68965517 0.56410256 0.35135135 0.25806452 0.66666667 0.28571429
 0.53846154 0.13333333 0.9047619 ]
2025-12-22 10:40:18,962 - INFO - ----------
2025-12-22 10:40:39,947 - INFO - [31/300] | train_loss: 0.07198
2025-12-22 10:41:01,091 - INFO - [32/300] | train_loss: 0.08285
2025-12-22 10:41:22,248 - INFO - [33/300] | train_loss: 0.07225
2025-12-22 10:41:43,347 - INFO - [34/300] | train_loss: 0.06534
2025-12-22 10:42:04,534 - INFO - [35/300] | train_loss: 0.06733
2025-12-22 10:42:25,629 - INFO - [36/300] | train_loss: 0.06678
2025-12-22 10:42:46,766 - INFO - [37/300] | train_loss: 0.06403
2025-12-22 10:43:07,825 - INFO - [38/300] | train_loss: 0.05880
2025-12-22 10:43:28,945 - INFO - [39/300] | train_loss: 0.05002
2025-12-22 10:43:49,970 - INFO - [40/300] | train_loss: 0.05098
2025-12-22 10:43:51,207 - INFO - ----------
2025-12-22 10:43:51,207 - INFO - evaluation dataset type: valid
2025-12-22 10:43:51,224 - INFO - node    precision | micro: 0.526316; macro: 0.500000; score: [0.75 0.25 1.   0.   0.5  0.5 ]
2025-12-22 10:43:51,224 - INFO - node    recall    | micro: 0.625000; macro: 0.544444; score: [0.6        0.33333333 0.66666667 0.         1.         0.66666667]
2025-12-22 10:43:51,224 - INFO - node    f1        | micro: 0.571429; macro: 0.498413; score: [0.66666667 0.28571429 0.8        0.         0.66666667 0.57142857]
2025-12-22 10:43:51,241 - INFO - service precision | micro: 0.448276; macro: 0.383333; score: [0.4        0.33333333 0.33333333 0.25       1.         0.
 0.33333333 0.         0.8       ]
2025-12-22 10:43:51,241 - INFO - service recall    | micro: 0.541667; macro: 0.538889; score: [1.   1.   0.25 0.2  0.4  0.   1.   0.   1.  ]
2025-12-22 10:43:51,241 - INFO - service f1        | micro: 0.490566; macro: 0.393298; score: [0.57142857 0.5        0.28571429 0.22222222 0.57142857 0.
 0.5        0.         0.88888889]
2025-12-22 10:43:51,269 - INFO - pod     precision | micro: 0.446328; macro: 0.435958; score: [0.58823529 0.40740741 0.26190476 0.22857143 0.75       0.
 0.4375     0.25       1.        ]
2025-12-22 10:43:51,269 - INFO - pod     recall    | micro: 0.681034; macro: 0.716966; score: [1.         1.         0.55       0.38095238 0.52173913 0.
 1.         1.         1.        ]
2025-12-22 10:43:51,269 - INFO - pod     f1        | micro: 0.539249; macro: 0.509369; score: [0.74074074 0.57894737 0.35483871 0.28571429 0.61538462 0.
 0.60869565 0.4        1.        ]
2025-12-22 10:43:51,269 - INFO - ----------
2025-12-22 10:44:24,515 - INFO - [41/300] | train_loss: 0.04666
2025-12-22 10:44:55,781 - INFO - [42/300] | train_loss: 0.04496
2025-12-22 10:45:17,803 - INFO - [43/300] | train_loss: 0.05235
2025-12-22 10:45:39,808 - INFO - [44/300] | train_loss: 0.04662
2025-12-22 10:46:02,104 - INFO - [45/300] | train_loss: 0.04810
2025-12-22 10:46:23,564 - INFO - [46/300] | train_loss: 0.04436
2025-12-22 10:46:45,026 - INFO - [47/300] | train_loss: 0.04731
2025-12-22 10:47:06,444 - INFO - [48/300] | train_loss: 0.04329
2025-12-22 10:47:27,941 - INFO - [49/300] | train_loss: 0.03798
2025-12-22 10:47:48,890 - INFO - [50/300] | train_loss: 0.04214
2025-12-22 10:47:50,117 - INFO - ----------
2025-12-22 10:47:50,118 - INFO - evaluation dataset type: valid
2025-12-22 10:47:50,133 - INFO - node    precision | micro: 0.434783; macro: 0.397619; score: [0.6        0.33333333 0.66666667 0.         0.5        0.28571429]
2025-12-22 10:47:50,134 - INFO - node    recall    | micro: 0.625000; macro: 0.544444; score: [0.6        0.33333333 0.66666667 0.         1.         0.66666667]
2025-12-22 10:47:50,134 - INFO - node    f1        | micro: 0.512821; macro: 0.444444; score: [0.6        0.33333333 0.66666667 0.         0.66666667 0.4       ]
2025-12-22 10:47:50,150 - INFO - service precision | micro: 0.388889; macro: 0.367901; score: [0.66666667 0.33333333 0.11111111 0.4        0.66666667 0.
 0.33333333 0.         0.8       ]
2025-12-22 10:47:50,150 - INFO - service recall    | micro: 0.583333; macro: 0.561111; score: [1.   1.   0.25 0.4  0.4  0.   1.   0.   1.  ]
2025-12-22 10:47:50,150 - INFO - service f1        | micro: 0.466667; macro: 0.415859; score: [0.8        0.5        0.15384615 0.4        0.5        0.
 0.5        0.         0.88888889]
2025-12-22 10:47:50,176 - INFO - pod     precision | micro: 0.404762; macro: 0.454073; score: [0.76923077 0.44       0.18518519 0.25       0.51724138 0.125
 0.46666667 0.33333333 1.        ]
2025-12-22 10:47:50,176 - INFO - pod     recall    | micro: 0.732759; macro: 0.769554; score: [1.         1.         0.5        0.52380952 0.65217391 0.25
 1.         1.         1.        ]
2025-12-22 10:47:50,177 - INFO - pod     f1        | micro: 0.521472; macro: 0.552151; score: [0.86956522 0.61111111 0.27027027 0.33846154 0.57692308 0.16666667
 0.63636364 0.5        1.        ]
2025-12-22 10:47:50,177 - INFO - ----------
2025-12-22 10:48:10,911 - INFO - [51/300] | train_loss: 0.07162
2025-12-22 10:48:31,778 - INFO - [52/300] | train_loss: 0.05961
2025-12-22 10:48:52,559 - INFO - [53/300] | train_loss: 0.05609
2025-12-22 10:49:13,511 - INFO - [54/300] | train_loss: 0.05131
2025-12-22 10:49:34,326 - INFO - [55/300] | train_loss: 0.05425
2025-12-22 10:49:55,259 - INFO - [56/300] | train_loss: 0.04784
2025-12-22 10:50:16,233 - INFO - [57/300] | train_loss: 0.04963
2025-12-22 10:50:37,150 - INFO - [58/300] | train_loss: 0.05036
2025-12-22 10:50:58,146 - INFO - [59/300] | train_loss: 0.04351
2025-12-22 10:51:19,155 - INFO - [60/300] | train_loss: 0.04421
2025-12-22 10:51:20,393 - INFO - ----------
2025-12-22 10:51:20,394 - INFO - evaluation dataset type: valid
2025-12-22 10:51:20,409 - INFO - node    precision | micro: 0.526316; macro: 0.647619; score: [0.6        1.         1.         0.         1.         0.28571429]
2025-12-22 10:51:20,410 - INFO - node    recall    | micro: 0.625000; macro: 0.544444; score: [0.6        0.33333333 0.66666667 0.         1.         0.66666667]
2025-12-22 10:51:20,410 - INFO - node    f1        | micro: 0.571429; macro: 0.550000; score: [0.6 0.5 0.8 0.  1.  0.4]
2025-12-22 10:51:20,426 - INFO - service precision | micro: 0.500000; macro: 0.491005; score: [0.5        0.33333333 0.5        0.28571429 1.         0.
 1.         0.         0.8       ]
2025-12-22 10:51:20,426 - INFO - service recall    | micro: 0.625000; macro: 0.583333; score: [1.   1.   0.25 0.4  0.6  0.   1.   0.   1.  ]
2025-12-22 10:51:20,426 - INFO - service f1        | micro: 0.555556; macro: 0.496914; score: [0.66666667 0.5        0.33333333 0.33333333 0.75       0.
 1.         0.         0.88888889]
2025-12-22 10:51:20,453 - INFO - pod     precision | micro: 0.449495; macro: 0.467938; score: [0.55555556 0.42307692 0.37837838 0.21276596 0.56666667 0.
 0.875      0.25       0.95      ]
2025-12-22 10:51:20,453 - INFO - pod     recall    | micro: 0.767241; macro: 0.768369; score: [1.         1.         0.7        0.47619048 0.73913043 0.
 1.         1.         1.        ]
2025-12-22 10:51:20,453 - INFO - pod     f1        | micro: 0.566879; macro: 0.560381; score: [0.71428571 0.59459459 0.49122807 0.29411765 0.64150943 0.
 0.93333333 0.4        0.97435897]
2025-12-22 10:51:20,453 - INFO - ----------
2025-12-22 10:51:41,291 - INFO - [61/300] | train_loss: 0.03917
2025-12-22 10:52:02,136 - INFO - [62/300] | train_loss: 0.03585
2025-12-22 10:52:23,088 - INFO - [63/300] | train_loss: 0.03293
2025-12-22 10:52:43,920 - INFO - [64/300] | train_loss: 0.03459
2025-12-22 10:53:04,920 - INFO - [65/300] | train_loss: 0.02956
2025-12-22 10:53:25,777 - INFO - [66/300] | train_loss: 0.03001
2025-12-22 10:53:46,582 - INFO - [67/300] | train_loss: 0.03459
2025-12-22 10:54:07,435 - INFO - [68/300] | train_loss: 0.02854
2025-12-22 10:54:28,454 - INFO - [69/300] | train_loss: 0.03822
2025-12-22 10:54:49,331 - INFO - [70/300] | train_loss: 0.03031
2025-12-22 10:54:50,581 - INFO - ----------
2025-12-22 10:54:50,582 - INFO - evaluation dataset type: valid
2025-12-22 10:54:50,598 - INFO - node    precision | micro: 0.454545; macro: 0.458333; score: [0.5  0.25 1.   0.   0.5  0.5 ]
2025-12-22 10:54:50,598 - INFO - node    recall    | micro: 0.625000; macro: 0.544444; score: [0.6        0.33333333 0.66666667 0.         1.         0.66666667]
2025-12-22 10:54:50,598 - INFO - node    f1        | micro: 0.526316; macro: 0.478211; score: [0.54545455 0.28571429 0.8        0.         0.66666667 0.57142857]
2025-12-22 10:54:50,614 - INFO - service precision | micro: 0.523810; macro: 0.553704; score: [1.         0.33333333 0.25       0.4        1.         0.
 1.         0.         1.        ]
2025-12-22 10:54:50,614 - INFO - service recall    | micro: 0.458333; macro: 0.483333; score: [1.   1.   0.25 0.4  0.2  0.   1.   0.   0.5 ]
2025-12-22 10:54:50,614 - INFO - service f1        | micro: 0.488889; macro: 0.461111; score: [1.         0.5        0.25       0.4        0.33333333 0.
 1.         0.         0.66666667]
2025-12-22 10:54:50,641 - INFO - pod     precision | micro: 0.563380; macro: 0.619420; score: [1.         0.57894737 0.3125     0.25       0.93333333 0.
 1.         0.5        1.        ]
2025-12-22 10:54:50,641 - INFO - pod     recall    | micro: 0.689655; macro: 0.720515; score: [1.         1.         0.5        0.42857143 0.60869565 0.
 1.         1.         0.94736842]
2025-12-22 10:54:50,641 - INFO - pod     f1        | micro: 0.620155; macro: 0.645580; score: [1.         0.73333333 0.38461538 0.31578947 0.73684211 0.
 1.         0.66666667 0.97297297]
2025-12-22 10:54:50,641 - INFO - ----------
2025-12-22 10:55:11,378 - INFO - [71/300] | train_loss: 0.03825
2025-12-22 10:55:32,236 - INFO - [72/300] | train_loss: 0.03607
2025-12-22 10:55:53,146 - INFO - [73/300] | train_loss: 0.03501
2025-12-22 10:56:14,010 - INFO - [74/300] | train_loss: 0.03532
2025-12-22 10:56:34,852 - INFO - [75/300] | train_loss: 0.02987
2025-12-22 10:56:55,733 - INFO - [76/300] | train_loss: 0.02781
2025-12-22 10:57:16,601 - INFO - [77/300] | train_loss: 0.03277
2025-12-22 10:57:37,469 - INFO - [78/300] | train_loss: 0.03482
2025-12-22 10:57:58,403 - INFO - [79/300] | train_loss: 0.02678
2025-12-22 10:58:19,287 - INFO - [80/300] | train_loss: 0.02283
2025-12-22 10:58:20,537 - INFO - ----------
2025-12-22 10:58:20,537 - INFO - evaluation dataset type: valid
2025-12-22 10:58:20,554 - INFO - node    precision | micro: 0.357143; macro: 0.382937; score: [0.42857143 0.25       0.66666667 0.         0.66666667 0.28571429]
2025-12-22 10:58:20,554 - INFO - node    recall    | micro: 0.625000; macro: 0.544444; score: [0.6        0.33333333 0.66666667 0.         1.         0.66666667]
2025-12-22 10:58:20,554 - INFO - node    f1        | micro: 0.454545; macro: 0.442063; score: [0.5        0.28571429 0.66666667 0.         0.8        0.4       ]
2025-12-22 10:58:20,570 - INFO - service precision | micro: 0.750000; macro: 0.629630; score: [1.         0.66666667 1.         0.         1.         0.
 1.         0.         1.        ]
2025-12-22 10:58:20,570 - INFO - service recall    | micro: 0.500000; macro: 0.511111; score: [1.   1.   0.25 0.   0.6  0.   1.   0.   0.75]
2025-12-22 10:58:20,570 - INFO - service f1        | micro: 0.600000; macro: 0.534127; score: [1.         0.8        0.4        0.         0.75       0.
 1.         0.         0.85714286]
2025-12-22 10:58:20,597 - INFO - pod     precision | micro: 0.619048; macro: 0.613466; score: [1.         0.55       0.5625     0.3        0.60869565 0.
 1.         0.5        1.        ]
2025-12-22 10:58:20,597 - INFO - pod     recall    | micro: 0.672414; macro: 0.709112; score: [1.         1.         0.45       0.42857143 0.60869565 0.
 1.         1.         0.89473684]
2025-12-22 10:58:20,597 - INFO - pod     f1        | micro: 0.644628; macro: 0.642492; score: [1.         0.70967742 0.5        0.35294118 0.60869565 0.
 1.         0.66666667 0.94444444]
2025-12-22 10:58:20,597 - INFO - ----------
2025-12-22 10:58:41,424 - INFO - [81/300] | train_loss: 0.02244
2025-12-22 10:59:02,287 - INFO - [82/300] | train_loss: 0.02160
2025-12-22 10:59:23,061 - INFO - [83/300] | train_loss: 0.02156
2025-12-22 10:59:43,866 - INFO - [84/300] | train_loss: 0.02163
2025-12-22 11:00:04,632 - INFO - [85/300] | train_loss: 0.01898
2025-12-22 11:00:25,504 - INFO - [86/300] | train_loss: 0.01791
2025-12-22 11:00:46,445 - INFO - [87/300] | train_loss: 0.02043
2025-12-22 11:01:07,391 - INFO - [88/300] | train_loss: 0.01618
2025-12-22 11:01:28,404 - INFO - [89/300] | train_loss: 0.01705
2025-12-22 11:01:49,219 - INFO - [90/300] | train_loss: 0.01810
2025-12-22 11:01:50,448 - INFO - ----------
2025-12-22 11:01:50,448 - INFO - evaluation dataset type: valid
2025-12-22 11:01:50,464 - INFO - node    precision | micro: 0.400000; macro: 0.441667; score: [0.5  0.25 1.   0.   0.5  0.4 ]
2025-12-22 11:01:50,464 - INFO - node    recall    | micro: 0.625000; macro: 0.544444; score: [0.6        0.33333333 0.66666667 0.         1.         0.66666667]
2025-12-22 11:01:50,464 - INFO - node    f1        | micro: 0.487805; macro: 0.466306; score: [0.54545455 0.28571429 0.8        0.         0.66666667 0.5       ]
2025-12-22 11:01:50,480 - INFO - service precision | micro: 0.733333; macro: 0.546296; score: [1.         0.66666667 0.         0.25       1.         0.
 1.         0.         1.        ]
2025-12-22 11:01:50,480 - INFO - service recall    | micro: 0.458333; macro: 0.483333; score: [1.   1.   0.   0.2  0.4  0.   1.   0.   0.75]
2025-12-22 11:01:50,480 - INFO - service f1        | micro: 0.564103; macro: 0.494533; score: [1.         0.8        0.         0.22222222 0.57142857 0.
 1.         0.         0.85714286]
2025-12-22 11:01:50,506 - INFO - pod     precision | micro: 0.641026; macro: 0.686989; score: [1.         0.55       0.42857143 0.28125    0.92307692 0.
 1.         1.         1.        ]
2025-12-22 11:01:50,507 - INFO - pod     recall    | micro: 0.646552; macro: 0.694479; score: [1.         1.         0.3        0.42857143 0.52173913 0.
 1.         1.         1.        ]
2025-12-22 11:01:50,507 - INFO - pod     f1        | micro: 0.643777; macro: 0.674323; score: [1.         0.70967742 0.35294118 0.33962264 0.66666667 0.
 1.         1.         1.        ]
2025-12-22 11:01:50,507 - INFO - ----------
2025-12-22 11:02:11,203 - INFO - [91/300] | train_loss: 0.01502
2025-12-22 11:02:32,022 - INFO - [92/300] | train_loss: 0.01716
2025-12-22 11:02:52,863 - INFO - [93/300] | train_loss: 0.01510
2025-12-22 11:03:13,783 - INFO - [94/300] | train_loss: 0.01669
2025-12-22 11:03:34,673 - INFO - [95/300] | train_loss: 0.01478
2025-12-22 11:03:55,589 - INFO - [96/300] | train_loss: 0.01529
2025-12-22 11:04:16,489 - INFO - [97/300] | train_loss: 0.01631
2025-12-22 11:04:37,458 - INFO - [98/300] | train_loss: 0.01544
2025-12-22 11:04:58,369 - INFO - [99/300] | train_loss: 0.01621
2025-12-22 11:05:19,273 - INFO - [100/300] | train_loss: 0.01579
2025-12-22 11:05:20,501 - INFO - ----------
2025-12-22 11:05:20,501 - INFO - evaluation dataset type: valid
2025-12-22 11:05:20,517 - INFO - node    precision | micro: 0.476190; macro: 0.566667; score: [0.5 1.  1.  0.  0.5 0.4]
2025-12-22 11:05:20,517 - INFO - node    recall    | micro: 0.625000; macro: 0.544444; score: [0.6        0.33333333 0.66666667 0.         1.         0.66666667]
2025-12-22 11:05:20,517 - INFO - node    f1        | micro: 0.540541; macro: 0.502020; score: [0.54545455 0.5        0.8        0.         0.66666667 0.5       ]
2025-12-22 11:05:20,533 - INFO - service precision | micro: 0.750000; macro: 0.518519; score: [1.         0.66666667 0.         0.         1.         0.
 1.         0.         1.        ]
2025-12-22 11:05:20,533 - INFO - service recall    | micro: 0.375000; macro: 0.438889; score: [1.   1.   0.   0.   0.2  0.   1.   0.   0.75]
2025-12-22 11:05:20,533 - INFO - service f1        | micro: 0.500000; macro: 0.443386; score: [1.         0.8        0.         0.         0.33333333 0.
 1.         0.         0.85714286]
2025-12-22 11:05:20,560 - INFO - pod     precision | micro: 0.649485; macro: 0.669136; score: [1.         0.55       0.33333333 0.25       0.88888889 0.
 1.         1.         1.        ]
2025-12-22 11:05:20,560 - INFO - pod     recall    | micro: 0.543103; macro: 0.631184; score: [1.         1.         0.2        0.23809524 0.34782609 0.
 1.         1.         0.89473684]
2025-12-22 11:05:20,560 - INFO - pod     f1        | micro: 0.591549; macro: 0.627558; score: [1.         0.70967742 0.25       0.24390244 0.5        0.
 1.         1.         0.94444444]
2025-12-22 11:05:20,560 - INFO - ----------
2025-12-22 11:05:41,451 - INFO - [101/300] | train_loss: 0.01442
2025-12-22 11:06:02,414 - INFO - [102/300] | train_loss: 0.01584
2025-12-22 11:06:23,548 - INFO - [103/300] | train_loss: 0.01592
2025-12-22 11:06:44,532 - INFO - [104/300] | train_loss: 0.01301
2025-12-22 11:07:05,521 - INFO - [105/300] | train_loss: 0.01384
2025-12-22 11:07:26,428 - INFO - [106/300] | train_loss: 0.01486
2025-12-22 11:07:47,344 - INFO - [107/300] | train_loss: 0.01391
2025-12-22 11:08:08,301 - INFO - [108/300] | train_loss: 0.01383
2025-12-22 11:08:29,185 - INFO - [109/300] | train_loss: 0.01248
2025-12-22 11:08:50,212 - INFO - [110/300] | train_loss: 0.01265
2025-12-22 11:08:51,448 - INFO - ----------
2025-12-22 11:08:51,448 - INFO - evaluation dataset type: valid
2025-12-22 11:08:51,464 - INFO - node    precision | micro: 0.400000; macro: 0.458333; score: [0.5  0.5  1.   0.   0.5  0.25]
2025-12-22 11:08:51,464 - INFO - node    recall    | micro: 0.625000; macro: 0.544444; score: [0.6        0.33333333 0.66666667 0.         1.         0.66666667]
2025-12-22 11:08:51,464 - INFO - node    f1        | micro: 0.487805; macro: 0.462626; score: [0.54545455 0.4        0.8        0.         0.66666667 0.36363636]
2025-12-22 11:08:51,481 - INFO - service precision | micro: 0.642857; macro: 0.500000; score: [1.  0.5 0.  0.  1.  0.  1.  0.  1. ]
2025-12-22 11:08:51,481 - INFO - service recall    | micro: 0.375000; macro: 0.438889; score: [1.   1.   0.   0.   0.2  0.   1.   0.   0.75]
2025-12-22 11:08:51,481 - INFO - service f1        | micro: 0.473684; macro: 0.428571; score: [1.         0.66666667 0.         0.         0.33333333 0.
 1.         0.         0.85714286]
2025-12-22 11:08:51,507 - INFO - pod     precision | micro: 0.617391; macro: 0.675556; score: [1.         0.55       0.33333333 0.28       0.91666667 0.
 1.         1.         1.        ]
2025-12-22 11:08:51,508 - INFO - pod     recall    | micro: 0.612069; macro: 0.672926; score: [1.         1.         0.35       0.33333333 0.47826087 0.
 1.         1.         0.89473684]
2025-12-22 11:08:51,508 - INFO - pod     f1        | micro: 0.614719; macro: 0.658723; score: [1.         0.70967742 0.34146341 0.30434783 0.62857143 0.
 1.         1.         0.94444444]
2025-12-22 11:08:51,508 - INFO - ----------
2025-12-22 11:09:12,204 - INFO - [111/300] | train_loss: 0.01168
2025-12-22 11:09:32,986 - INFO - [112/300] | train_loss: 0.01244
2025-12-22 11:09:53,800 - INFO - [113/300] | train_loss: 0.01214
2025-12-22 11:10:14,595 - INFO - [114/300] | train_loss: 0.01193
2025-12-22 11:10:35,457 - INFO - [115/300] | train_loss: 0.00999
2025-12-22 11:10:56,457 - INFO - [116/300] | train_loss: 0.01227
2025-12-22 11:11:17,512 - INFO - [117/300] | train_loss: 0.01068
2025-12-22 11:11:38,478 - INFO - [118/300] | train_loss: 0.01049
2025-12-22 11:11:59,374 - INFO - [119/300] | train_loss: 0.01013
2025-12-22 11:12:20,187 - INFO - [120/300] | train_loss: 0.01295
2025-12-22 11:12:21,428 - INFO - ----------
2025-12-22 11:12:21,428 - INFO - evaluation dataset type: valid
2025-12-22 11:12:21,444 - INFO - node    precision | micro: 0.360000; macro: 0.359259; score: [0.6        0.         0.66666667 0.         0.66666667 0.22222222]
2025-12-22 11:12:21,444 - INFO - node    recall    | micro: 0.562500; macro: 0.488889; score: [0.6        0.         0.66666667 0.         1.         0.66666667]
2025-12-22 11:12:21,444 - INFO - node    f1        | micro: 0.439024; macro: 0.400000; score: [0.6        0.         0.66666667 0.         0.8        0.33333333]
2025-12-22 11:12:21,460 - INFO - service precision | micro: 0.692308; macro: 0.500000; score: [1.  0.5 0.  0.  1.  0.  1.  0.  1. ]
2025-12-22 11:12:21,460 - INFO - service recall    | micro: 0.375000; macro: 0.438889; score: [1.   1.   0.   0.   0.2  0.   1.   0.   0.75]
2025-12-22 11:12:21,460 - INFO - service f1        | micro: 0.486486; macro: 0.428571; score: [1.         0.66666667 0.         0.         0.33333333 0.
 1.         0.         0.85714286]
2025-12-22 11:12:21,487 - INFO - pod     precision | micro: 0.645455; macro: 0.690494; score: [1.         0.55       0.44444444 0.32       0.9        0.
 1.         1.         1.        ]
2025-12-22 11:12:21,487 - INFO - pod     recall    | micro: 0.612069; macro: 0.674110; score: [1.         1.         0.4        0.38095238 0.39130435 0.
 1.         1.         0.89473684]
2025-12-22 11:12:21,487 - INFO - pod     f1        | micro: 0.628319; macro: 0.663162; score: [1.         0.70967742 0.42105263 0.34782609 0.54545455 0.
 1.         1.         0.94444444]
2025-12-22 11:12:21,487 - INFO - ----------
2025-12-22 11:12:42,340 - INFO - [121/300] | train_loss: 0.01179
2025-12-22 11:13:03,261 - INFO - [122/300] | train_loss: 0.01077
2025-12-22 11:13:24,120 - INFO - [123/300] | train_loss: 0.00873
2025-12-22 11:13:45,079 - INFO - [124/300] | train_loss: 0.01053
2025-12-22 11:14:05,965 - INFO - [125/300] | train_loss: 0.01010
2025-12-22 11:14:26,797 - INFO - [126/300] | train_loss: 0.01192
2025-12-22 11:14:47,729 - INFO - [127/300] | train_loss: 0.01170
2025-12-22 11:15:08,552 - INFO - [128/300] | train_loss: 0.00979
2025-12-22 11:15:29,425 - INFO - [129/300] | train_loss: 0.00937
2025-12-22 11:15:50,441 - INFO - [130/300] | train_loss: 0.01040
2025-12-22 11:15:51,677 - INFO - ----------
2025-12-22 11:15:51,677 - INFO - evaluation dataset type: valid
2025-12-22 11:15:51,693 - INFO - node    precision | micro: 0.428571; macro: 0.380952; score: [0.5        0.         1.         0.         0.5        0.28571429]
2025-12-22 11:15:51,693 - INFO - node    recall    | micro: 0.562500; macro: 0.488889; score: [0.6        0.         0.66666667 0.         1.         0.66666667]
2025-12-22 11:15:51,693 - INFO - node    f1        | micro: 0.486486; macro: 0.402020; score: [0.54545455 0.         0.8        0.         0.66666667 0.4       ]
2025-12-22 11:15:51,709 - INFO - service precision | micro: 0.692308; macro: 0.518519; score: [1.         0.66666667 0.         0.         1.         0.
 1.         0.         1.        ]
2025-12-22 11:15:51,709 - INFO - service recall    | micro: 0.375000; macro: 0.438889; score: [1.   1.   0.   0.   0.2  0.   1.   0.   0.75]
2025-12-22 11:15:51,709 - INFO - service f1        | micro: 0.486486; macro: 0.443386; score: [1.         0.8        0.         0.         0.33333333 0.
 1.         0.         0.85714286]
2025-12-22 11:15:51,736 - INFO - pod     precision | micro: 0.644860; macro: 0.684433; score: [1.         0.57894737 0.38095238 0.3        0.9        0.
 1.         1.         1.        ]
2025-12-22 11:15:51,736 - INFO - pod     recall    | micro: 0.594828; macro: 0.663528; score: [1.         1.         0.4        0.28571429 0.39130435 0.
 1.         1.         0.89473684]
2025-12-22 11:15:51,736 - INFO - pod     f1        | micro: 0.618834; macro: 0.656240; score: [1.         0.73333333 0.3902439  0.29268293 0.54545455 0.
 1.         1.         0.94444444]
2025-12-22 11:15:51,736 - INFO - ----------
2025-12-22 11:16:12,581 - INFO - [131/300] | train_loss: 0.00992
2025-12-22 11:16:33,571 - INFO - [132/300] | train_loss: 0.00749
2025-12-22 11:16:54,408 - INFO - [133/300] | train_loss: 0.01445
2025-12-22 11:17:27,221 - INFO - [134/300] | train_loss: 0.03659
2025-12-22 11:17:48,473 - INFO - [135/300] | train_loss: 0.04682
2025-12-22 11:18:09,663 - INFO - [136/300] | train_loss: 0.04689
2025-12-22 11:18:38,107 - INFO - [137/300] | train_loss: 0.07532
2025-12-22 11:19:03,744 - INFO - [138/300] | train_loss: 0.05171
2025-12-22 11:19:25,821 - INFO - [139/300] | train_loss: 0.13371
2025-12-22 11:20:07,491 - INFO - [140/300] | train_loss: 0.13764
2025-12-22 11:20:08,808 - INFO - ----------
2025-12-22 11:20:08,808 - INFO - evaluation dataset type: valid
2025-12-22 11:20:08,823 - INFO - node    precision | micro: 0.400000; macro: 0.314815; score: [0.66666667 0.         0.5        0.         0.5        0.22222222]
2025-12-22 11:20:08,824 - INFO - node    recall    | micro: 0.625000; macro: 0.522222; score: [0.8        0.         0.66666667 0.         1.         0.66666667]
2025-12-22 11:20:08,824 - INFO - node    f1        | micro: 0.487805; macro: 0.383117; score: [0.72727273 0.         0.57142857 0.         0.66666667 0.33333333]
2025-12-22 11:20:08,840 - INFO - service precision | micro: 0.280000; macro: 0.248148; score: [0.5        0.22222222 0.11111111 0.         0.66666667 0.
 0.33333333 0.         0.4       ]
2025-12-22 11:20:08,840 - INFO - service recall    | micro: 0.583333; macro: 0.561111; score: [1.   1.   0.25 0.   0.8  0.   1.   0.   1.  ]
2025-12-22 11:20:08,840 - INFO - service f1        | micro: 0.378378; macro: 0.331428; score: [0.66666667 0.36363636 0.15384615 0.         0.72727273 0.
 0.5        0.         0.57142857]
2025-12-22 11:20:08,866 - INFO - pod     precision | micro: 0.342857; macro: 0.373126; score: [0.66666667 0.2244898  0.22       0.20754717 0.48387097 0.
 0.77777778 0.11111111 0.66666667]
2025-12-22 11:20:08,867 - INFO - pod     recall    | micro: 0.724138; macro: 0.741484; score: [1.         1.         0.55       0.52380952 0.65217391 0.
 1.         1.         0.94736842]
2025-12-22 11:20:08,867 - INFO - pod     f1        | micro: 0.465374; macro: 0.465713; score: [0.8        0.36666667 0.31428571 0.2972973  0.55555556 0.
 0.875      0.2        0.7826087 ]
2025-12-22 11:20:08,867 - INFO - ----------
2025-12-22 11:20:30,173 - INFO - [141/300] | train_loss: 0.10066
2025-12-22 11:20:51,330 - INFO - [142/300] | train_loss: 0.11029
2025-12-22 11:21:12,595 - INFO - [143/300] | train_loss: 0.39535
2025-12-22 11:21:33,734 - INFO - [144/300] | train_loss: 0.37460
2025-12-22 11:21:55,071 - INFO - [145/300] | train_loss: 0.24524
2025-12-22 11:22:16,340 - INFO - [146/300] | train_loss: 0.18025
2025-12-22 11:22:37,502 - INFO - [147/300] | train_loss: 0.12814
2025-12-22 11:22:59,181 - INFO - [148/300] | train_loss: 0.10724
2025-12-22 11:23:45,764 - INFO - [149/300] | train_loss: 0.07163
2025-12-22 11:24:07,926 - INFO - [150/300] | train_loss: 0.06717
2025-12-22 11:24:09,309 - INFO - ----------
2025-12-22 11:24:09,310 - INFO - evaluation dataset type: valid
2025-12-22 11:24:09,325 - INFO - node    precision | micro: 0.481481; macro: 0.432540; score: [0.5        0.42857143 0.4        0.         0.66666667 0.6       ]
2025-12-22 11:24:09,325 - INFO - node    recall    | micro: 0.812500; macro: 0.711111; score: [0.6        1.         0.66666667 0.         1.         1.        ]
2025-12-22 11:24:09,325 - INFO - node    f1        | micro: 0.604651; macro: 0.532576; score: [0.54545455 0.6        0.5        0.         0.8        0.75      ]
2025-12-22 11:24:09,341 - INFO - service precision | micro: 0.500000; macro: 0.500000; score: [1.         0.33333333 0.16666667 0.         1.         0.
 1.         0.         1.        ]
2025-12-22 11:24:09,341 - INFO - service recall    | micro: 0.500000; macro: 0.516667; score: [1.   1.   0.25 0.   0.4  0.   1.   0.   1.  ]
2025-12-22 11:24:09,341 - INFO - service f1        | micro: 0.500000; macro: 0.474603; score: [1.         0.5        0.2        0.         0.57142857 0.
 1.         0.         1.        ]
2025-12-22 11:24:09,368 - INFO - pod     precision | micro: 0.430693; macro: 0.583858; score: [0.90909091 0.39285714 0.26086957 0.22641509 0.51851852 0.5
 0.58333333 1.         0.86363636]
2025-12-22 11:24:09,368 - INFO - pod     recall    | micro: 0.750000; macro: 0.781125; score: [1.         1.         0.6        0.57142857 0.60869565 0.25
 1.         1.         1.        ]
2025-12-22 11:24:09,368 - INFO - pod     f1        | micro: 0.547170; macro: 0.640161; score: [0.95238095 0.56410256 0.36363636 0.32432432 0.56       0.33333333
 0.73684211 1.         0.92682927]
2025-12-22 11:24:09,368 - INFO - ----------
2025-12-22 11:24:32,757 - INFO - [151/300] | train_loss: 0.05390
2025-12-22 11:24:55,314 - INFO - [152/300] | train_loss: 0.05226
2025-12-22 11:25:18,273 - INFO - [153/300] | train_loss: 0.04073
2025-12-22 11:25:41,028 - INFO - [154/300] | train_loss: 0.03426
2025-12-22 11:26:04,079 - INFO - [155/300] | train_loss: 0.03152
2025-12-22 11:26:26,551 - INFO - [156/300] | train_loss: 0.02523
2025-12-22 11:26:49,161 - INFO - [157/300] | train_loss: 0.02625
2025-12-22 11:27:12,005 - INFO - [158/300] | train_loss: 0.02378
2025-12-22 11:27:33,509 - INFO - [159/300] | train_loss: 0.02465
2025-12-22 11:27:55,120 - INFO - [160/300] | train_loss: 0.01814
2025-12-22 11:27:56,362 - INFO - ----------
2025-12-22 11:27:56,362 - INFO - evaluation dataset type: valid
2025-12-22 11:27:56,378 - INFO - node    precision | micro: 0.647059; macro: 0.586111; score: [0.6        0.5        1.         0.         0.66666667 0.75      ]
2025-12-22 11:27:56,378 - INFO - node    recall    | micro: 0.687500; macro: 0.600000; score: [0.6        0.33333333 0.66666667 0.         1.         1.        ]
2025-12-22 11:27:56,378 - INFO - node    f1        | micro: 0.666667; macro: 0.576190; score: [0.6        0.4        0.8        0.         0.8        0.85714286]
2025-12-22 11:27:56,395 - INFO - service precision | micro: 0.846154; macro: 0.518519; score: [1.         0.66666667 0.         0.         1.         0.
 1.         0.         1.        ]
2025-12-22 11:27:56,395 - INFO - service recall    | micro: 0.458333; macro: 0.488889; score: [1.  1.  0.  0.  0.4 0.  1.  0.  1. ]
2025-12-22 11:27:56,395 - INFO - service f1        | micro: 0.594595; macro: 0.485714; score: [1.         0.8        0.         0.         0.57142857 0.
 1.         0.         1.        ]
2025-12-22 11:27:56,421 - INFO - pod     precision | micro: 0.601770; macro: 0.667611; score: [0.90909091 0.6875     0.28571429 0.2        0.64285714 0.33333333
 1.         1.         0.95      ]
2025-12-22 11:27:56,422 - INFO - pod     recall    | micro: 0.586207; macro: 0.681309; score: [1.         1.         0.3        0.19047619 0.39130435 0.25
 1.         1.         1.        ]
2025-12-22 11:27:56,422 - INFO - pod     f1        | micro: 0.593886; macro: 0.666840; score: [0.95238095 0.81481481 0.29268293 0.19512195 0.48648649 0.28571429
 1.         1.         0.97435897]
2025-12-22 11:27:56,422 - INFO - ----------
2025-12-22 11:28:17,895 - INFO - [161/300] | train_loss: 0.01838
2025-12-22 11:28:39,333 - INFO - [162/300] | train_loss: 0.01917
2025-12-22 11:29:01,215 - INFO - [163/300] | train_loss: 0.01794
2025-12-22 11:29:22,931 - INFO - [164/300] | train_loss: 0.01570
2025-12-22 11:29:44,612 - INFO - [165/300] | train_loss: 0.01642
2025-12-22 11:30:05,998 - INFO - [166/300] | train_loss: 0.01487
2025-12-22 11:30:27,414 - INFO - [167/300] | train_loss: 0.01358
2025-12-22 11:30:49,147 - INFO - [168/300] | train_loss: 0.01399
2025-12-22 11:31:10,627 - INFO - [169/300] | train_loss: 0.01249
2025-12-22 11:31:32,185 - INFO - [170/300] | train_loss: 0.02011
2025-12-22 11:31:33,469 - INFO - ----------
2025-12-22 11:31:33,469 - INFO - evaluation dataset type: valid
2025-12-22 11:31:33,485 - INFO - node    precision | micro: 0.687500; macro: 0.627778; score: [0.6        0.5        1.         0.         0.66666667 1.        ]
2025-12-22 11:31:33,485 - INFO - node    recall    | micro: 0.687500; macro: 0.600000; score: [0.6        0.33333333 0.66666667 0.         1.         1.        ]
2025-12-22 11:31:33,485 - INFO - node    f1        | micro: 0.687500; macro: 0.600000; score: [0.6 0.4 0.8 0.  0.8 1. ]
2025-12-22 11:31:33,501 - INFO - service precision | micro: 0.647059; macro: 0.500000; score: [1.         0.66666667 0.33333333 0.         1.         0.
 0.5        0.         1.        ]
2025-12-22 11:31:33,502 - INFO - service recall    | micro: 0.458333; macro: 0.494444; score: [1.   1.   0.25 0.   0.2  0.   1.   0.   1.  ]
2025-12-22 11:31:33,502 - INFO - service f1        | micro: 0.536585; macro: 0.453968; score: [1.         0.8        0.28571429 0.         0.33333333 0.
 0.66666667 0.         1.        ]
2025-12-22 11:31:33,528 - INFO - pod     precision | micro: 0.547445; macro: 0.640184; score: [0.90909091 0.55       0.26470588 0.32       0.64285714 0.2
 0.875      1.         1.        ]
2025-12-22 11:31:33,528 - INFO - pod     recall    | micro: 0.646552; macro: 0.719140; score: [1.         1.         0.45       0.38095238 0.39130435 0.25
 1.         1.         1.        ]
2025-12-22 11:31:33,529 - INFO - pod     f1        | micro: 0.592885; macro: 0.665029; score: [0.95238095 0.70967742 0.33333333 0.34782609 0.48648649 0.22222222
 0.93333333 1.         1.        ]
2025-12-22 11:31:33,529 - INFO - ----------
2025-12-22 11:31:54,806 - INFO - [171/300] | train_loss: 0.01552
2025-12-22 11:32:16,737 - INFO - [172/300] | train_loss: 0.01783
2025-12-22 11:32:38,520 - INFO - [173/300] | train_loss: 0.01175
2025-12-22 11:33:12,691 - INFO - [174/300] | train_loss: 0.01351
2025-12-22 11:33:34,184 - INFO - [175/300] | train_loss: 0.01269
2025-12-22 11:33:55,651 - INFO - [176/300] | train_loss: 0.01045
2025-12-22 11:34:17,201 - INFO - [177/300] | train_loss: 0.00968
2025-12-22 11:34:38,616 - INFO - [178/300] | train_loss: 0.00884
2025-12-22 11:34:59,835 - INFO - [179/300] | train_loss: 0.01128
2025-12-22 11:35:33,110 - INFO - [180/300] | train_loss: 0.00953
2025-12-22 11:35:34,350 - INFO - ----------
2025-12-22 11:35:34,350 - INFO - evaluation dataset type: valid
2025-12-22 11:35:34,366 - INFO - node    precision | micro: 0.733333; macro: 0.652778; score: [0.75       0.5        1.         0.         0.66666667 1.        ]
2025-12-22 11:35:34,366 - INFO - node    recall    | micro: 0.687500; macro: 0.600000; score: [0.6        0.33333333 0.66666667 0.         1.         1.        ]
2025-12-22 11:35:34,366 - INFO - node    f1        | micro: 0.709677; macro: 0.611111; score: [0.66666667 0.4        0.8        0.         0.8        1.        ]
2025-12-22 11:35:34,382 - INFO - service precision | micro: 0.714286; macro: 0.518519; score: [1.         0.66666667 0.         0.         1.         0.
 1.         0.         1.        ]
2025-12-22 11:35:34,382 - INFO - service recall    | micro: 0.416667; macro: 0.466667; score: [1.  1.  0.  0.  0.2 0.  1.  0.  1. ]
2025-12-22 11:35:34,383 - INFO - service f1        | micro: 0.526316; macro: 0.459259; score: [1.         0.8        0.         0.         0.33333333 0.
 1.         0.         1.        ]
2025-12-22 11:35:34,410 - INFO - pod     precision | micro: 0.601770; macro: 0.642212; score: [0.90909091 0.61111111 0.3        0.19047619 0.76923077 0.
 1.         1.         1.        ]
2025-12-22 11:35:34,410 - INFO - pod     recall    | micro: 0.586207; macro: 0.658362; score: [1.         1.         0.3        0.19047619 0.43478261 0.
 1.         1.         1.        ]
2025-12-22 11:35:34,410 - INFO - pod     f1        | micro: 0.593886; macro: 0.639670; score: [0.95238095 0.75862069 0.3        0.19047619 0.55555556 0.
 1.         1.         1.        ]
2025-12-22 11:35:34,410 - INFO - ----------
2025-12-22 11:36:05,180 - INFO - [181/300] | train_loss: 0.00995
2025-12-22 11:36:26,457 - INFO - [182/300] | train_loss: 0.01017
2025-12-22 11:36:47,500 - INFO - [183/300] | train_loss: 0.00936
2025-12-22 11:37:08,550 - INFO - [184/300] | train_loss: 0.01424
2025-12-22 11:37:29,629 - INFO - [185/300] | train_loss: 0.00949
2025-12-22 11:37:50,650 - INFO - [186/300] | train_loss: 0.00974
2025-12-22 11:38:11,649 - INFO - [187/300] | train_loss: 0.00906
2025-12-22 11:38:32,462 - INFO - [188/300] | train_loss: 0.01010
2025-12-22 11:38:53,359 - INFO - [189/300] | train_loss: 0.01085
2025-12-22 11:39:14,357 - INFO - [190/300] | train_loss: 0.01002
2025-12-22 11:39:15,617 - INFO - ----------
2025-12-22 11:39:15,617 - INFO - evaluation dataset type: valid
2025-12-22 11:39:15,633 - INFO - node    precision | micro: 0.750000; macro: 0.661111; score: [0.8        0.5        1.         0.         0.66666667 1.        ]
2025-12-22 11:39:15,633 - INFO - node    recall    | micro: 0.750000; macro: 0.633333; score: [0.8        0.33333333 0.66666667 0.         1.         1.        ]
2025-12-22 11:39:15,633 - INFO - node    f1        | micro: 0.750000; macro: 0.633333; score: [0.8 0.4 0.8 0.  0.8 1. ]
2025-12-22 11:39:15,649 - INFO - service precision | micro: 0.733333; macro: 0.555556; score: [1.         0.66666667 0.33333333 0.         1.         0.
 1.         0.         1.        ]
2025-12-22 11:39:15,649 - INFO - service recall    | micro: 0.458333; macro: 0.494444; score: [1.   1.   0.25 0.   0.2  0.   1.   0.   1.  ]
2025-12-22 11:39:15,649 - INFO - service f1        | micro: 0.564103; macro: 0.491005; score: [1.         0.8        0.28571429 0.         0.33333333 0.
 1.         0.         1.        ]
2025-12-22 11:39:15,681 - INFO - pod     precision | micro: 0.603448; macro: 0.646190; score: [0.90909091 0.57894737 0.28571429 0.27272727 0.76923077 0.
 1.         1.         1.        ]
2025-12-22 11:39:15,681 - INFO - pod     recall    | micro: 0.603448; macro: 0.668944; score: [1.         1.         0.3        0.28571429 0.43478261 0.
 1.         1.         1.        ]
2025-12-22 11:39:15,682 - INFO - pod     f1        | micro: 0.603448; macro: 0.645891; score: [0.95238095 0.73333333 0.29268293 0.27906977 0.55555556 0.
 1.         1.         1.        ]
2025-12-22 11:39:15,682 - INFO - ----------
2025-12-22 11:39:36,650 - INFO - [191/300] | train_loss: 0.01060
2025-12-22 11:39:57,927 - INFO - [192/300] | train_loss: 0.00885
2025-12-22 11:40:19,006 - INFO - [193/300] | train_loss: 0.00982
2025-12-22 11:40:40,200 - INFO - [194/300] | train_loss: 0.00983
2025-12-22 11:41:01,337 - INFO - [195/300] | train_loss: 0.01049
2025-12-22 11:41:22,460 - INFO - [196/300] | train_loss: 0.01062
2025-12-22 11:41:43,587 - INFO - [197/300] | train_loss: 0.01604
2025-12-22 11:42:04,660 - INFO - [198/300] | train_loss: 0.00839
2025-12-22 11:42:26,073 - INFO - [199/300] | train_loss: 0.00770
2025-12-22 11:42:47,249 - INFO - [200/300] | train_loss: 0.00707
2025-12-22 11:42:48,490 - INFO - ----------
2025-12-22 11:42:48,490 - INFO - evaluation dataset type: valid
2025-12-22 11:42:48,506 - INFO - node    precision | micro: 0.733333; macro: 0.652778; score: [0.75       0.5        1.         0.         0.66666667 1.        ]
2025-12-22 11:42:48,506 - INFO - node    recall    | micro: 0.687500; macro: 0.600000; score: [0.6        0.33333333 0.66666667 0.         1.         1.        ]
2025-12-22 11:42:48,506 - INFO - node    f1        | micro: 0.709677; macro: 0.611111; score: [0.66666667 0.4        0.8        0.         0.8        1.        ]
2025-12-22 11:42:48,522 - INFO - service precision | micro: 0.818182; macro: 0.518519; score: [1.         0.66666667 0.         0.         1.         0.
 1.         0.         1.        ]
2025-12-22 11:42:48,522 - INFO - service recall    | micro: 0.375000; macro: 0.438889; score: [1.   1.   0.   0.   0.2  0.   1.   0.   0.75]
2025-12-22 11:42:48,522 - INFO - service f1        | micro: 0.514286; macro: 0.443386; score: [1.         0.8        0.         0.         0.33333333 0.
 1.         0.         0.85714286]
2025-12-22 11:42:48,548 - INFO - pod     precision | micro: 0.633028; macro: 0.672068; score: [1.         0.6875     0.27777778 0.25       0.83333333 0.
 1.         1.         1.        ]
2025-12-22 11:42:48,549 - INFO - pod     recall    | micro: 0.594828; macro: 0.663389; score: [1.         1.         0.25       0.28571429 0.43478261 0.
 1.         1.         1.        ]
2025-12-22 11:42:48,549 - INFO - pod     f1        | micro: 0.613333; macro: 0.657341; score: [1.         0.81481481 0.26315789 0.26666667 0.57142857 0.
 1.         1.         1.        ]
2025-12-22 11:42:48,549 - INFO - ----------
2025-12-22 11:43:09,573 - INFO - [201/300] | train_loss: 0.00987
2025-12-22 11:43:30,558 - INFO - [202/300] | train_loss: 0.00954
2025-12-22 11:43:51,710 - INFO - [203/300] | train_loss: 0.00842
2025-12-22 11:44:12,876 - INFO - [204/300] | train_loss: 0.01179
2025-12-22 11:44:33,968 - INFO - [205/300] | train_loss: 0.00972
2025-12-22 11:44:55,096 - INFO - [206/300] | train_loss: 0.00908
2025-12-22 11:45:16,078 - INFO - [207/300] | train_loss: 0.00990
2025-12-22 11:45:37,187 - INFO - [208/300] | train_loss: 0.00894
2025-12-22 11:45:58,314 - INFO - [209/300] | train_loss: 0.00832
2025-12-22 11:46:19,485 - INFO - [210/300] | train_loss: 0.00931
2025-12-22 11:46:20,731 - INFO - ----------
2025-12-22 11:46:20,731 - INFO - evaluation dataset type: valid
2025-12-22 11:46:20,803 - INFO - node    precision | micro: 0.750000; macro: 0.661111; score: [0.8        0.5        1.         0.         0.66666667 1.        ]
2025-12-22 11:46:20,803 - INFO - node    recall    | micro: 0.750000; macro: 0.633333; score: [0.8        0.33333333 0.66666667 0.         1.         1.        ]
2025-12-22 11:46:20,803 - INFO - node    f1        | micro: 0.750000; macro: 0.633333; score: [0.8 0.4 0.8 0.  0.8 1. ]
2025-12-22 11:46:20,819 - INFO - service precision | micro: 0.833333; macro: 0.555556; score: [1. 1. 0. 0. 1. 0. 1. 0. 1.]
2025-12-22 11:46:20,819 - INFO - service recall    | micro: 0.416667; macro: 0.466667; score: [1.  1.  0.  0.  0.2 0.  1.  0.  1. ]
2025-12-22 11:46:20,819 - INFO - service f1        | micro: 0.555556; macro: 0.481481; score: [1.         1.         0.         0.         0.33333333 0.
 1.         0.         1.        ]
2025-12-22 11:46:20,845 - INFO - pod     precision | micro: 0.640000; macro: 0.664198; score: [1.         0.61111111 0.3        0.06666667 1.         0.
 1.         1.         1.        ]
2025-12-22 11:46:20,846 - INFO - pod     recall    | micro: 0.551724; macro: 0.637658; score: [1.         1.         0.3        0.04761905 0.39130435 0.
 1.         1.         1.        ]
2025-12-22 11:46:20,846 - INFO - pod     f1        | micro: 0.592593; macro: 0.630742; score: [1.         0.75862069 0.3        0.05555556 0.5625     0.
 1.         1.         1.        ]
2025-12-22 11:46:20,846 - INFO - ----------
2025-12-22 11:47:02,638 - INFO - [211/300] | train_loss: 0.00738
2025-12-22 11:47:24,793 - INFO - [212/300] | train_loss: 0.00765
2025-12-22 11:47:47,307 - INFO - [213/300] | train_loss: 0.00927
2025-12-22 11:48:09,470 - INFO - [214/300] | train_loss: 0.00842
2025-12-22 11:48:31,231 - INFO - [215/300] | train_loss: 0.00589
2025-12-22 11:48:52,605 - INFO - [216/300] | train_loss: 0.00725
2025-12-22 11:49:14,482 - INFO - [217/300] | train_loss: 0.00727
2025-12-22 11:49:35,436 - INFO - [218/300] | train_loss: 0.00746
2025-12-22 11:49:56,368 - INFO - [219/300] | train_loss: 0.00724
2025-12-22 11:50:17,284 - INFO - [220/300] | train_loss: 0.01005
2025-12-22 11:50:18,523 - INFO - ----------
2025-12-22 11:50:18,523 - INFO - evaluation dataset type: valid
2025-12-22 11:50:18,539 - INFO - node    precision | micro: 0.750000; macro: 0.661111; score: [0.8        0.5        1.         0.         0.66666667 1.        ]
2025-12-22 11:50:18,539 - INFO - node    recall    | micro: 0.750000; macro: 0.633333; score: [0.8        0.33333333 0.66666667 0.         1.         1.        ]
2025-12-22 11:50:18,539 - INFO - node    f1        | micro: 0.750000; macro: 0.633333; score: [0.8 0.4 0.8 0.  0.8 1. ]
2025-12-22 11:50:18,555 - INFO - service precision | micro: 0.714286; macro: 0.518519; score: [1.         0.66666667 0.         0.         1.         0.
 1.         0.         1.        ]
2025-12-22 11:50:18,555 - INFO - service recall    | micro: 0.416667; macro: 0.466667; score: [1.  1.  0.  0.  0.2 0.  1.  0.  1. ]
2025-12-22 11:50:18,555 - INFO - service f1        | micro: 0.526316; macro: 0.459259; score: [1.         0.8        0.         0.         0.33333333 0.
 1.         0.         1.        ]
2025-12-22 11:50:18,581 - INFO - pod     precision | micro: 0.631068; macro: 0.660321; score: [1.         0.64705882 0.33333333 0.0625     0.9        0.
 1.         1.         1.        ]
2025-12-22 11:50:18,582 - INFO - pod     recall    | micro: 0.560345; macro: 0.643214; score: [1.         1.         0.35       0.04761905 0.39130435 0.
 1.         1.         1.        ]
2025-12-22 11:50:18,582 - INFO - pod     f1        | micro: 0.593607; macro: 0.636298; score: [1.         0.78571429 0.34146341 0.05405405 0.54545455 0.
 1.         1.         1.        ]
2025-12-22 11:50:18,582 - INFO - ----------
2025-12-22 11:50:39,422 - INFO - [221/300] | train_loss: 0.00648
2025-12-22 11:51:00,250 - INFO - [222/300] | train_loss: 0.00630
2025-12-22 11:51:21,113 - INFO - [223/300] | train_loss: 0.00932
2025-12-22 11:51:42,005 - INFO - [224/300] | train_loss: 0.00847
2025-12-22 11:52:02,790 - INFO - [225/300] | train_loss: 0.00640
2025-12-22 11:52:23,656 - INFO - [226/300] | train_loss: 0.00610
2025-12-22 11:52:44,738 - INFO - [227/300] | train_loss: 0.00596
2025-12-22 11:53:05,497 - INFO - [228/300] | train_loss: 0.00598
2025-12-22 11:53:26,291 - INFO - [229/300] | train_loss: 0.00819
2025-12-22 11:53:47,156 - INFO - [230/300] | train_loss: 0.00598
2025-12-22 11:53:48,391 - INFO - ----------
2025-12-22 11:53:48,391 - INFO - evaluation dataset type: valid
2025-12-22 11:53:48,407 - INFO - node    precision | micro: 0.750000; macro: 0.661111; score: [0.8        0.5        1.         0.         0.66666667 1.        ]
2025-12-22 11:53:48,407 - INFO - node    recall    | micro: 0.750000; macro: 0.633333; score: [0.8        0.33333333 0.66666667 0.         1.         1.        ]
2025-12-22 11:53:48,407 - INFO - node    f1        | micro: 0.750000; macro: 0.633333; score: [0.8 0.4 0.8 0.  0.8 1. ]
2025-12-22 11:53:48,423 - INFO - service precision | micro: 0.733333; macro: 0.518519; score: [1.         0.66666667 0.         0.         1.         0.
 1.         0.         1.        ]
2025-12-22 11:53:48,423 - INFO - service recall    | micro: 0.458333; macro: 0.488889; score: [1.  1.  0.  0.  0.4 0.  1.  0.  1. ]
2025-12-22 11:53:48,423 - INFO - service f1        | micro: 0.564103; macro: 0.485714; score: [1.         0.8        0.         0.         0.57142857 0.
 1.         0.         1.        ]
2025-12-22 11:53:48,449 - INFO - pod     precision | micro: 0.609524; macro: 0.664290; score: [1.         0.64705882 0.27272727 0.05882353 1.         0.
 1.         1.         1.        ]
2025-12-22 11:53:48,449 - INFO - pod     recall    | micro: 0.551724; macro: 0.637658; score: [1.         1.         0.3        0.04761905 0.39130435 0.
 1.         1.         1.        ]
2025-12-22 11:53:48,450 - INFO - pod     f1        | micro: 0.579186; macro: 0.631840; score: [1.         0.78571429 0.28571429 0.05263158 0.5625     0.
 1.         1.         1.        ]
2025-12-22 11:53:48,450 - INFO - ----------
2025-12-22 11:54:09,263 - INFO - [231/300] | train_loss: 0.00786
2025-12-22 11:54:30,081 - INFO - [232/300] | train_loss: 0.00556
2025-12-22 11:54:50,901 - INFO - [233/300] | train_loss: 0.00564
2025-12-22 11:55:11,935 - INFO - [234/300] | train_loss: 0.00688
2025-12-22 11:55:32,909 - INFO - [235/300] | train_loss: 0.00630
2025-12-22 11:55:53,778 - INFO - [236/300] | train_loss: 0.00794
2025-12-22 11:56:14,598 - INFO - [237/300] | train_loss: 0.00811
2025-12-22 11:56:35,545 - INFO - [238/300] | train_loss: 0.00705
2025-12-22 11:56:56,521 - INFO - [239/300] | train_loss: 0.00785
2025-12-22 11:57:17,458 - INFO - [240/300] | train_loss: 0.00704
2025-12-22 11:57:18,699 - INFO - ----------
2025-12-22 11:57:18,700 - INFO - evaluation dataset type: valid
2025-12-22 11:57:18,716 - INFO - node    precision | micro: 0.800000; macro: 0.744444; score: [0.8        1.         1.         0.         0.66666667 1.        ]
2025-12-22 11:57:18,716 - INFO - node    recall    | micro: 0.750000; macro: 0.633333; score: [0.8        0.33333333 0.66666667 0.         1.         1.        ]
2025-12-22 11:57:18,716 - INFO - node    f1        | micro: 0.774194; macro: 0.650000; score: [0.8 0.5 0.8 0.  0.8 1. ]
2025-12-22 11:57:18,732 - INFO - service precision | micro: 0.733333; macro: 0.518519; score: [1.         0.66666667 0.         0.         1.         0.
 1.         0.         1.        ]
2025-12-22 11:57:18,732 - INFO - service recall    | micro: 0.458333; macro: 0.488889; score: [1.  1.  0.  0.  0.4 0.  1.  0.  1. ]
2025-12-22 11:57:18,732 - INFO - service f1        | micro: 0.564103; macro: 0.485714; score: [1.         0.8        0.         0.         0.57142857 0.
 1.         0.         1.        ]
2025-12-22 11:57:18,759 - INFO - pod     precision | micro: 0.578947; macro: 0.646662; score: [1.         0.55       0.26086957 0.1        0.90909091 0.
 1.         1.         1.        ]
2025-12-22 11:57:18,760 - INFO - pod     recall    | micro: 0.568966; macro: 0.647780; score: [1.         1.         0.3        0.0952381  0.43478261 0.
 1.         1.         1.        ]
2025-12-22 11:57:18,760 - INFO - pod     f1        | micro: 0.573913; macro: 0.630505; score: [1.         0.70967742 0.27906977 0.09756098 0.58823529 0.
 1.         1.         1.        ]
2025-12-22 11:57:18,760 - INFO - ----------
2025-12-22 11:57:39,657 - INFO - [241/300] | train_loss: 0.00787
2025-12-22 11:58:00,488 - INFO - [242/300] | train_loss: 0.00831
2025-12-22 11:58:21,359 - INFO - [243/300] | train_loss: 0.00765
2025-12-22 11:58:42,255 - INFO - [244/300] | train_loss: 0.00587
2025-12-22 11:59:03,153 - INFO - [245/300] | train_loss: 0.00557
2025-12-22 11:59:23,956 - INFO - [246/300] | train_loss: 0.00773
2025-12-22 11:59:44,852 - INFO - [247/300] | train_loss: 0.00746
2025-12-22 12:00:05,876 - INFO - [248/300] | train_loss: 0.00635
2025-12-22 12:00:26,835 - INFO - [249/300] | train_loss: 0.00580
2025-12-22 12:00:47,792 - INFO - [250/300] | train_loss: 0.00649
2025-12-22 12:00:49,033 - INFO - ----------
2025-12-22 12:00:49,033 - INFO - evaluation dataset type: valid
2025-12-22 12:00:49,048 - INFO - node    precision | micro: 0.733333; macro: 0.652778; score: [0.75       0.5        1.         0.         0.66666667 1.        ]
2025-12-22 12:00:49,049 - INFO - node    recall    | micro: 0.687500; macro: 0.600000; score: [0.6        0.33333333 0.66666667 0.         1.         1.        ]
2025-12-22 12:00:49,049 - INFO - node    f1        | micro: 0.709677; macro: 0.611111; score: [0.66666667 0.4        0.8        0.         0.8        1.        ]
2025-12-22 12:00:49,065 - INFO - service precision | micro: 0.733333; macro: 0.518519; score: [1.         0.66666667 0.         0.         1.         0.
 1.         0.         1.        ]
2025-12-22 12:00:49,065 - INFO - service recall    | micro: 0.458333; macro: 0.488889; score: [1.  1.  0.  0.  0.4 0.  1.  0.  1. ]
2025-12-22 12:00:49,065 - INFO - service f1        | micro: 0.564103; macro: 0.485714; score: [1.         0.8        0.         0.         0.57142857 0.
 1.         0.         1.        ]
2025-12-22 12:00:49,091 - INFO - pod     precision | micro: 0.595960; macro: 0.612397; score: [1.         0.57894737 0.14285714 0.0625     0.72727273 0.
 1.         1.         1.        ]
2025-12-22 12:00:49,091 - INFO - pod     recall    | micro: 0.508621; macro: 0.610605; score: [1.         1.         0.1        0.04761905 0.34782609 0.
 1.         1.         1.        ]
2025-12-22 12:00:49,092 - INFO - pod     f1        | micro: 0.548837; macro: 0.597291; score: [1.         0.73333333 0.11764706 0.05405405 0.47058824 0.
 1.         1.         1.        ]
2025-12-22 12:00:49,092 - INFO - ----------
2025-12-22 12:01:09,795 - INFO - [251/300] | train_loss: 0.00620
2025-12-22 12:01:30,593 - INFO - [252/300] | train_loss: 0.00696
2025-12-22 12:01:51,505 - INFO - [253/300] | train_loss: 0.00732
2025-12-22 12:02:12,455 - INFO - [254/300] | train_loss: 0.00630
2025-12-22 12:02:33,519 - INFO - [255/300] | train_loss: 0.00831
2025-12-22 12:02:54,602 - INFO - [256/300] | train_loss: 0.00670
2025-12-22 12:03:15,426 - INFO - [257/300] | train_loss: 0.00481
2025-12-22 12:03:36,294 - INFO - [258/300] | train_loss: 0.00946
2025-12-22 12:03:57,200 - INFO - [259/300] | train_loss: 0.00659
2025-12-22 12:04:18,071 - INFO - [260/300] | train_loss: 0.00909
2025-12-22 12:04:19,306 - INFO - ----------
2025-12-22 12:04:19,306 - INFO - evaluation dataset type: valid
2025-12-22 12:04:19,322 - INFO - node    precision | micro: 0.666667; macro: 0.591667; score: [0.8        0.33333333 1.         0.         0.66666667 0.75      ]
2025-12-22 12:04:19,322 - INFO - node    recall    | micro: 0.750000; macro: 0.633333; score: [0.8        0.33333333 0.66666667 0.         1.         1.        ]
2025-12-22 12:04:19,322 - INFO - node    f1        | micro: 0.705882; macro: 0.598413; score: [0.8        0.33333333 0.8        0.         0.8        0.85714286]
2025-12-22 12:04:19,338 - INFO - service precision | micro: 0.687500; macro: 0.500000; score: [1.  0.5 0.  0.  1.  0.  1.  0.  1. ]
2025-12-22 12:04:19,338 - INFO - service recall    | micro: 0.458333; macro: 0.488889; score: [1.  1.  0.  0.  0.4 0.  1.  0.  1. ]
2025-12-22 12:04:19,338 - INFO - service f1        | micro: 0.550000; macro: 0.470899; score: [1.         0.66666667 0.         0.         0.57142857 0.
 1.         0.         1.        ]
2025-12-22 12:04:19,364 - INFO - pod     precision | micro: 0.607477; macro: 0.650414; score: [1.         0.55       0.26086957 0.14285714 0.9        0.
 1.         1.         1.        ]
2025-12-22 12:04:19,364 - INFO - pod     recall    | micro: 0.560345; macro: 0.642949; score: [1.         1.         0.3        0.0952381  0.39130435 0.
 1.         1.         1.        ]
2025-12-22 12:04:19,364 - INFO - pod     f1        | micro: 0.582960; macro: 0.627610; score: [1.         0.70967742 0.27906977 0.11428571 0.54545455 0.
 1.         1.         1.        ]
2025-12-22 12:04:19,364 - INFO - ----------
2025-12-22 12:04:40,097 - INFO - [261/300] | train_loss: 0.00685
2025-12-22 12:05:01,081 - INFO - [262/300] | train_loss: 0.00594
2025-12-22 12:05:22,211 - INFO - [263/300] | train_loss: 0.00671
2025-12-22 12:05:43,112 - INFO - [264/300] | train_loss: 0.00679
2025-12-22 12:06:04,152 - INFO - [265/300] | train_loss: 0.00536
2025-12-22 12:06:24,981 - INFO - [266/300] | train_loss: 0.00677
2025-12-22 12:06:45,993 - INFO - [267/300] | train_loss: 0.00513
2025-12-22 12:07:06,908 - INFO - [268/300] | train_loss: 0.00532
2025-12-22 12:07:27,803 - INFO - [269/300] | train_loss: 0.00851
2025-12-22 12:07:48,923 - INFO - [270/300] | train_loss: 0.00528
2025-12-22 12:07:50,163 - INFO - ----------
2025-12-22 12:07:50,163 - INFO - evaluation dataset type: valid
2025-12-22 12:07:50,180 - INFO - node    precision | micro: 0.785714; macro: 0.652778; score: [0.75       0.5        1.         0.         0.66666667 1.        ]
2025-12-22 12:07:50,180 - INFO - node    recall    | micro: 0.687500; macro: 0.600000; score: [0.6        0.33333333 0.66666667 0.         1.         1.        ]
2025-12-22 12:07:50,180 - INFO - node    f1        | micro: 0.733333; macro: 0.611111; score: [0.66666667 0.4        0.8        0.         0.8        1.        ]
2025-12-22 12:07:50,196 - INFO - service precision | micro: 0.733333; macro: 0.518519; score: [1.         0.66666667 0.         0.         1.         0.
 1.         0.         1.        ]
2025-12-22 12:07:50,196 - INFO - service recall    | micro: 0.458333; macro: 0.488889; score: [1.  1.  0.  0.  0.4 0.  1.  0.  1. ]
2025-12-22 12:07:50,196 - INFO - service f1        | micro: 0.564103; macro: 0.485714; score: [1.         0.8        0.         0.         0.57142857 0.
 1.         0.         1.        ]
2025-12-22 12:07:50,223 - INFO - pod     precision | micro: 0.607477; macro: 0.641721; score: [1.         0.55       0.33333333 0.05882353 0.83333333 0.
 1.         1.         1.        ]
2025-12-22 12:07:50,223 - INFO - pod     recall    | micro: 0.560345; macro: 0.642489; score: [1.         1.         0.3        0.04761905 0.43478261 0.
 1.         1.         1.        ]
2025-12-22 12:07:50,223 - INFO - pod     f1        | micro: 0.582960; macro: 0.627725; score: [1.         0.70967742 0.31578947 0.05263158 0.57142857 0.
 1.         1.         1.        ]
2025-12-22 12:07:50,223 - INFO - ----------
2025-12-22 12:08:11,104 - INFO - [271/300] | train_loss: 0.00634
2025-12-22 12:08:31,952 - INFO - [272/300] | train_loss: 0.00557
2025-12-22 12:08:52,977 - INFO - [273/300] | train_loss: 0.00619
2025-12-22 12:09:13,833 - INFO - [274/300] | train_loss: 0.00562
2025-12-22 12:09:34,714 - INFO - [275/300] | train_loss: 0.00505
2025-12-22 12:09:55,698 - INFO - [276/300] | train_loss: 0.00494
2025-12-22 12:10:16,864 - INFO - [277/300] | train_loss: 0.00582
2025-12-22 12:10:37,805 - INFO - [278/300] | train_loss: 0.00758
2025-12-22 12:10:58,681 - INFO - [279/300] | train_loss: 0.00688
2025-12-22 12:11:19,565 - INFO - [280/300] | train_loss: 0.00495
2025-12-22 12:11:20,802 - INFO - ----------
2025-12-22 12:11:20,803 - INFO - evaluation dataset type: valid
2025-12-22 12:11:20,818 - INFO - node    precision | micro: 0.631579; macro: 0.513889; score: [0.66666667 0.33333333 0.66666667 0.         0.66666667 0.75      ]
2025-12-22 12:11:20,818 - INFO - node    recall    | micro: 0.750000; macro: 0.633333; score: [0.8        0.33333333 0.66666667 0.         1.         1.        ]
2025-12-22 12:11:20,818 - INFO - node    f1        | micro: 0.685714; macro: 0.564069; score: [0.72727273 0.33333333 0.66666667 0.         0.8        0.85714286]
2025-12-22 12:11:20,834 - INFO - service precision | micro: 0.733333; macro: 0.518519; score: [1.         0.66666667 0.         0.         1.         0.
 1.         0.         1.        ]
2025-12-22 12:11:20,834 - INFO - service recall    | micro: 0.458333; macro: 0.488889; score: [1.  1.  0.  0.  0.4 0.  1.  0.  1. ]
2025-12-22 12:11:20,834 - INFO - service f1        | micro: 0.564103; macro: 0.485714; score: [1.         0.8        0.         0.         0.57142857 0.
 1.         0.         1.        ]
2025-12-22 12:11:20,861 - INFO - pod     precision | micro: 0.584746; macro: 0.629159; score: [1.         0.55       0.23809524 0.22727273 0.64705882 0.
 1.         1.         1.        ]
2025-12-22 12:11:20,861 - INFO - pod     recall    | micro: 0.594828; macro: 0.662928; score: [1.         1.         0.25       0.23809524 0.47826087 0.
 1.         1.         1.        ]
2025-12-22 12:11:20,861 - INFO - pod     f1        | micro: 0.589744; macro: 0.637349; score: [1.         0.70967742 0.24390244 0.23255814 0.55       0.
 1.         1.         1.        ]
2025-12-22 12:11:20,861 - INFO - ----------
2025-12-22 12:11:41,651 - INFO - [281/300] | train_loss: 0.00720
2025-12-22 12:12:02,589 - INFO - [282/300] | train_loss: 0.00650
2025-12-22 12:12:23,515 - INFO - [283/300] | train_loss: 0.00559
2025-12-22 12:12:44,448 - INFO - [284/300] | train_loss: 0.00619
2025-12-22 12:13:05,385 - INFO - [285/300] | train_loss: 0.00541
2025-12-22 12:13:26,326 - INFO - [286/300] | train_loss: 0.00673
2025-12-22 12:13:47,254 - INFO - [287/300] | train_loss: 0.00657
2025-12-22 12:14:08,120 - INFO - [288/300] | train_loss: 0.00580
2025-12-22 12:14:29,024 - INFO - [289/300] | train_loss: 0.00483
2025-12-22 12:14:49,918 - INFO - [290/300] | train_loss: 0.00576
2025-12-22 12:14:51,174 - INFO - ----------
2025-12-22 12:14:51,174 - INFO - evaluation dataset type: valid
2025-12-22 12:14:51,190 - INFO - node    precision | micro: 0.750000; macro: 0.619444; score: [0.8        0.5        1.         0.         0.66666667 0.75      ]
2025-12-22 12:14:51,190 - INFO - node    recall    | micro: 0.750000; macro: 0.633333; score: [0.8        0.33333333 0.66666667 0.         1.         1.        ]
2025-12-22 12:14:51,190 - INFO - node    f1        | micro: 0.750000; macro: 0.609524; score: [0.8        0.4        0.8        0.         0.8        0.85714286]
2025-12-22 12:14:51,206 - INFO - service precision | micro: 0.733333; macro: 0.518519; score: [1.         0.66666667 0.         0.         1.         0.
 1.         0.         1.        ]
2025-12-22 12:14:51,206 - INFO - service recall    | micro: 0.458333; macro: 0.488889; score: [1.  1.  0.  0.  0.4 0.  1.  0.  1. ]
2025-12-22 12:14:51,206 - INFO - service f1        | micro: 0.564103; macro: 0.485714; score: [1.         0.8        0.         0.         0.57142857 0.
 1.         0.         1.        ]
2025-12-22 12:14:51,232 - INFO - pod     precision | micro: 0.601695; macro: 0.649885; score: [1.         0.55       0.23809524 0.26086957 0.8        0.
 1.         1.         1.        ]
2025-12-22 12:14:51,232 - INFO - pod     recall    | micro: 0.612069; macro: 0.673050; score: [1.         1.         0.25       0.28571429 0.52173913 0.
 1.         1.         1.        ]
2025-12-22 12:14:51,233 - INFO - pod     f1        | micro: 0.606838; macro: 0.650876; score: [1.         0.70967742 0.24390244 0.27272727 0.63157895 0.
 1.         1.         1.        ]
2025-12-22 12:14:51,233 - INFO - ----------
2025-12-22 12:15:12,080 - INFO - [291/300] | train_loss: 0.00586
2025-12-22 12:15:33,078 - INFO - [292/300] | train_loss: 0.00487
2025-12-22 12:15:53,992 - INFO - [293/300] | train_loss: 0.00403
2025-12-22 12:16:14,795 - INFO - [294/300] | train_loss: 0.00593
2025-12-22 12:16:35,649 - INFO - [295/300] | train_loss: 0.00530
2025-12-22 12:16:56,632 - INFO - [296/300] | train_loss: 0.00427
2025-12-22 12:17:17,532 - INFO - [297/300] | train_loss: 0.00481
2025-12-22 12:17:38,410 - INFO - [298/300] | train_loss: 0.00541
2025-12-22 12:17:59,513 - INFO - [299/300] | train_loss: 0.00432
2025-12-22 12:18:04,848 - INFO - ----------
2025-12-22 12:18:04,849 - INFO - evaluation dataset type: test
2025-12-22 12:18:04,869 - INFO - node    precision | micro: 0.649351; macro: 0.656403; score: [0.6875     0.75       0.5        0.57142857 0.84615385 0.58333333]
2025-12-22 12:18:04,869 - INFO - node    recall    | micro: 0.746269; macro: 0.702381; score: [0.78571429 0.42857143 0.33333333 0.66666667 1.         1.        ]
2025-12-22 12:18:04,869 - INFO - node    f1        | micro: 0.694444; macro: 0.657947; score: [0.73333333 0.54545455 0.4        0.61538462 0.91666667 0.73684211]
2025-12-22 12:18:04,895 - INFO - service precision | micro: 0.838710; macro: 0.840741; score: [1.         0.9        0.75       0.33333333 0.75       0.83333333
 1.         1.         1.        ]
2025-12-22 12:18:04,896 - INFO - service recall    | micro: 0.590909; macro: 0.659259; score: [1.         1.         0.3        0.25       0.25       0.33333333
 1.         1.         0.8       ]
2025-12-22 12:18:04,896 - INFO - service f1        | micro: 0.693333; macro: 0.711304; score: [1.         0.94736842 0.42857143 0.28571429 0.375      0.47619048
 1.         1.         0.88888889]
2025-12-22 12:18:04,969 - INFO - pod     precision | micro: 0.731207; macro: 0.768455; score: [1.         0.8        0.70967742 0.40243902 0.59459459 0.62857143
 0.94444444 0.96969697 0.86666667]
2025-12-22 12:18:04,970 - INFO - pod     recall    | micro: 0.732877; macro: 0.771182; score: [1.         0.95652174 0.44897959 0.53225806 0.39285714 0.64705882
 1.         1.         0.96296296]
2025-12-22 12:18:04,970 - INFO - pod     f1        | micro: 0.732041; macro: 0.762083; score: [1.         0.87128713 0.55       0.45833333 0.47311828 0.63768116
 0.97142857 0.98461538 0.9122807 ]
2025-12-22 12:18:04,970 - INFO - ----------
----GATNet----
GAT_name1:  GATv2Conv
GAT_name2:  GATConv
activ_fun1:  relu6
activ_fun2:  relu6
