
# HolisticRCA

2025-10-21 08:31:32,251 - INFO - ----------
2025-10-21 08:31:32,251 - INFO - evaluation dataset type: test
2025-10-21 08:31:32,271 - INFO - node    precision | micro: 0.600000; macro: 0.597389; score: [0.77777778 0.46153846 0.58333333 0.47826087 0.64705882 0.63636364]
2025-10-21 08:31:32,271 - INFO - node    recall    | micro: 0.940299; macro: 0.925265; score: [1.         0.85714286 0.77777778 0.91666667 1.         1.        ]
2025-10-21 08:31:32,271 - INFO - node    f1        | micro: 0.732558; macro: 0.722288; score: [0.875      0.6        0.66666667 0.62857143 0.78571429 0.77777778]
2025-10-21 08:31:32,298 - INFO - service precision | micro: 0.642105; macro: 0.661903; score: [0.75       0.8        0.33333333 0.3125     0.77777778 0.76923077
 0.71428571 1.         0.5       ]
2025-10-21 08:31:32,298 - INFO - service recall    | micro: 0.693182; macro: 0.717284; score: [1.         0.88888889 0.3        0.41666667 0.58333333 0.66666667
 1.         1.         0.6       ]
2025-10-21 08:31:32,298 - INFO - service f1        | micro: 0.666667; macro: 0.681325; score: [0.85714286 0.84210526 0.31578947 0.35714286 0.66666667 0.71428571
 0.83333333 1.         0.54545455]
2025-10-21 08:31:32,374 - INFO - pod     precision | micro: 0.505666; macro: 0.606796; score: [0.92156863 0.75       0.23809524 0.25396825 0.64179104 0.38970588
 0.796875   0.82051282 0.64864865]
2025-10-21 08:31:32,374 - INFO - pod     recall    | micro: 0.815068; macro: 0.838088; score: [1.         0.97826087 0.6122449  0.51612903 0.76785714 0.77941176
 1.         1.         0.88888889]
2025-10-21 08:31:32,374 - INFO - pod     f1        | micro: 0.624126; macro: 0.694298; score: [0.95918367 0.8490566  0.34285714 0.34042553 0.69918699 0.51960784
 0.88695652 0.90140845 0.75      ]
2025-10-21 08:31:32,374 - INFO - ----------
----GATNet----
GAT_name1:  GATv2Conv
GAT_name2:  GATv2Conv
activ_fun1:  elu
activ_fun2:  elu

2025-10-21 16:38:18,856 - INFO - ----------
2025-10-21 16:38:18,857 - INFO - evaluation
2025-10-21 16:38:18,857 - INFO - node     d1 | AC@1: 0.910448; AC@3: 0.910448; AC@5: 0.925373
2025-10-21 16:38:18,857 - INFO - node     d2 | AC@1: 0.552239; AC@3: 0.656716; AC@5: 0.671642
2025-10-21 16:38:18,857 - INFO - service  d1 | AC@1: 0.863636; AC@3: 0.920455; AC@5: 0.931818
2025-10-21 16:38:18,857 - INFO - service  d2 | AC@1: 0.250000; AC@3: 0.477273; AC@5: 0.625000
2025-10-21 16:38:18,857 - INFO - pod      d1 | AC@1: 0.581395; AC@3: 0.662791; AC@5: 0.767442
2025-10-21 16:38:18,857 - INFO - pod      d2 | AC@1: 0.151163; AC@3: 0.290698; AC@5: 0.418605
2025-10-21 16:38:18,857 - INFO - ----------
----GATNet----
GAT_name1:  GATv2Conv
GAT_name2:  GATv2Conv
activ_fun1:  elu
activ_fun2:  elu



# FeatureIntegration using MultiScaleConvSEAttention with squeeze_type=max, excite_type=conv start
# experiments_a_MSCSEAttention_FTC.log
48, 62, 63, 65, 72, 73, 74, 78, 85, 86, 87, 89, 92, 96*,97,102,104,105,107,108,115,119,
121,123,124,125,133,135,137,140,142,143,145,146,148,151,152,157,160,162,164,170,186,190*,192


# old fusion avg fc
2025-10-31 19:39:46,394 - INFO - ----------
2025-10-31 19:39:46,394 - INFO - evaluation dataset type: test
2025-10-31 19:39:46,414 - INFO - node    precision | micro: 0.677419; macro: 0.699901; score: [0.82352941 0.58333333 0.875      0.5        0.73333333 0.68421053]
2025-10-31 19:39:46,414 - INFO - node    recall    | micro: 0.940299; macro: 0.937169; score: [1.         1.         0.77777778 0.91666667 1.         0.92857143]
2025-10-31 19:39:46,414 - INFO - node    f1        | micro: 0.787500; macro: 0.790781; score: [0.90322581 0.73684211 0.82352941 0.64705882 0.84615385 0.78787879]
2025-10-31 19:39:46,441 - INFO - service precision | micro: 0.739130; macro: 0.792625; score: [0.9        0.81818182 0.77777778 0.40909091 0.71428571 0.8
 1.         1.         0.71428571]
2025-10-31 19:39:46,441 - INFO - service recall    | micro: 0.772727; macro: 0.822222; score: [1.         1.         0.7        0.75       0.41666667 0.53333333
 1.         1.         1.        ]
2025-10-31 19:39:46,441 - INFO - service f1        | micro: 0.755556; macro: 0.790363; score: [0.94736842 0.9        0.73684211 0.52941176 0.52631579 0.64
 1.         1.         0.83333333]
2025-10-31 19:39:46,520 - INFO - pod     precision | micro: 0.676471; macro: 0.739989; score: [0.87037037 0.81818182 0.55932203 0.40540541 0.6031746  0.59090909
 0.98076923 0.96969697 0.86206897]
2025-10-31 19:39:46,521 - INFO - pod     recall    | micro: 0.840183; macro: 0.860749; score: [1.         0.97826087 0.67346939 0.72580645 0.67857143 0.76470588
 1.         1.         0.92592593]
2025-10-31 19:39:46,521 - INFO - pod     f1        | micro: 0.749491; macro: 0.791801; score: [0.93069307 0.89108911 0.61111111 0.52023121 0.63865546 0.66666667
 0.99029126 0.98461538 0.89285714]
2025-10-31 19:39:46,521 - INFO - ----------

2025-10-20 23:59:41,659 - INFO - ----------
2025-10-20 23:59:41,660 - INFO - evaluation
2025-10-20 23:59:41,660 - INFO - node     d1 | AC@1: 0.850746; AC@3: 0.850746; AC@5: 0.850746
2025-10-20 23:59:41,660 - INFO - node     d2 | AC@1: 0.522388; AC@3: 0.611940; AC@5: 0.626866
2025-10-20 23:59:41,660 - INFO - service  d1 | AC@1: 0.897727; AC@3: 0.920455; AC@5: 0.931818
2025-10-20 23:59:41,660 - INFO - service  d2 | AC@1: 0.352273; AC@3: 0.590909; AC@5: 0.738636
2025-10-20 23:59:41,660 - INFO - pod      d1 | AC@1: 0.627907; AC@3: 0.686047; AC@5: 0.767442
2025-10-20 23:59:41,660 - INFO - pod      d2 | AC@1: 0.162791; AC@3: 0.360465; AC@5: 0.511628
2025-10-20 23:59:41,660 - INFO - ----------
----GATNet----
GAT_name1:  GATv2Conv
GAT_name2:  GATConv
activ_fun1:  relu6
activ_fun2:  relu6

NO. 1. FeatureIntegration using MultiScaleConvSEAttention with squeeze_type=conv, excite_type=fc
2025-12-16 03:19:21,215 - INFO - ----------
2025-12-16 03:19:21,216 - INFO - evaluation dataset type: test
2025-12-16 03:19:21,236 - INFO - node    precision | micro: 0.677419; macro: 0.728241; score: [0.77777778 0.7        1.         0.45833333 0.73333333 0.7       ]
2025-12-16 03:19:21,237 - INFO - node    recall    | micro: 0.940299; macro: 0.930556; score: [1.         1.         0.66666667 0.91666667 1.         1.        ]
2025-12-16 03:19:21,238 - INFO - node    f1        | micro: 0.787500; macro: 0.796554; score: [0.875      0.82352941 0.8        0.61111111 0.84615385 0.82352941]
2025-12-16 03:19:21,265 - INFO - service precision | micro: 0.774194; macro: 0.825071; score: [1.         0.9        0.66666667 0.5        0.69230769 0.66666667
 1.         1.         1.        ]
2025-12-16 03:19:21,266 - INFO - service recall    | micro: 0.818182; macro: 0.853704; score: [1.         1.         0.6        0.66666667 0.75       0.66666667
 1.         1.         1.        ]
2025-12-16 03:19:21,267 - INFO - service f1        | micro: 0.795580; macro: 0.837449; score: [1.         0.94736842 0.63157895 0.57142857 0.72       0.66666667
 1.         1.         1.        ]
2025-12-16 03:19:21,341 - INFO - pod     precision | micro: 0.677536; macro: 0.749337; score: [0.95918367 0.9        0.51612903 0.44117647 0.61428571 0.51923077
 0.96226415 0.96969697 0.86206897]
2025-12-16 03:19:21,343 - INFO - pod     recall    | micro: 0.853881; macro: 0.871670; score: [1.         0.97826087 0.65306122 0.72580645 0.76785714 0.79411765
 1.         1.         0.92592593]
2025-12-16 03:19:21,343 - INFO - pod     f1        | micro: 0.755556; macro: 0.801190; score: [0.97916667 0.9375     0.57657658 0.54878049 0.68253968 0.62790698
 0.98076923 0.98461538 0.89285714]
2025-12-16 03:19:21,344 - INFO - ----------
FeatureIntegration using MultiScaleConvSEAttention with squeeze_type=conv, excite_type=fc
----GATNet----
GAT_name1:  GATConv
GAT_name2:  GATv2Conv
activ_fun1:  relu6
activ_fun2:  relu6
✅ Finished: conv_fc_GATConv_GATv2Conv_relu6_relu6 → log saved to /root/shared-nvme/work/code/RCA/IncluRCA/code/logs/train_conv_fc_GATConv_GATv2Conv_relu6_relu6.log



# FeatureIntegration using MultiScaleConvSEAttention with squeeze_type=max, excite_type=conv start

2025-12-07 01:19:40,524 - INFO - ----------
2025-12-07 01:19:40,525 - INFO - evaluation dataset type: test
2025-12-07 01:19:40,546 - INFO - node    precision | micro: 0.652174; macro: 0.721481; score: [0.77777778 0.77777778 1.         0.44       0.61111111 0.72222222]
2025-12-07 01:19:40,547 - INFO - node    recall    | micro: 0.895522; macro: 0.881614; score: [1.         1.         0.44444444 0.91666667 1.         0.92857143]
2025-12-07 01:19:40,548 - INFO - node    f1        | micro: 0.754717; macro: 0.755183; score: [0.875      0.875      0.61538462 0.59459459 0.75862069 0.8125    ]
2025-12-07 01:19:40,575 - INFO - service precision | micro: 0.810127; macro: 0.829630; score: [0.9        0.9        0.83333333 0.33333333 0.75       0.91666667
 1.         1.         0.83333333]
2025-12-07 01:19:40,576 - INFO - service recall    | micro: 0.727273; macro: 0.766667; score: [1.         1.         0.5        0.33333333 0.5        0.73333333
 1.         0.83333333 1.        ]
2025-12-07 01:19:40,576 - INFO - service f1        | micro: 0.766467; macro: 0.787341; score: [0.94736842 0.94736842 0.625      0.33333333 0.6        0.81481481
 1.         0.90909091 0.90909091]
2025-12-07 01:19:40,650 - INFO - pod     precision | micro: 0.722222; macro: 0.761649; score: [0.94       0.85185185 0.60784314 0.39759036 0.59016393 0.69863014
 1.         0.94117647 0.82758621]
2025-12-07 01:19:40,651 - INFO - pod     recall    | micro: 0.801370; macro: 0.827406; score: [1.         1.         0.63265306 0.53225806 0.64285714 0.75
 1.         1.         0.88888889]
2025-12-07 01:19:40,652 - INFO - pod     f1        | micro: 0.759740; macro: 0.792208; score: [0.96907216 0.92       0.62       0.45517241 0.61538462 0.72340426
 1.         0.96969697 0.85714286]
2025-12-07 01:19:40,653 - INFO - ----------
FeatureIntegration using MultiScaleConvSEAttention with squeeze_type=max, excite_type=conv
----GATNet----
GAT_name1:  GATv2Conv
GAT_name2:  GATConv
activ_fun1:  relu6
activ_fun2:  celu/elu

2025-12-07 03:38:44,133 - INFO - ----------
2025-12-07 03:38:44,133 - INFO - evaluation
2025-12-07 03:38:44,133 - INFO - node     d1 | AC@1: 0.925373; AC@3: 0.925373; AC@5: 0.925373
2025-12-07 03:38:44,134 - INFO - node     d2 | AC@1: 0.507463; AC@3: 0.716418; AC@5: 0.716418
2025-12-07 03:38:44,134 - INFO - service  d1 | AC@1: 0.806818; AC@3: 0.840909; AC@5: 0.875000
2025-12-07 03:38:44,135 - INFO - service  d2 | AC@1: 0.363636; AC@3: 0.579545; AC@5: 0.750000
2025-12-07 03:38:44,135 - INFO - pod      d1 | AC@1: 0.418605; AC@3: 0.558140; AC@5: 0.639535
2025-12-07 03:38:44,136 - INFO - pod      d2 | AC@1: 0.151163; AC@3: 0.372093; AC@5: 0.546512
2025-12-07 03:38:44,136 - INFO - ----------
FeatureIntegration using MultiScaleConvSEAttention with squeeze_type=avg, excite_type=conv
----GATNet----
GAT_name1:  GATv2Conv
GAT_name2:  GATConv
activ_fun1:  relu6
activ_fun2:  celu/elu

# FeatureIntegration using MultiScaleConvSEAttention with squeeze_type=max, excite_type=conv end



FeatureIntegration using MultiScaleConvSEAttention with squeeze_type=avg, excite_type=conv
----GATNet----
GAT_name1:  GATv2Conv
GAT_name2:  GATConv
activ_fun1:  relu6
activ_fun2:  relu6
✅ Finished: avg + conv → log saved to train_avg_conv.log
reduction=32
2025-11-10 17:31:56,563 - INFO - ----------
2025-11-10 17:31:56,563 - INFO - evaluation dataset type: test
2025-11-10 17:31:56,583 - INFO - node    precision | micro: 0.688889; macro: 0.735266; score: [0.77777778 0.7        1.         0.47826087 0.73333333 0.72222222]
2025-11-10 17:31:56,583 - INFO - node    recall    | micro: 0.925373; macro: 0.918651; score: [1.         1.         0.66666667 0.91666667 1.         0.92857143]
2025-11-10 17:31:56,583 - INFO - node    f1        | micro: 0.789809; macro: 0.797626; score: [0.875      0.82352941 0.8        0.62857143 0.84615385 0.8125    ]
2025-11-10 17:31:56,610 - INFO - service precision | micro: 0.788235; macro: 0.828382; score: [1.         0.81818182 0.66666667 0.47058824 0.83333333 0.83333333
 1.         1.         0.83333333]
2025-11-10 17:31:56,610 - INFO - service recall    | micro: 0.761364; macro: 0.798148; score: [1.         1.         0.6        0.66666667 0.41666667 0.66666667
 1.         0.83333333 1.        ]
2025-11-10 17:31:56,610 - INFO - service f1        | micro: 0.774566; macro: 0.799753; score: [1.         0.9        0.63157895 0.55172414 0.55555556 0.74074074
 1.         0.90909091 0.90909091]
2025-11-10 17:31:56,684 - INFO - pod     precision | micro: 0.700576; macro: 0.749547; score: [0.90384615 0.86792453 0.49333333 0.41758242 0.73913043 0.65060241
 0.94444444 0.94117647 0.78787879]
2025-11-10 17:31:56,684 - INFO - pod     recall    | micro: 0.833333; macro: 0.859137; score: [1.         1.         0.75510204 0.61290323 0.60714286 0.79411765
 1.         1.         0.96296296]
2025-11-10 17:31:56,684 - INFO - pod     f1        | micro: 0.761210; macro: 0.795776; score: [0.94949495 0.92929293 0.59677419 0.49673203 0.66666667 0.71523179
 0.97142857 0.96969697 0.86666667]
2025-11-10 17:31:56,685 - INFO - ----------


FeatureIntegration using MultiScaleConvSEAttention with squeeze_type=max, excite_type=conv
----GATNet----
GAT_name1:  GATv2Conv
GAT_name2:  GATConv
activ_fun1:  relu6
activ_fun2:  relu6
✅ Finished: max + conv → log saved to train_max_conv.log
reduction=32
2025-11-10 22:46:34,892 - INFO - ----------
2025-11-10 22:46:34,892 - INFO - evaluation dataset type: test
2025-11-10 22:46:34,911 - INFO - node    precision | micro: 0.720930; macro: 0.757858; score: [0.77777778 0.77777778 1.         0.52631579 0.6875     0.77777778]
2025-11-10 22:46:34,912 - INFO - node    recall    | micro: 0.925373; macro: 0.916667; score: [1.         1.         0.66666667 0.83333333 1.         1.        ]
2025-11-10 22:46:34,912 - INFO - node    f1        | micro: 0.810458; macro: 0.814163; score: [0.875      0.875      0.8        0.64516129 0.81481481 0.875     ]
2025-11-10 22:46:34,938 - INFO - service precision | micro: 0.790123; macro: 0.807657; score: [1.         0.9        0.55555556 0.53846154 0.71428571 0.72727273
 1.         1.         0.83333333]
2025-11-10 22:46:34,938 - INFO - service recall    | micro: 0.727273; macro: 0.781481; score: [1.         1.         0.5        0.58333333 0.41666667 0.53333333
 1.         1.         1.        ]
2025-11-10 22:46:34,939 - INFO - service f1        | micro: 0.757396; macro: 0.787164; score: [1.         0.94736842 0.52631579 0.56       0.52631579 0.61538462
 1.         1.         0.90909091]
2025-11-10 22:46:35,018 - INFO - pod     precision | micro: 0.729293; macro: 0.778469; score: [0.92156863 0.88235294 0.55932203 0.5        0.73913043 0.58241758
 1.         1.         0.82142857]
2025-11-10 22:46:35,018 - INFO - pod     recall    | micro: 0.824201; macro: 0.842632; score: [1.         0.97826087 0.67346939 0.69354839 0.60714286 0.77941176
 1.         1.         0.85185185]
2025-11-10 22:46:35,018 - INFO - pod     f1        | micro: 0.773848; macro: 0.805434; score: [0.95918367 0.92783505 0.61111111 0.58108108 0.66666667 0.66666667
 1.         1.         0.83636364]
2025-11-10 22:46:35,018 - INFO - ----------



#  feature_integration_CTMSA
2025-11-04 12:16:33,633 - INFO - ---------- 6 weak (service pod 全面超越)
2025-11-04 12:16:33,633 - INFO - evaluation dataset type: test
2025-11-04 12:16:33,653 - INFO - node    precision | micro: 0.631579; macro: 0.694936; score: [0.85714286 0.5        1.         0.42857143 0.64705882 0.73684211]
2025-11-04 12:16:33,653 - INFO - node    recall    | micro: 0.895522; macro: 0.878307; score: [0.85714286 0.85714286 0.55555556 1.         1.         1.        ]
2025-11-04 12:16:33,653 - INFO - node    f1        | micro: 0.740741; macro: 0.739534; score: [0.85714286 0.63157895 0.71428571 0.6        0.78571429 0.84848485]
2025-11-04 12:16:33,680 - INFO - service precision | micro: 0.835294; macro: 0.866503; score: [1.         0.81818182 0.77777778 0.6        1.         0.76923077
 1.         1.         0.83333333]
2025-11-04 12:16:33,680 - INFO - service recall    | micro: 0.806818; macro: 0.846296; score: [1.         1.         0.7        0.75       0.5        0.66666667
 1.         1.         1.        ]
2025-11-04 12:16:33,680 - INFO - service f1        | micro: 0.820809; macro: 0.843728; score: [1.         0.9        0.73684211 0.66666667 0.66666667 0.71428571
 1.         1.         0.90909091]
2025-11-04 12:16:33,753 - INFO - pod     precision | micro: 0.752016; macro: 0.801627; score: [0.97916667 0.80357143 0.5483871  0.50588235 0.90909091 0.63218391
 1.         0.96969697 0.86666667]
2025-11-04 12:16:33,753 - INFO - pod     recall    | micro: 0.851598; macro: 0.872418; score: [1.         0.97826087 0.69387755 0.69354839 0.71428571 0.80882353
 1.         1.         0.96296296]
2025-11-04 12:16:33,753 - INFO - pod     f1        | micro: 0.798715; macro: 0.830672; score: [0.98947368 0.88235294 0.61261261 0.58503401 0.8        0.70967742
 1.         0.98461538 0.9122807 ]
2025-11-04 12:16:33,753 - INFO - ----------
----GATNet----
GAT_name1:  GATConv
GAT_name2:  GATv2Conv
activ_fun1:  relu6
activ_fun2:  selu

2025-11-03 06:56:09,917 - INFO - ---------- 3 weak
2025-11-03 06:56:09,917 - INFO - evaluation dataset type: test
2025-11-03 06:56:09,938 - INFO - node    precision | micro: 0.714286; macro: 0.749603; score: [0.92857143 0.75       0.83333333 0.5        0.78571429 0.7       ]
2025-11-03 06:56:09,938 - INFO - node    recall    | micro: 0.895522; macro: 0.876323; score: [0.92857143 0.85714286 0.55555556 0.91666667 1.         1.        ]
2025-11-03 06:56:09,938 - INFO - node    f1        | micro: 0.794702; macro: 0.790971; score: [0.92857143 0.8        0.66666667 0.64705882 0.88       0.82352941]
2025-11-03 06:56:09,965 - INFO - service precision | micro: 0.850000; macro: 0.861616; score: [0.81818182 0.9        0.6        0.63636364 1.         1.
 1.         1.         0.8       ]
2025-11-03 06:56:09,965 - INFO - service recall    | micro: 0.772727; macro: 0.803704; score: [1.         1.         0.6        0.58333333 0.58333333 0.66666667
 1.         1.         0.8       ]
2025-11-03 06:56:09,965 - INFO - service f1        | micro: 0.809524; macro: 0.821434; score: [0.9        0.94736842 0.6        0.60869565 0.73684211 0.8
 1.         1.         0.8       ]
2025-11-03 06:56:10,039 - INFO - pod     precision | micro: 0.739563; macro: 0.777078; score: [0.85454545 0.95744681 0.54545455 0.48275862 0.71666667 0.69135802
 0.98076923 1.         0.76470588]
2025-11-03 06:56:10,040 - INFO - pod     recall    | micro: 0.849315; macro: 0.869142; score: [1.         0.97826087 0.6122449  0.67741935 0.76785714 0.82352941
 1.         1.         0.96296296]
2025-11-03 06:56:10,040 - INFO - pod     f1        | micro: 0.790648; macro: 0.818422; score: [0.92156863 0.96774194 0.57692308 0.56375839 0.74137931 0.75167785
 0.99029126 1.         0.85245902]
2025-11-03 06:56:10,040 - INFO - ----------
----GATNet----
GAT_name1:  GATConv
GAT_name2:  GATConv
activ_fun1:  selu
activ_fun2:  celu

2025-11-03 07:52:17,472 - INFO - ---------- 3 weak
2025-11-03 07:52:17,473 - INFO - evaluation dataset type: test
2025-11-03 07:52:17,492 - INFO - node    precision | micro: 0.714286; macro: 0.749603; score: [0.92857143 0.75       0.83333333 0.5        0.78571429 0.7       ]
2025-11-03 07:52:17,492 - INFO - node    recall    | micro: 0.895522; macro: 0.876323; score: [0.92857143 0.85714286 0.55555556 0.91666667 1.         1.        ]
2025-11-03 07:52:17,493 - INFO - node    f1        | micro: 0.794702; macro: 0.790971; score: [0.92857143 0.8        0.66666667 0.64705882 0.88       0.82352941]
2025-11-03 07:52:17,521 - INFO - service precision | micro: 0.850000; macro: 0.861616; score: [0.81818182 0.9        0.6        0.63636364 1.         1.
 1.         1.         0.8       ]
2025-11-03 07:52:17,522 - INFO - service recall    | micro: 0.772727; macro: 0.803704; score: [1.         1.         0.6        0.58333333 0.58333333 0.66666667
 1.         1.         0.8       ]
2025-11-03 07:52:17,522 - INFO - service f1        | micro: 0.809524; macro: 0.821434; score: [0.9        0.94736842 0.6        0.60869565 0.73684211 0.8
 1.         1.         0.8       ]
2025-11-03 07:52:17,599 - INFO - pod     precision | micro: 0.739563; macro: 0.777078; score: [0.85454545 0.95744681 0.54545455 0.48275862 0.71666667 0.69135802
 0.98076923 1.         0.76470588]
2025-11-03 07:52:17,600 - INFO - pod     recall    | micro: 0.849315; macro: 0.869142; score: [1.         0.97826087 0.6122449  0.67741935 0.76785714 0.82352941
 1.         1.         0.96296296]
2025-11-03 07:52:17,600 - INFO - pod     f1        | micro: 0.790648; macro: 0.818422; score: [0.92156863 0.96774194 0.57692308 0.56375839 0.74137931 0.75167785
 0.99029126 1.         0.85245902]
2025-11-03 07:52:17,600 - INFO - ----------
----GATNet----
GAT_name1:  GATConv
GAT_name2:  GATConv
activ_fun1:  selu
activ_fun2:  elu

# gat1 GATv2Conv elu
# gat2 GATConv relu6
# gat3 GATConv relu6
2025-10-31 21:19:17,796 - INFO - ---------- 5 weak
2025-10-31 21:19:17,796 - INFO - evaluation dataset type: test
2025-10-31 21:19:17,816 - INFO - node    precision | micro: 0.678571; macro: 0.715866; score: [0.76470588 0.55555556 1.         0.52380952 0.71428571 0.73684211]
2025-10-31 21:19:17,816 - INFO - node    recall    | micro: 0.850746; macro: 0.818843; score: [0.92857143 0.71428571 0.44444444 0.91666667 0.90909091 1.        ]
2025-10-31 21:19:17,816 - INFO - node    f1        | micro: 0.754967; macro: 0.732374; score: [0.83870968 0.625      0.61538462 0.66666667 0.8        0.84848485]
2025-10-31 21:19:17,843 - INFO - service precision | micro: 0.786517; macro: 0.852789; score: [1.         0.9        0.66666667 0.58823529 1.         0.61111111
 0.90909091 1.         1.        ]
2025-10-31 21:19:17,843 - INFO - service recall    | micro: 0.795455; macro: 0.833333; score: [1.         1.         0.6        0.83333333 0.33333333 0.73333333
 1.         1.         1.        ]
2025-10-31 21:19:17,844 - INFO - service f1        | micro: 0.790960; macro: 0.820850; score: [1.         0.94736842 0.63157895 0.68965517 0.5        0.66666667
 0.95238095 1.         1.        ]
2025-10-31 21:19:17,917 - INFO - pod     precision | micro: 0.681481; macro: 0.749563; score: [0.85454545 0.82142857 0.52631579 0.44660194 0.80851064 0.5
 0.96226415 0.86486486 0.96153846]
2025-10-31 21:19:17,918 - INFO - pod     recall    | micro: 0.840183; macro: 0.859788; score: [1.         1.         0.6122449  0.74193548 0.67857143 0.77941176
 1.         1.         0.92592593]
2025-10-31 21:19:17,918 - INFO - pod     f1        | micro: 0.752556; macro: 0.793989; score: [0.92156863 0.90196078 0.56603774 0.55757576 0.73786408 0.6091954
 0.98076923 0.92753623 0.94339623]
2025-10-31 21:19:17,918 - INFO - ----------
GAT in_dim: 512, hidden_dim: 64, heads: 4, gat_out_dim: 256

2025-11-03 05:01:26,173 - INFO - ---------- 8 weak
2025-11-03 05:01:26,173 - INFO - evaluation dataset type: test
2025-11-03 05:01:26,193 - INFO - node    precision | micro: 0.648936; macro: 0.674705; score: [0.77777778 0.54545455 0.83333333 0.45833333 0.73333333 0.7       ]
2025-11-03 05:01:26,193 - INFO - node    recall    | micro: 0.910448; macro: 0.888228; score: [1.         0.85714286 0.55555556 0.91666667 1.         1.        ]
2025-11-03 05:01:26,193 - INFO - node    f1        | micro: 0.757764; macro: 0.748188; score: [0.875      0.66666667 0.66666667 0.61111111 0.84615385 0.82352941]
2025-11-03 05:01:26,220 - INFO - service precision | micro: 0.855422; macro: 0.872609; score: [1.         0.75       0.61538462 0.85714286 1.         0.91666667
 1.         1.         0.71428571]
2025-11-03 05:01:26,220 - INFO - service recall    | micro: 0.806818; macro: 0.844444; score: [1.         1.         0.8        0.5        0.66666667 0.73333333
 0.9        1.         1.        ]
2025-11-03 05:01:26,220 - INFO - service f1        | micro: 0.830409; macro: 0.842210; score: [1.         0.85714286 0.69565217 0.63157895 0.8        0.81481481
 0.94736842 1.         0.83333333]
2025-11-03 05:01:26,293 - INFO - pod     precision | micro: 0.680734; macro: 0.729660; score: [0.75806452 0.8490566  0.33980583 0.62903226 0.67241379 0.6746988
 0.94444444 0.96969697 0.72972973]
2025-11-03 05:01:26,293 - INFO - pod     recall    | micro: 0.847032; macro: 0.871282; score: [1.         0.97826087 0.71428571 0.62903226 0.69642857 0.82352941
 1.         1.         1.        ]
2025-11-03 05:01:26,293 - INFO - pod     f1        | micro: 0.754832; macro: 0.787418; score: [0.86238532 0.90909091 0.46052632 0.62903226 0.68421053 0.74172185
 0.97142857 0.98461538 0.84375   ]
2025-11-03 05:01:26,293 - INFO - ----------
----GATNet----
GAT_name1:  GATConv
GAT_name2:  GATConv
activ_fun1:  celu
activ_fun2:  selu

2025-11-03 11:12:34,544 - INFO - ---------- 8 weak
2025-11-03 11:12:34,544 - INFO - evaluation dataset type: test
2025-11-03 11:12:34,564 - INFO - node    precision | micro: 0.648936; macro: 0.674705; score: [0.77777778 0.54545455 0.83333333 0.45833333 0.73333333 0.7       ]
2025-11-03 11:12:34,564 - INFO - node    recall    | micro: 0.910448; macro: 0.888228; score: [1.         0.85714286 0.55555556 0.91666667 1.         1.        ]
2025-11-03 11:12:34,564 - INFO - node    f1        | micro: 0.757764; macro: 0.748188; score: [0.875      0.66666667 0.66666667 0.61111111 0.84615385 0.82352941]
2025-11-03 11:12:34,591 - INFO - service precision | micro: 0.855422; macro: 0.872609; score: [1.         0.75       0.61538462 0.85714286 1.         0.91666667
 1.         1.         0.71428571]
2025-11-03 11:12:34,591 - INFO - service recall    | micro: 0.806818; macro: 0.844444; score: [1.         1.         0.8        0.5        0.66666667 0.73333333
 0.9        1.         1.        ]
2025-11-03 11:12:34,591 - INFO - service f1        | micro: 0.830409; macro: 0.842210; score: [1.         0.85714286 0.69565217 0.63157895 0.8        0.81481481
 0.94736842 1.         0.83333333]
2025-11-03 11:12:34,666 - INFO - pod     precision | micro: 0.680734; macro: 0.729660; score: [0.75806452 0.8490566  0.33980583 0.62903226 0.67241379 0.6746988
 0.94444444 0.96969697 0.72972973]
2025-11-03 11:12:34,666 - INFO - pod     recall    | micro: 0.847032; macro: 0.871282; score: [1.         0.97826087 0.71428571 0.62903226 0.69642857 0.82352941
 1.         1.         1.        ]
2025-11-03 11:12:34,666 - INFO - pod     f1        | micro: 0.754832; macro: 0.787418; score: [0.86238532 0.90909091 0.46052632 0.62903226 0.68421053 0.74172185
 0.97142857 0.98461538 0.84375   ]
2025-11-03 11:12:34,666 - INFO - ----------
----GATNet----
GAT_name1:  GATConv
GAT_name2:  GATConv
activ_fun1:  elu
activ_fun2:  selu


2025-11-10 15:48:04,042 - INFO - ----------
2025-11-10 15:48:04,042 - INFO - evaluation dataset type: test
2025-11-10 15:48:04,063 - INFO - node    precision | micro: 0.720930; macro: 0.748148; score: [0.77777778 0.7        1.         0.55555556 0.73333333 0.72222222]
2025-11-10 15:48:04,063 - INFO - node    recall    | micro: 0.925373; macro: 0.923280; score: [1.         1.         0.77777778 0.83333333 1.         0.92857143]
2025-11-10 15:48:04,063 - INFO - node    f1        | micro: 0.810458; macro: 0.816475; score: [0.875      0.82352941 0.875      0.66666667 0.84615385 0.8125    ]
2025-11-10 15:48:04,090 - INFO - service precision | micro: 0.776471; macro: 0.811929; score: [1.         0.81818182 0.57142857 0.5        0.85714286 0.72727273
 1.         1.         0.83333333]
2025-11-10 15:48:04,090 - INFO - service recall    | micro: 0.750000; macro: 0.796296; score: [1.         1.         0.8        0.5        0.5        0.53333333
 1.         0.83333333 1.        ]
2025-11-10 15:48:04,090 - INFO - service f1        | micro: 0.763006; macro: 0.792424; score: [1.         0.9        0.66666667 0.5        0.63157895 0.61538462
 1.         0.90909091 0.90909091]
2025-11-10 15:48:04,164 - INFO - pod     precision | micro: 0.706458; macro: 0.753355; score: [0.87037037 0.80357143 0.40229885 0.47297297 0.75510204 0.72368421
 0.98076923 0.91428571 0.85714286]
2025-11-10 15:48:04,164 - INFO - pod     recall    | micro: 0.824201; macro: 0.846165; score: [1.         0.97826087 0.71428571 0.56451613 0.66071429 0.80882353
 1.         1.         0.88888889]
2025-11-10 15:48:04,165 - INFO - pod     f1        | micro: 0.760801; macro: 0.792150; score: [0.93069307 0.88235294 0.51470588 0.51470588 0.7047619  0.76388889
 0.99029126 0.95522388 0.87272727]
2025-11-10 15:48:04,165 - INFO - ----------
FeatureIntegration using MultiScaleConvSEAttention with squeeze_type=avg, excite_type=fc
----GATNet----
GAT_name1:  GATv2Conv
GAT_name2:  GATConv
activ_fun1:  relu6
activ_fun2:  relu6
✅ Finished: avg + fc → log saved to train_avg_fc.log
reduction=32

2025-11-10 17:31:56,563 - INFO - ----------
2025-11-10 17:31:56,563 - INFO - evaluation dataset type: test
2025-11-10 17:31:56,583 - INFO - node    precision | micro: 0.688889; macro: 0.735266; score: [0.77777778 0.7        1.         0.47826087 0.73333333 0.72222222]
2025-11-10 17:31:56,583 - INFO - node    recall    | micro: 0.925373; macro: 0.918651; score: [1.         1.         0.66666667 0.91666667 1.         0.92857143]
2025-11-10 17:31:56,583 - INFO - node    f1        | micro: 0.789809; macro: 0.797626; score: [0.875      0.82352941 0.8        0.62857143 0.84615385 0.8125    ]
2025-11-10 17:31:56,610 - INFO - service precision | micro: 0.788235; macro: 0.828382; score: [1.         0.81818182 0.66666667 0.47058824 0.83333333 0.83333333
 1.         1.         0.83333333]
2025-11-10 17:31:56,610 - INFO - service recall    | micro: 0.761364; macro: 0.798148; score: [1.         1.         0.6        0.66666667 0.41666667 0.66666667
 1.         0.83333333 1.        ]
2025-11-10 17:31:56,610 - INFO - service f1        | micro: 0.774566; macro: 0.799753; score: [1.         0.9        0.63157895 0.55172414 0.55555556 0.74074074
 1.         0.90909091 0.90909091]
2025-11-10 17:31:56,684 - INFO - pod     precision | micro: 0.700576; macro: 0.749547; score: [0.90384615 0.86792453 0.49333333 0.41758242 0.73913043 0.65060241
 0.94444444 0.94117647 0.78787879]
2025-11-10 17:31:56,684 - INFO - pod     recall    | micro: 0.833333; macro: 0.859137; score: [1.         1.         0.75510204 0.61290323 0.60714286 0.79411765
 1.         1.         0.96296296]
2025-11-10 17:31:56,684 - INFO - pod     f1        | micro: 0.761210; macro: 0.795776; score: [0.94949495 0.92929293 0.59677419 0.49673203 0.66666667 0.71523179
 0.97142857 0.96969697 0.86666667]
2025-11-10 17:31:56,685 - INFO - ----------
FeatureIntegration using MultiScaleConvSEAttention with squeeze_type=avg, excite_type=conv
----GATNet----
GAT_name1:  GATv2Conv
GAT_name2:  GATConv
activ_fun1:  relu6
activ_fun2:  relu6
✅ Finished: avg + conv → log saved to train_avg_conv.log
reduction=32

2025-11-10 22:46:34,892 - INFO - ----------
2025-11-10 22:46:34,892 - INFO - evaluation dataset type: test
2025-11-10 22:46:34,911 - INFO - node    precision | micro: 0.720930; macro: 0.757858; score: [0.77777778 0.77777778 1.         0.52631579 0.6875     0.77777778]
2025-11-10 22:46:34,912 - INFO - node    recall    | micro: 0.925373; macro: 0.916667; score: [1.         1.         0.66666667 0.83333333 1.         1.        ]
2025-11-10 22:46:34,912 - INFO - node    f1        | micro: 0.810458; macro: 0.814163; score: [0.875      0.875      0.8        0.64516129 0.81481481 0.875     ]
2025-11-10 22:46:34,938 - INFO - service precision | micro: 0.790123; macro: 0.807657; score: [1.         0.9        0.55555556 0.53846154 0.71428571 0.72727273
 1.         1.         0.83333333]
2025-11-10 22:46:34,938 - INFO - service recall    | micro: 0.727273; macro: 0.781481; score: [1.         1.         0.5        0.58333333 0.41666667 0.53333333
 1.         1.         1.        ]
2025-11-10 22:46:34,939 - INFO - service f1        | micro: 0.757396; macro: 0.787164; score: [1.         0.94736842 0.52631579 0.56       0.52631579 0.61538462
 1.         1.         0.90909091]
2025-11-10 22:46:35,018 - INFO - pod     precision | micro: 0.729293; macro: 0.778469; score: [0.92156863 0.88235294 0.55932203 0.5        0.73913043 0.58241758
 1.         1.         0.82142857]
2025-11-10 22:46:35,018 - INFO - pod     recall    | micro: 0.824201; macro: 0.842632; score: [1.         0.97826087 0.67346939 0.69354839 0.60714286 0.77941176
 1.         1.         0.85185185]
2025-11-10 22:46:35,018 - INFO - pod     f1        | micro: 0.773848; macro: 0.805434; score: [0.95918367 0.92783505 0.61111111 0.58108108 0.66666667 0.66666667
 1.         1.         0.83636364]
2025-11-10 22:46:35,018 - INFO - ----------
FeatureIntegration using MultiScaleConvSEAttention with squeeze_type=max, excite_type=conv
----GATNet----
GAT_name1:  GATv2Conv
GAT_name2:  GATConv
activ_fun1:  relu6
activ_fun2:  relu6
✅ Finished: max + conv → log saved to train_max_conv.log
reduction=32

2025-11-11 03:54:28,940 - INFO - ----------
2025-11-11 03:54:28,940 - INFO - evaluation dataset type: test
2025-11-11 03:54:28,959 - INFO - node    precision | micro: 0.693182; macro: 0.746650; score: [0.77777778 0.77777778 1.         0.5        0.6875     0.73684211]
2025-11-11 03:54:28,959 - INFO - node    recall    | micro: 0.910448; macro: 0.893519; score: [1.         1.         0.44444444 0.91666667 1.         1.        ]
2025-11-11 03:54:28,960 - INFO - node    f1        | micro: 0.787097; macro: 0.779291; score: [0.875      0.875      0.61538462 0.64705882 0.81481481 0.84848485]
2025-11-11 03:54:28,985 - INFO - service precision | micro: 0.755814; macro: 0.783686; score: [1.         0.9        0.55555556 0.46666667 0.75       0.66666667
 1.         1.         0.71428571]
2025-11-11 03:54:28,986 - INFO - service recall    | micro: 0.738636; macro: 0.790741; score: [1.         1.         0.5        0.58333333 0.5        0.53333333
 1.         1.         1.        ]
2025-11-11 03:54:28,986 - INFO - service f1        | micro: 0.747126; macro: 0.779792; score: [1.         0.94736842 0.52631579 0.51851852 0.6        0.59259259
 1.         1.         0.83333333]
2025-11-11 03:54:29,058 - INFO - pod     precision | micro: 0.698077; macro: 0.761073; score: [0.94       0.8        0.56896552 0.45238095 0.71698113 0.50925926
 1.         1.         0.86206897]
2025-11-11 03:54:29,059 - INFO - pod     recall    | micro: 0.828767; macro: 0.850691; score: [1.         0.95652174 0.67346939 0.61290323 0.67857143 0.80882353
 1.         1.         0.92592593]
2025-11-11 03:54:29,059 - INFO - pod     f1        | micro: 0.757829; macro: 0.799204; score: [0.96907216 0.87128713 0.61682243 0.52054795 0.69724771 0.625
 1.         1.         0.89285714]
2025-11-11 03:54:29,059 - INFO - ----------
FeatureIntegration using MultiScaleConvSEAttention with squeeze_type=avg_max, excite_type=conv
----GATNet----
GAT_name1:  GATv2Conv
GAT_name2:  GATConv
activ_fun1:  relu6
activ_fun2:  relu6
✅ Finished: avg_max + conv → log saved to train_avg_max_conv.log
reduction=32