nohup: ignoring input

  0%|          | 0/6 [00:00<?, ?it/s]
Trace dataset generating:   0%|          | 0/6 [01:19<?, ?it/s]
Trace dataset generating:  17%|█▋        | 1/6 [01:19<06:39, 80.00s/it]
Trace dataset generating:  17%|█▋        | 1/6 [02:40<06:39, 80.00s/it]
Trace dataset generating:  33%|███▎      | 2/6 [02:40<05:20, 80.10s/it]
Trace dataset generating:  33%|███▎      | 2/6 [04:00<05:20, 80.10s/it]
Trace dataset generating:  50%|█████     | 3/6 [04:00<04:00, 80.07s/it]
Trace dataset generating:  50%|█████     | 3/6 [05:20<04:00, 80.07s/it]
Trace dataset generating:  67%|██████▋   | 4/6 [05:20<02:40, 80.15s/it]
Trace dataset generating:  67%|██████▋   | 4/6 [06:41<02:40, 80.15s/it]
Trace dataset generating:  83%|████████▎ | 5/6 [06:41<01:20, 80.59s/it]
Trace dataset generating:  83%|████████▎ | 5/6 [08:02<01:20, 80.59s/it]
Trace dataset generating: 100%|██████████| 6/6 [08:02<00:00, 80.63s/it]
Trace dataset generating: 100%|██████████| 6/6 [08:02<00:00, 80.43s/it]
7
Processing train_valid data...
Processing test data...
Processing normal_for_train_valid data...
Processing normal_for_test data...
9
Processing train_valid data...
Processing test data...
Processing normal_for_train_valid data...
Processing normal_for_test data...
11
Processing train_valid data...
Processing test data...
Processing normal_for_train_valid data...
Processing normal_for_test data...
13
Processing train_valid data...
Processing test data...
Processing normal_for_train_valid data...
Processing normal_for_test data...
15
Processing train_valid data...
Processing test data...
Processing normal_for_train_valid data...
Processing normal_for_test data...
17
Processing train_valid data...
Processing test data...
Processing normal_for_train_valid data...
Processing normal_for_test data...


nohup: ignoring input
  0%|          | 0/6 [00:00<?, ?it/s]Trace dataset generating:   0%|          | 0/6 [01:22<?, ?it/s]Trace dataset generating:  17%|█▋        | 1/6 [01:22<06:52, 82.41s/it]Trace dataset generating:  17%|█▋        | 1/6 [02:44<06:52, 82.41s/it]Trace dataset generating:  33%|███▎      | 2/6 [02:44<05:27, 81.96s/it]Trace dataset generating:  33%|███▎      | 2/6 [04:05<05:27, 81.96s/it]Trace dataset generating:  50%|█████     | 3/6 [04:05<04:05, 81.88s/it]Trace dataset generating:  50%|█████     | 3/6 [05:27<04:05, 81.88s/it]Trace dataset generating:  67%|██████▋   | 4/6 [05:27<02:43, 81.67s/it]Trace dataset generating:  67%|██████▋   | 4/6 [06:49<02:43, 81.67s/it]Trace dataset generating:  83%|████████▎ | 5/6 [06:49<01:21, 81.77s/it]Trace dataset generating:  83%|████████▎ | 5/6 [08:10<01:21, 81.77s/it]Trace dataset generating: 100%|██████████| 6/6 [08:10<00:00, 81.62s/it]Trace dataset generating: 100%|██████████| 6/6 [08:10<00:00, 81.74s/it]
7
Processing train_valid data...
Processing test data...
Processing normal_for_train_valid data...
Processing normal_for_test data...
9
Processing train_valid data...
Processing test data...
Processing normal_for_train_valid data...
Processing normal_for_test data...
11
Processing train_valid data...
Processing test data...
Processing normal_for_train_valid data...
Processing normal_for_test data...
13
Processing train_valid data...
Processing test data...
Processing normal_for_train_valid data...
Processing normal_for_test data...
15
Processing train_valid data...
Processing test data...
Processing normal_for_train_valid data...
Processing normal_for_test data...
17
Processing train_valid data...
Processing test data...
Processing normal_for_train_valid data...
Processing normal_for_test data...
