=== 内容从行 19981 开始的 16 行 ===
2025-11-02 08:35:21,563 - INFO - evaluation dataset type: test
2025-11-02 08:35:21,582 - INFO - node    precision | micro: 0.677778; macro: 0.675879; score: [0.82352941 0.55555556 0.66666667 0.52380952 0.78571429 0.7       ]
2025-11-02 08:35:21,583 - INFO - node    recall    | micro: 0.910448; macro: 0.882937; score: [1.         0.71428571 0.66666667 0.91666667 1.         1.        ]
2025-11-02 08:35:21,583 - INFO - node    f1        | micro: 0.777070; macro: 0.760848; score: [0.90322581 0.625      0.66666667 0.66666667 0.88       0.82352941]
2025-11-02 08:35:21,609 - INFO - service precision | micro: 0.719101; macro: 0.774397; score: [0.81818182 0.75       0.55555556 0.3125     1.         0.73333333
 1.         1.         0.8       ]
2025-11-02 08:35:21,610 - INFO - service recall    | micro: 0.727273; macro: 0.753704; score: [1.         1.         0.5        0.41666667 0.5        0.73333333
 1.         0.83333333 0.8       ]
2025-11-02 08:35:21,610 - INFO - service f1        | micro: 0.723164; macro: 0.749966; score: [0.9        0.85714286 0.52631579 0.35714286 0.66666667 0.73333333
 1.         0.90909091 0.8       ]
2025-11-02 08:35:21,684 - INFO - pod     precision | micro: 0.556765; macro: 0.603865; score: [0.734375   0.59210526 0.30909091 0.40909091 0.64912281 0.50909091
 0.75       0.76315789 0.71875   ]
2025-11-02 08:35:21,684 - INFO - pod     recall    | micro: 0.817352; macro: 0.832792; score: [1.         0.97826087 0.69387755 0.58064516 0.66071429 0.82352941
 1.         0.90625    0.85185185]
2025-11-02 08:35:21,684 - INFO - pod     f1        | micro: 0.662350; macro: 0.693520; score: [0.84684685 0.73770492 0.42767296 0.48       0.65486726 0.62921348
 0.85714286 0.82857143 0.77966102]

=== 内容从行 21636 开始的 16 行 ===
2025-11-02 09:30:57,266 - INFO - evaluation dataset type: test
2025-11-02 09:30:57,285 - INFO - node    precision | micro: 0.681818; macro: 0.741803; score: [0.73684211 0.75       1.         0.47826087 0.78571429 0.7       ]
2025-11-02 09:30:57,285 - INFO - node    recall    | micro: 0.895522; macro: 0.869709; score: [1.         0.85714286 0.44444444 0.91666667 1.         1.        ]
2025-11-02 09:30:57,286 - INFO - node    f1        | micro: 0.774194; macro: 0.765995; score: [0.84848485 0.8        0.61538462 0.62857143 0.88       0.82352941]
2025-11-02 09:30:57,312 - INFO - service precision | micro: 0.818182; macro: 0.835209; score: [0.9        0.81818182 0.5        0.72727273 1.         1.
 1.         1.         0.57142857]
2025-11-02 09:30:57,312 - INFO - service recall    | micro: 0.818182; macro: 0.840741; score: [1.         1.         0.7        0.66666667 0.66666667 0.73333333
 1.         1.         0.8       ]
2025-11-02 09:30:57,312 - INFO - service f1        | micro: 0.818182; macro: 0.826575; score: [0.94736842 0.9        0.58333333 0.69565217 0.8        0.84615385
 1.         1.         0.66666667]
2025-11-02 09:30:57,386 - INFO - pod     precision | micro: 0.651724; macro: 0.719445; score: [1.         0.8490566  0.33944954 0.53846154 0.67213115 0.54901961
 0.91071429 0.94117647 0.675     ]
2025-11-02 09:30:57,387 - INFO - pod     recall    | micro: 0.863014; macro: 0.885162; score: [1.         0.97826087 0.75510204 0.67741935 0.73214286 0.82352941
 1.         1.         1.        ]
2025-11-02 09:30:57,387 - INFO - pod     f1        | micro: 0.742633; macro: 0.785118; score: [1.         0.90909091 0.46835443 0.6        0.7008547  0.65882353
 0.95327103 0.96969697 0.80597015]

=== 内容从行 34991 开始的 16 行 ===
2025-11-02 18:16:09,915 - INFO - evaluation dataset type: test
2025-11-02 18:16:09,935 - INFO - node    precision | micro: 0.681818; macro: 0.695490; score: [0.8125     0.6        0.71428571 0.5        0.84615385 0.7       ]
2025-11-02 18:16:09,935 - INFO - node    recall    | micro: 0.895522; macro: 0.876323; score: [0.92857143 0.85714286 0.55555556 0.91666667 1.         1.        ]
2025-11-02 18:16:09,935 - INFO - node    f1        | micro: 0.774194; macro: 0.764134; score: [0.86666667 0.70588235 0.625      0.64705882 0.91666667 0.82352941]
2025-11-02 18:16:09,961 - INFO - service precision | micro: 0.812500; macro: 0.822391; score: [1.         0.81818182 0.625      0.58333333 0.875      1.
 0.83333333 1.         0.66666667]
2025-11-02 18:16:09,962 - INFO - service recall    | micro: 0.738636; macro: 0.766667; score: [1.         1.         0.5        0.58333333 0.58333333 0.6
 1.         0.83333333 0.8       ]
2025-11-02 18:16:09,962 - INFO - service f1        | micro: 0.773810; macro: 0.781594; score: [1.         0.9        0.55555556 0.58333333 0.7        0.75
 0.90909091 0.90909091 0.72727273]
2025-11-02 18:16:10,039 - INFO - pod     precision | micro: 0.588800; macro: 0.637390; score: [0.87037037 0.67164179 0.50819672 0.33064516 0.72413793 0.49541284
 0.70833333 0.76923077 0.65853659]
2025-11-02 18:16:10,039 - INFO - pod     recall    | micro: 0.840183; macro: 0.861536; score: [1.         0.97826087 0.63265306 0.66129032 0.75       0.79411765
 1.         0.9375     1.        ]
2025-11-02 18:16:10,039 - INFO - pod     f1        | micro: 0.692380; macro: 0.727458; score: [0.93069307 0.79646018 0.56363636 0.44086022 0.73684211 0.61016949
 0.82926829 0.84507042 0.79411765]

=== 内容从行 47540 开始的 16 行 ===
2025-11-03 01:15:17,561 - INFO - evaluation dataset type: test
2025-11-03 01:15:17,581 - INFO - node    precision | micro: 0.681319; macro: 0.699822; score: [0.77777778 0.75       0.625      0.5        0.84615385 0.7       ]
2025-11-03 01:15:17,581 - INFO - node    recall    | micro: 0.925373; macro: 0.902116; score: [1.         0.85714286 0.55555556 1.         1.         1.        ]
2025-11-03 01:15:17,581 - INFO - node    f1        | micro: 0.784810; macro: 0.778350; score: [0.875      0.8        0.58823529 0.66666667 0.91666667 0.82352941]
2025-11-03 01:15:17,608 - INFO - service precision | micro: 0.676768; macro: 0.786410; score: [1.         0.75       0.42857143 0.31578947 1.         1.
 0.83333333 0.75       1.        ]
2025-11-03 01:15:17,608 - INFO - service recall    | micro: 0.761364; macro: 0.774074; score: [1.         1.         0.9        0.5        0.5        0.66666667
 1.         1.         0.4       ]
2025-11-03 01:15:17,608 - INFO - service f1        | micro: 0.716578; macro: 0.736579; score: [1.         0.85714286 0.58064516 0.38709677 0.66666667 0.8
 0.90909091 0.85714286 0.57142857]
2025-11-03 01:15:17,683 - INFO - pod     precision | micro: 0.445476; macro: 0.622759; score: [0.7704918  0.575      0.13544669 0.47058824 0.58208955 0.75
 0.77272727 0.78378378 0.76470588]
2025-11-03 01:15:17,683 - INFO - pod     recall    | micro: 0.876712; macro: 0.894335; score: [1.         1.         0.95918367 0.77419355 0.69642857 0.75
 1.         0.90625    0.96296296]
2025-11-03 01:15:17,684 - INFO - pod     f1        | micro: 0.590769; macro: 0.708028; score: [0.87037037 0.73015873 0.23737374 0.58536585 0.63414634 0.75
 0.87179487 0.84057971 0.85245902]

=== 内容从行 67498 开始的 16 行 ===
2025-11-03 12:38:16,243 - INFO - evaluation dataset type: test
2025-11-03 12:38:16,264 - INFO - node    precision | micro: 0.681818; macro: 0.718111; score: [0.77777778 0.75       0.8        0.45833333 0.78571429 0.73684211]
2025-11-03 12:38:16,264 - INFO - node    recall    | micro: 0.895522; macro: 0.869709; score: [1.         0.85714286 0.44444444 0.91666667 1.         1.        ]
2025-11-03 12:38:16,264 - INFO - node    f1        | micro: 0.774194; macro: 0.764337; score: [0.875      0.8        0.57142857 0.61111111 0.88       0.84848485]
2025-11-03 12:38:16,291 - INFO - service precision | micro: 0.565574; macro: 0.607776; score: [0.75       0.52941176 0.375      0.45       0.6        1.
 0.66666667 0.38461538 0.71428571]
2025-11-03 12:38:16,292 - INFO - service recall    | micro: 0.784091; macro: 0.822222; score: [1.         1.         0.6        0.75       0.75       0.46666667
 1.         0.83333333 1.        ]
2025-11-03 12:38:16,292 - INFO - service f1        | micro: 0.657143; macro: 0.670685; score: [0.85714286 0.69230769 0.46153846 0.5625     0.66666667 0.63636364
 0.8        0.52631579 0.83333333]
2025-11-03 12:38:16,368 - INFO - pod     precision | micro: 0.496212; macro: 0.545565; score: [0.78333333 0.71428571 0.26388889 0.390625   0.47       0.61956522
 0.52040816 0.46376812 0.68421053]
2025-11-03 12:38:16,368 - INFO - pod     recall    | micro: 0.897260; macro: 0.911190; score: [1.         0.97826087 0.7755102  0.80645161 0.83928571 0.83823529
 1.         1.         0.96296296]
2025-11-03 12:38:16,369 - INFO - pod     f1        | micro: 0.639024; macro: 0.673065; score: [0.87850467 0.82568807 0.39378238 0.52631579 0.6025641  0.7125
 0.68456376 0.63366337 0.8       ]

=== 内容从行 71653 开始的 16 行 ===
2025-11-03 15:00:21,213 - INFO - evaluation dataset type: test
2025-11-03 15:00:21,232 - INFO - node    precision | micro: 0.682353; macro: 0.717857; score: [0.85714286 0.75       0.8        0.5        0.73333333 0.66666667]
2025-11-03 15:00:21,233 - INFO - node    recall    | micro: 0.865672; macro: 0.845899; score: [0.85714286 0.85714286 0.44444444 0.91666667 1.         1.        ]
2025-11-03 15:00:21,233 - INFO - node    f1        | micro: 0.763158; macro: 0.753631; score: [0.85714286 0.8        0.57142857 0.64705882 0.84615385 0.8       ]
2025-11-03 15:00:21,259 - INFO - service precision | micro: 0.707071; macro: 0.714387; score: [0.75       0.64285714 0.44444444 0.53333333 0.8        0.84615385
 1.         0.85714286 0.55555556]
2025-11-03 15:00:21,260 - INFO - service recall    | micro: 0.795455; macro: 0.829630; score: [1.         1.         0.4        0.66666667 0.66666667 0.73333333
 1.         1.         1.        ]
2025-11-03 15:00:21,260 - INFO - service f1        | micro: 0.748663; macro: 0.755972; score: [0.85714286 0.7826087  0.42105263 0.59259259 0.72727273 0.78571429
 1.         0.92307692 0.71428571]
2025-11-03 15:00:21,334 - INFO - pod     precision | micro: 0.650177; macro: 0.721417; score: [0.92156863 0.8490566  0.39506173 0.36842105 0.63076923 0.65060241
 0.92727273 1.         0.75      ]
2025-11-03 15:00:21,334 - INFO - pod     recall    | micro: 0.840183; macro: 0.858210; score: [1.         0.97826087 0.65306122 0.67741935 0.73214286 0.79411765
 1.         1.         0.88888889]
2025-11-03 15:00:21,335 - INFO - pod     f1        | micro: 0.733068; macro: 0.778511; score: [0.95918367 0.90909091 0.49230769 0.47727273 0.67768595 0.71523179
 0.96226415 1.         0.81355932]

=== 内容从行 90800 开始的 16 行 ===
2025-11-04 01:58:09,332 - INFO - evaluation dataset type: test
2025-11-04 01:58:09,351 - INFO - node    precision | micro: 0.677778; macro: 0.715127; score: [0.875      0.75       0.83333333 0.47826087 0.6875     0.66666667]
2025-11-04 01:58:09,351 - INFO - node    recall    | micro: 0.910448; macro: 0.888228; score: [1.         0.85714286 0.55555556 0.91666667 1.         1.        ]
2025-11-04 01:58:09,351 - INFO - node    f1        | micro: 0.777070; macro: 0.773898; score: [0.93333333 0.8        0.66666667 0.62857143 0.81481481 0.8       ]
2025-11-04 01:58:09,378 - INFO - service precision | micro: 0.405405; macro: 0.426425; score: [0.375      0.40909091 0.4        0.4        0.7        0.35135135
 0.41666667 0.42857143 0.35714286]
2025-11-04 01:58:09,378 - INFO - service recall    | micro: 0.852273; macro: 0.879630; score: [1.         1.         0.8        0.66666667 0.58333333 0.86666667
 1.         1.         1.        ]
2025-11-04 01:58:09,378 - INFO - service f1        | micro: 0.549451; macro: 0.556705; score: [0.54545455 0.58064516 0.53333333 0.5        0.63636364 0.5
 0.58823529 0.6        0.52631579]
2025-11-04 01:58:09,452 - INFO - pod     precision | micro: 0.418202; macro: 0.502853; score: [0.66197183 0.34586466 0.25       0.22279793 0.53571429 0.44029851
 0.89473684 0.46376812 0.71052632]
2025-11-04 01:58:09,452 - INFO - pod     recall    | micro: 0.881279; macro: 0.899940; score: [1.         1.         0.73469388 0.69354839 0.80357143 0.86764706
 1.         1.         1.        ]
2025-11-04 01:58:09,453 - INFO - pod     f1        | micro: 0.567230; macro: 0.628531; score: [0.79661017 0.51396648 0.37305699 0.3372549  0.64285714 0.58415842
 0.94444444 0.63366337 0.83076923]

=== 内容从行 113308 开始的 16 行 ===
2025-11-04 14:36:45,717 - INFO - evaluation dataset type: test
2025-11-04 14:36:45,745 - INFO - node    precision | micro: 0.678161; macro: 0.689937; score: [0.86666667 0.63636364 0.66666667 0.5        0.78571429 0.68421053]
2025-11-04 14:36:45,745 - INFO - node    recall    | micro: 0.880597; macro: 0.869709; score: [0.92857143 1.         0.44444444 0.91666667 1.         0.92857143]
2025-11-04 14:36:45,746 - INFO - node    f1        | micro: 0.766234; macro: 0.753767; score: [0.89655172 0.77777778 0.53333333 0.64705882 0.88       0.78787879]
2025-11-04 14:36:45,775 - INFO - service precision | micro: 0.452703; macro: 0.515982; score: [0.26470588 0.42857143 0.66666667 0.42857143 0.46666667 0.78571429
 0.5        0.35294118 0.75      ]
2025-11-04 14:36:45,776 - INFO - service recall    | micro: 0.761364; macro: 0.770370; score: [1.         0.66666667 0.6        0.75       0.58333333 0.73333333
 1.         1.         0.6       ]
2025-11-04 14:36:45,776 - INFO - service f1        | micro: 0.567797; macro: 0.583288; score: [0.41860465 0.52173913 0.63157895 0.54545455 0.51851852 0.75862069
 0.66666667 0.52173913 0.66666667]
2025-11-04 14:36:45,851 - INFO - pod     precision | micro: 0.351648; macro: 0.465848; score: [0.47959184 0.50561798 0.33057851 0.29861111 0.43564356 0.15945946
 0.64556962 0.51612903 0.82142857]
2025-11-04 14:36:45,851 - INFO - pod     recall    | micro: 0.876712; macro: 0.888150; score: [1.         0.97826087 0.81632653 0.69354839 0.78571429 0.86764706
 1.         1.         0.85185185]
2025-11-04 14:36:45,851 - INFO - pod     f1        | micro: 0.501961; macro: 0.592750; score: [0.64827586 0.66666667 0.47058824 0.41747573 0.56050955 0.26940639
 0.78461538 0.68085106 0.83636364]

=== 内容从行 117475 开始的 16 行 ===
2025-11-04 16:57:08,723 - INFO - evaluation dataset type: test
2025-11-04 16:57:08,743 - INFO - node    precision | micro: 0.677778; macro: 0.684788; score: [0.77777778 0.71428571 0.66666667 0.55       0.73333333 0.66666667]
2025-11-04 16:57:08,743 - INFO - node    recall    | micro: 0.910448; macro: 0.882937; score: [1.         0.71428571 0.66666667 0.91666667 1.         1.        ]
2025-11-04 16:57:08,743 - INFO - node    f1        | micro: 0.777070; macro: 0.764934; score: [0.875      0.71428571 0.66666667 0.6875     0.84615385 0.8       ]
2025-11-04 16:57:08,770 - INFO - service precision | micro: 0.268085; macro: 0.486288; score: [0.36363636 0.28571429 0.46153846 0.46153846 1.         0.75
 0.10416667 0.15       0.8       ]
2025-11-04 16:57:08,770 - INFO - service recall    | micro: 0.715909; macro: 0.753086; score: [0.88888889 0.88888889 0.6        0.5        0.5        0.6
 1.         1.         0.8       ]
2025-11-04 16:57:08,770 - INFO - service f1        | micro: 0.390093; macro: 0.503687; score: [0.51612903 0.43243243 0.52173913 0.48       0.66666667 0.66666667
 0.18867925 0.26086957 0.8       ]
2025-11-04 16:57:08,845 - INFO - pod     precision | micro: 0.532670; macro: 0.566131; score: [0.54651163 0.46391753 0.63461538 0.39830508 0.575      0.48305085
 0.625      0.69230769 0.67647059]
2025-11-04 16:57:08,845 - INFO - pod     recall    | micro: 0.856164; macro: 0.860606; score: [1.         0.97826087 0.67346939 0.75806452 0.82142857 0.83823529
 0.98039216 0.84375    0.85185185]
2025-11-04 16:57:08,845 - INFO - pod     f1        | micro: 0.656743; macro: 0.675469; score: [0.70676692 0.62937063 0.65346535 0.52222222 0.67647059 0.61290323
 0.76335878 0.76056338 0.75409836]

=== 内容从行 128293 开始的 16 行 ===
2025-11-04 23:00:43,438 - INFO - evaluation dataset type: test
2025-11-04 23:00:43,457 - INFO - node    precision | micro: 0.677778; macro: 0.738644; score: [0.82352941 0.75       1.         0.45833333 0.73333333 0.66666667]
2025-11-04 23:00:43,457 - INFO - node    recall    | micro: 0.910448; macro: 0.888228; score: [1.         0.85714286 0.55555556 0.91666667 1.         1.        ]
2025-11-04 23:00:43,457 - INFO - node    f1        | micro: 0.777070; macro: 0.779129; score: [0.90322581 0.8        0.71428571 0.61111111 0.84615385 0.8       ]
2025-11-04 23:00:43,484 - INFO - service precision | micro: 0.401099; macro: 0.611705; score: [0.69230769 0.66666667 0.12048193 0.36842105 0.81818182 0.625
 0.71428571 1.         0.5       ]
2025-11-04 23:00:43,484 - INFO - service recall    | micro: 0.829545; macro: 0.854321; score: [1.         0.88888889 1.         0.58333333 0.75       0.66666667
 1.         1.         0.8       ]
2025-11-04 23:00:43,484 - INFO - service f1        | micro: 0.540741; macro: 0.680360; score: [0.81818182 0.76190476 0.21505376 0.4516129  0.7826087  0.64516129
 0.83333333 1.         0.61538462]
2025-11-04 23:00:43,559 - INFO - pod     precision | micro: 0.424518; macro: 0.560225; score: [0.74603175 0.60526316 0.14696486 0.38181818 0.75555556 0.49541284
 0.71830986 0.71052632 0.48214286]
2025-11-04 23:00:43,559 - INFO - pod     recall    | micro: 0.853881; macro: 0.873467; score: [1.         1.         0.93877551 0.67741935 0.60714286 0.79411765
 1.         0.84375    1.        ]
2025-11-04 23:00:43,559 - INFO - pod     f1        | micro: 0.567096; macro: 0.654744; score: [0.85454545 0.75409836 0.25414365 0.48837209 0.67326733 0.61016949
 0.83606557 0.77142857 0.65060241]

=== 内容从行 136618 开始的 16 行 ===
2025-11-05 03:37:01,423 - INFO - evaluation dataset type: test
2025-11-05 03:37:01,442 - INFO - node    precision | micro: 0.677778; macro: 0.729630; score: [0.77777778 0.66666667 1.         0.5        0.73333333 0.7       ]
2025-11-05 03:37:01,442 - INFO - node    recall    | micro: 0.910448; macro: 0.883598; score: [1.         0.85714286 0.44444444 1.         1.         1.        ]
2025-11-05 03:37:01,442 - INFO - node    f1        | micro: 0.777070; macro: 0.762789; score: [0.875      0.75       0.61538462 0.66666667 0.84615385 0.82352941]
2025-11-05 03:37:01,468 - INFO - service precision | micro: 0.769231; macro: 0.805708; score: [0.9        1.         0.45454545 0.5        0.77777778 0.78571429
 1.         1.         0.83333333]
2025-11-05 03:37:01,468 - INFO - service recall    | micro: 0.795455; macro: 0.831481; score: [1.         1.         0.5        0.66666667 0.58333333 0.73333333
 1.         1.         1.        ]
2025-11-05 03:37:01,468 - INFO - service f1        | micro: 0.782123; macro: 0.814374; score: [0.94736842 1.         0.47619048 0.57142857 0.66666667 0.75862069
 1.         1.         0.90909091]
2025-11-05 03:37:01,541 - INFO - pod     precision | micro: 0.640545; macro: 0.705668; score: [0.75806452 0.80357143 0.42465753 0.46464646 0.55128205 0.52427184
 0.98076923 1.         0.84375   ]
2025-11-05 03:37:01,542 - INFO - pod     recall    | micro: 0.858447; macro: 0.879425; score: [1.         0.97826087 0.63265306 0.74193548 0.76785714 0.79411765
 1.         1.         1.        ]
2025-11-05 03:37:01,542 - INFO - pod     f1        | micro: 0.733659; macro: 0.778142; score: [0.86238532 0.88235294 0.50819672 0.57142857 0.64179104 0.63157895
 0.99029126 1.         0.91525424]

=== 内容从行 7489 开始的 16 行 ===
2025-11-02 01:39:38,555 - INFO - evaluation dataset type: test
2025-11-02 01:39:38,575 - INFO - node    precision | micro: 0.689655; macro: 0.724094; score: [0.77777778 0.77777778 0.8        0.52380952 0.84615385 0.61904762]
2025-11-02 01:39:38,575 - INFO - node    recall    | micro: 0.895522; macro: 0.881614; score: [1.         1.         0.44444444 0.91666667 1.         0.92857143]
2025-11-02 01:39:38,575 - INFO - node    f1        | micro: 0.779221; macro: 0.774603; score: [0.875      0.875      0.57142857 0.66666667 0.91666667 0.74285714]
2025-11-02 01:39:38,602 - INFO - service precision | micro: 0.569231; macro: 0.625609; score: [1.         0.45       0.33333333 0.52631579 0.8        0.6875
 0.625      0.375      0.83333333]
2025-11-02 01:39:38,602 - INFO - service recall    | micro: 0.840909; macro: 0.870370; score: [1.         1.         0.6        0.83333333 0.66666667 0.73333333
 1.         1.         1.        ]
2025-11-02 01:39:38,602 - INFO - service f1        | micro: 0.678899; macro: 0.706128; score: [1.         0.62068966 0.42857143 0.64516129 0.72727273 0.70967742
 0.76923077 0.54545455 0.90909091]
2025-11-02 01:39:38,677 - INFO - pod     precision | micro: 0.502013; macro: 0.554153; score: [0.85454545 0.54216867 0.35714286 0.32236842 0.58571429 0.51428571
 0.61445783 0.3902439  0.80645161]
2025-11-02 01:39:38,677 - INFO - pod     recall    | micro: 0.853881; macro: 0.870335; score: [1.         0.97826087 0.6122449  0.79032258 0.73214286 0.79411765
 1.         1.         0.92592593]
2025-11-02 01:39:38,677 - INFO - pod     f1        | micro: 0.632291; macro: 0.665339; score: [0.92156863 0.69767442 0.45112782 0.45794393 0.65079365 0.62427746
 0.76119403 0.56140351 0.86206897]

=== 内容从行 45043 开始的 16 行 ===
2025-11-02 23:50:17,159 - INFO - evaluation dataset type: test
2025-11-02 23:50:17,178 - INFO - node    precision | micro: 0.689655; macro: 0.741361; score: [0.85714286 0.75       0.83333333 0.46153846 0.84615385 0.7       ]
2025-11-02 23:50:17,178 - INFO - node    recall    | micro: 0.895522; macro: 0.878307; score: [0.85714286 0.85714286 0.55555556 1.         1.         1.        ]
2025-11-02 23:50:17,178 - INFO - node    f1        | micro: 0.779221; macro: 0.782597; score: [0.85714286 0.8        0.66666667 0.63157895 0.91666667 0.82352941]
2025-11-02 23:50:17,205 - INFO - service precision | micro: 0.696970; macro: 0.743590; score: [1.         0.69230769 0.5        0.42857143 1.         0.91666667
 0.83333333 0.75       0.57142857]
2025-11-02 23:50:17,205 - INFO - service recall    | micro: 0.784091; macro: 0.811111; score: [1.         1.         0.6        0.75       0.41666667 0.73333333
 1.         1.         0.8       ]
2025-11-02 23:50:17,205 - INFO - service f1        | micro: 0.737968; macro: 0.749449; score: [1.         0.81818182 0.54545455 0.54545455 0.58823529 0.81481481
 0.90909091 0.85714286 0.66666667]
2025-11-02 23:50:17,282 - INFO - pod     precision | micro: 0.571865; macro: 0.648708; score: [0.87037037 0.75862069 0.4        0.32330827 0.40707965 0.69230769
 0.96226415 0.6744186  0.75      ]
2025-11-02 23:50:17,283 - INFO - pod     recall    | micro: 0.853881; macro: 0.866161; score: [1.         0.95652174 0.73469388 0.69354839 0.82142857 0.79411765
 1.         0.90625    0.88888889]
2025-11-02 23:50:17,283 - INFO - pod     f1        | micro: 0.684982; macro: 0.731958; score: [0.93069307 0.84615385 0.51798561 0.44102564 0.5443787  0.73972603
 0.98076923 0.77333333 0.81355932]

=== 内容从行 45876 开始的 16 行 ===
2025-11-03 00:18:41,809 - INFO - evaluation dataset type: test
2025-11-03 00:18:41,829 - INFO - node    precision | micro: 0.689655; macro: 0.741361; score: [0.85714286 0.75       0.83333333 0.46153846 0.84615385 0.7       ]
2025-11-03 00:18:41,829 - INFO - node    recall    | micro: 0.895522; macro: 0.878307; score: [0.85714286 0.85714286 0.55555556 1.         1.         1.        ]
2025-11-03 00:18:41,830 - INFO - node    f1        | micro: 0.779221; macro: 0.782597; score: [0.85714286 0.8        0.66666667 0.63157895 0.91666667 0.82352941]
2025-11-03 00:18:41,858 - INFO - service precision | micro: 0.696970; macro: 0.743590; score: [1.         0.69230769 0.5        0.42857143 1.         0.91666667
 0.83333333 0.75       0.57142857]
2025-11-03 00:18:41,858 - INFO - service recall    | micro: 0.784091; macro: 0.811111; score: [1.         1.         0.6        0.75       0.41666667 0.73333333
 1.         1.         0.8       ]
2025-11-03 00:18:41,859 - INFO - service f1        | micro: 0.737968; macro: 0.749449; score: [1.         0.81818182 0.54545455 0.54545455 0.58823529 0.81481481
 0.90909091 0.85714286 0.66666667]
2025-11-03 00:18:41,936 - INFO - pod     precision | micro: 0.571865; macro: 0.648708; score: [0.87037037 0.75862069 0.4        0.32330827 0.40707965 0.69230769
 0.96226415 0.6744186  0.75      ]
2025-11-03 00:18:41,937 - INFO - pod     recall    | micro: 0.853881; macro: 0.866161; score: [1.         0.95652174 0.73469388 0.69354839 0.82142857 0.79411765
 1.         0.90625    0.88888889]
2025-11-03 00:18:41,937 - INFO - pod     f1        | micro: 0.684982; macro: 0.731958; score: [0.93069307 0.84615385 0.51798561 0.44102564 0.5443787  0.73972603
 0.98076923 0.77333333 0.81355932]

=== 内容从行 52535 开始的 16 行 ===
2025-11-03 04:04:29,604 - INFO - evaluation dataset type: test
2025-11-03 04:04:29,623 - INFO - node    precision | micro: 0.689655; macro: 0.712093; score: [0.875      0.75       0.66666667 0.45833333 0.78571429 0.73684211]
2025-11-03 04:04:29,623 - INFO - node    recall    | micro: 0.895522; macro: 0.869709; score: [1.         0.85714286 0.44444444 0.91666667 1.         1.        ]
2025-11-03 04:04:29,623 - INFO - node    f1        | micro: 0.779221; macro: 0.767710; score: [0.93333333 0.8        0.53333333 0.61111111 0.88       0.84848485]
2025-11-03 04:04:29,649 - INFO - service precision | micro: 0.596330; macro: 0.704006; score: [1.         0.34615385 0.5        0.44444444 0.54545455 1.
 0.9        1.         0.6       ]
2025-11-03 04:04:29,650 - INFO - service recall    | micro: 0.738636; macro: 0.751852; score: [1.         1.         0.9        0.66666667 0.5        0.53333333
 0.9        0.66666667 0.6       ]
2025-11-03 04:04:29,650 - INFO - service f1        | micro: 0.659898; macro: 0.689763; score: [1.         0.51428571 0.64285714 0.53333333 0.52173913 0.69565217
 0.9        0.8        0.6       ]
2025-11-03 04:04:29,732 - INFO - pod     precision | micro: 0.565789; macro: 0.614987; score: [0.85454545 0.671875   0.352      0.40517241 0.47311828 0.72
 0.75757576 0.73809524 0.5625    ]
2025-11-03 04:04:29,732 - INFO - pod     recall    | micro: 0.883562; macro: 0.902198; score: [1.         0.93478261 0.89795918 0.75806452 0.78571429 0.79411765
 0.98039216 0.96875    1.        ]
2025-11-03 04:04:29,732 - INFO - pod     f1        | micro: 0.689840; macro: 0.721735; score: [0.92156863 0.78181818 0.50574713 0.52808989 0.59060403 0.75524476
 0.85470085 0.83783784 0.72      ]

=== 内容从行 63337 开始的 16 行 ===
2025-11-03 10:14:30,100 - INFO - evaluation dataset type: test
2025-11-03 10:14:30,120 - INFO - node    precision | micro: 0.689655; macro: 0.712093; score: [0.875      0.75       0.66666667 0.45833333 0.78571429 0.73684211]
2025-11-03 10:14:30,120 - INFO - node    recall    | micro: 0.895522; macro: 0.869709; score: [1.         0.85714286 0.44444444 0.91666667 1.         1.        ]
2025-11-03 10:14:30,120 - INFO - node    f1        | micro: 0.779221; macro: 0.767710; score: [0.93333333 0.8        0.53333333 0.61111111 0.88       0.84848485]
2025-11-03 10:14:30,147 - INFO - service precision | micro: 0.596330; macro: 0.704006; score: [1.         0.34615385 0.5        0.44444444 0.54545455 1.
 0.9        1.         0.6       ]
2025-11-03 10:14:30,148 - INFO - service recall    | micro: 0.738636; macro: 0.751852; score: [1.         1.         0.9        0.66666667 0.5        0.53333333
 0.9        0.66666667 0.6       ]
2025-11-03 10:14:30,148 - INFO - service f1        | micro: 0.659898; macro: 0.689763; score: [1.         0.51428571 0.64285714 0.53333333 0.52173913 0.69565217
 0.9        0.8        0.6       ]
2025-11-03 10:14:30,222 - INFO - pod     precision | micro: 0.565789; macro: 0.614987; score: [0.85454545 0.671875   0.352      0.40517241 0.47311828 0.72
 0.75757576 0.73809524 0.5625    ]
2025-11-03 10:14:30,222 - INFO - pod     recall    | micro: 0.883562; macro: 0.902198; score: [1.         0.93478261 0.89795918 0.75806452 0.78571429 0.79411765
 0.98039216 0.96875    1.        ]
2025-11-03 10:14:30,222 - INFO - pod     f1        | micro: 0.689840; macro: 0.721735; score: [0.92156863 0.78181818 0.50574713 0.52808989 0.59060403 0.75524476
 0.85470085 0.83783784 0.72      ]

=== 内容从行 72480 开始的 16 行 ===
2025-11-03 15:29:14,820 - INFO - evaluation dataset type: test
2025-11-03 15:29:14,859 - INFO - node    precision | micro: 0.686047; macro: 0.700386; score: [0.85714286 0.75       0.625      0.5        0.73333333 0.73684211]
2025-11-03 15:29:14,859 - INFO - node    recall    | micro: 0.880597; macro: 0.864418; score: [0.85714286 0.85714286 0.55555556 0.91666667 1.         1.        ]
2025-11-03 15:29:14,859 - INFO - node    f1        | micro: 0.771242; macro: 0.764513; score: [0.85714286 0.8        0.58823529 0.64705882 0.84615385 0.84848485]
2025-11-03 15:29:14,895 - INFO - service precision | micro: 0.685714; macro: 0.731608; score: [1.         0.47368421 0.72727273 0.5        1.         0.85714286
 0.76923077 0.85714286 0.4       ]
2025-11-03 15:29:14,896 - INFO - service recall    | micro: 0.818182; macro: 0.840741; score: [1.         1.         0.8        0.66666667 0.5        0.8
 1.         1.         0.8       ]
2025-11-03 15:29:14,896 - INFO - service f1        | micro: 0.746114; macro: 0.755158; score: [1.         0.64285714 0.76190476 0.57142857 0.66666667 0.82758621
 0.86956522 0.92307692 0.53333333]
2025-11-03 15:29:15,002 - INFO - pod     precision | micro: 0.566964; macro: 0.659552; score: [0.92156863 0.65217391 0.33913043 0.525      0.6779661  0.35582822
 0.83606557 0.96969697 0.65853659]
2025-11-03 15:29:15,003 - INFO - pod     recall    | micro: 0.869863; macro: 0.890981; score: [1.         0.97826087 0.79591837 0.67741935 0.71428571 0.85294118
 1.         1.         1.        ]
2025-11-03 15:29:15,003 - INFO - pod     f1        | micro: 0.686486; macro: 0.744024; score: [0.95918367 0.7826087  0.47560976 0.5915493  0.69565217 0.5021645
 0.91071429 0.98461538 0.79411765]

=== 内容从行 78297 开始的 16 行 ===
2025-11-03 18:49:56,562 - INFO - evaluation dataset type: test
2025-11-03 18:49:56,582 - INFO - node    precision | micro: 0.690476; macro: 0.753505; score: [0.85714286 0.75       1.         0.45833333 0.73333333 0.72222222]
2025-11-03 18:49:56,582 - INFO - node    recall    | micro: 0.865672; macro: 0.852513; score: [0.85714286 0.85714286 0.55555556 0.91666667 1.         0.92857143]
2025-11-03 18:49:56,582 - INFO - node    f1        | micro: 0.768212; macro: 0.773532; score: [0.85714286 0.8        0.71428571 0.61111111 0.84615385 0.8125    ]
2025-11-03 18:49:56,609 - INFO - service precision | micro: 0.689320; macro: 0.737121; score: [0.6        0.75       0.75       0.40909091 0.85714286 0.78571429
 1.         0.85714286 0.625     ]
2025-11-03 18:49:56,609 - INFO - service recall    | micro: 0.806818; macro: 0.842593; score: [1.         1.         0.6        0.75       0.5        0.73333333
 1.         1.         1.        ]
2025-11-03 18:49:56,609 - INFO - service f1        | micro: 0.743455; macro: 0.765081; score: [0.75       0.85714286 0.66666667 0.52941176 0.63157895 0.75862069
 1.         0.92307692 0.76923077]
2025-11-03 18:49:56,685 - INFO - pod     precision | micro: 0.580286; macro: 0.640398; score: [0.68115942 0.703125   0.44       0.50684932 0.58461538 0.36601307
 0.89473684 0.86486486 0.72222222]
2025-11-03 18:49:56,685 - INFO - pod     recall    | micro: 0.833333; macro: 0.857063; score: [1.         0.97826087 0.67346939 0.59677419 0.67857143 0.82352941
 1.         1.         0.96296296]
2025-11-03 18:49:56,685 - INFO - pod     f1        | micro: 0.684161; macro: 0.726800; score: [0.81034483 0.81818182 0.53225806 0.54814815 0.62809917 0.50678733
 0.94444444 0.92753623 0.82539683]

=== 内容从行 91634 开始的 16 行 ===
2025-11-04 02:26:02,196 - INFO - evaluation dataset type: test
2025-11-04 02:26:02,216 - INFO - node    precision | micro: 0.685393; macro: 0.727778; score: [0.8125     0.66666667 1.         0.5        0.6875     0.7       ]
2025-11-04 02:26:02,216 - INFO - node    recall    | micro: 0.910448; macro: 0.894841; score: [0.92857143 0.85714286 0.66666667 0.91666667 1.         1.        ]
2025-11-04 02:26:02,216 - INFO - node    f1        | micro: 0.782051; macro: 0.783678; score: [0.86666667 0.75       0.8        0.64705882 0.81481481 0.82352941]
2025-11-04 02:26:02,242 - INFO - service precision | micro: 0.710000; macro: 0.730720; score: [0.9        0.69230769 0.5        0.52941176 0.58333333 0.8
 1.         1.         0.57142857]
2025-11-04 02:26:02,243 - INFO - service recall    | micro: 0.806818; macro: 0.825926; score: [1.         1.         0.5        0.75       0.58333333 0.8
 1.         1.         0.8       ]
2025-11-04 02:26:02,243 - INFO - service f1        | micro: 0.755319; macro: 0.770693; score: [0.94736842 0.81818182 0.5        0.62068966 0.58333333 0.8
 1.         1.         0.66666667]
2025-11-04 02:26:02,316 - INFO - pod     precision | micro: 0.488080; macro: 0.574324; score: [0.5        0.78181818 0.33913043 0.3358209  0.45631068 0.36875
 0.94444444 0.86486486 0.57777778]
2025-11-04 02:26:02,317 - INFO - pod     recall    | micro: 0.888128; macro: 0.902934; score: [1.         0.93478261 0.79591837 0.72580645 0.83928571 0.86764706
 1.         1.         0.96296296]
2025-11-04 02:26:02,317 - INFO - pod     f1        | micro: 0.629960; macro: 0.686986; score: [0.66666667 0.85148515 0.47560976 0.45918367 0.59119497 0.51754386
 0.97142857 0.92753623 0.72222222]

=== 内容从行 104968 开始的 16 行 ===
2025-11-04 09:50:43,162 - INFO - evaluation dataset type: test
2025-11-04 09:50:43,182 - INFO - node    precision | micro: 0.693182; macro: 0.750695; score: [0.82352941 0.75       1.         0.47826087 0.78571429 0.66666667]
2025-11-04 09:50:43,182 - INFO - node    recall    | micro: 0.910448; macro: 0.888228; score: [1.         0.85714286 0.55555556 0.91666667 1.         1.        ]
2025-11-04 09:50:43,183 - INFO - node    f1        | micro: 0.787097; macro: 0.787680; score: [0.90322581 0.8        0.71428571 0.62857143 0.88       0.8       ]
2025-11-04 09:50:43,211 - INFO - service precision | micro: 0.522727; macro: 0.599142; score: [0.45       0.5625     0.63636364 0.4        0.8        1.
 0.47619048 0.35294118 0.71428571]
2025-11-04 09:50:43,211 - INFO - service recall    | micro: 0.784091; macro: 0.837037; score: [1.         1.         0.7        0.83333333 0.66666667 0.33333333
 1.         1.         1.        ]
2025-11-04 09:50:43,212 - INFO - service f1        | micro: 0.627273; macro: 0.641711; score: [0.62068966 0.72       0.66666667 0.54054054 0.72727273 0.5
 0.64516129 0.52173913 0.83333333]
2025-11-04 09:50:43,289 - INFO - pod     precision | micro: 0.562139; macro: 0.667031; score: [0.90384615 0.80357143 0.41860465 0.27647059 0.59210526 0.5
 0.96226415 0.61538462 0.93103448]
2025-11-04 09:50:43,290 - INFO - pod     recall    | micro: 0.888128; macro: 0.904693; score: [1.         0.97826087 0.73469388 0.75806452 0.80357143 0.86764706
 1.         1.         1.        ]
2025-11-04 09:50:43,290 - INFO - pod     f1        | micro: 0.688496; macro: 0.754838; score: [0.94949495 0.88235294 0.53333333 0.40517241 0.68181818 0.6344086
 0.98076923 0.76190476 0.96428571]

=== 内容从行 27517 开始的 16 行 ===
2025-11-02 14:06:00,482 - INFO - evaluation dataset type: test
2025-11-02 14:06:00,506 - INFO - node    precision | micro: 0.697674; macro: 0.753661; score: [0.82352941 0.75       1.         0.47826087 0.73333333 0.73684211]
2025-11-02 14:06:00,506 - INFO - node    recall    | micro: 0.895522; macro: 0.869709; score: [1.         0.85714286 0.44444444 0.91666667 1.         1.        ]
2025-11-02 14:06:00,506 - INFO - node    f1        | micro: 0.784314; macro: 0.773637; score: [0.90322581 0.8        0.61538462 0.62857143 0.84615385 0.84848485]
2025-11-02 14:06:00,536 - INFO - service precision | micro: 0.672897; macro: 0.758995; score: [1.         0.75       0.25       0.45       1.         0.85714286
 0.83333333 0.85714286 0.83333333]
2025-11-02 14:06:00,537 - INFO - service recall    | micro: 0.818182; macro: 0.848148; score: [1.         1.         0.5        0.75       0.58333333 0.8
 1.         1.         1.        ]
2025-11-02 14:06:00,537 - INFO - service f1        | micro: 0.738462; macro: 0.784296; score: [1.         0.85714286 0.33333333 0.5625     0.73684211 0.82758621
 0.90909091 0.92307692 0.90909091]
2025-11-02 14:06:00,612 - INFO - pod     precision | micro: 0.447489; macro: 0.540843; score: [0.69117647 0.64788732 0.20744681 0.26595745 0.64516129 0.46153846
 0.65384615 0.66666667 0.62790698]
2025-11-02 14:06:00,612 - INFO - pod     recall    | micro: 0.894977; macro: 0.911001; score: [1.         1.         0.79591837 0.80645161 0.71428571 0.88235294
 1.         1.         1.        ]
2025-11-02 14:06:00,612 - INFO - pod     f1        | micro: 0.596651; macro: 0.664331; score: [0.8173913  0.78632479 0.32911392 0.4        0.6779661  0.60606061
 0.79069767 0.8        0.77142857]

=== 内容从行 30014 开始的 16 行 ===
2025-11-02 15:28:44,279 - INFO - evaluation dataset type: test
2025-11-02 15:28:44,299 - INFO - node    precision | micro: 0.701149; macro: 0.727283; score: [0.875      0.75       0.71428571 0.47826087 0.84615385 0.7       ]
2025-11-02 15:28:44,299 - INFO - node    recall    | micro: 0.910448; macro: 0.888228; score: [1.         0.85714286 0.55555556 0.91666667 1.         1.        ]
2025-11-02 15:28:44,299 - INFO - node    f1        | micro: 0.792208; macro: 0.787850; score: [0.93333333 0.8        0.625      0.62857143 0.91666667 0.82352941]
2025-11-02 15:28:44,327 - INFO - service precision | micro: 0.391061; macro: 0.459666; score: [0.36       0.25806452 0.5        0.27272727 0.875      0.70588235
 0.29032258 0.375      0.5       ]
2025-11-02 15:28:44,327 - INFO - service recall    | micro: 0.795455; macro: 0.802469; score: [1.         0.88888889 0.8        0.75       0.58333333 0.8
 0.9        0.5        1.        ]
2025-11-02 15:28:44,327 - INFO - service f1        | micro: 0.524345; macro: 0.547673; score: [0.52941176 0.4        0.61538462 0.4        0.7        0.75
 0.43902439 0.42857143 0.66666667]
2025-11-02 15:28:44,401 - INFO - pod     precision | micro: 0.474638; macro: 0.591532; score: [0.67142857 0.75438596 0.33070866 0.22748815 0.39316239 0.54807692
 0.87931034 1.         0.51923077]
2025-11-02 15:28:44,401 - INFO - pod     recall    | micro: 0.897260; macro: 0.913976; score: [1.         0.93478261 0.85714286 0.77419355 0.82142857 0.83823529
 1.         1.         1.        ]
2025-11-02 15:28:44,401 - INFO - pod     f1        | micro: 0.620853; macro: 0.697911; score: [0.8034188  0.83495146 0.47727273 0.35164835 0.53179191 0.6627907
 0.93577982 1.         0.6835443 ]

=== 内容从行 66664 开始的 16 行 ===
2025-11-03 12:09:53,159 - INFO - evaluation dataset type: test
2025-11-03 12:09:53,179 - INFO - node    precision | micro: 0.698795; macro: 0.760209; score: [0.76470588 0.71428571 1.         0.45833333 0.84615385 0.77777778]
2025-11-03 12:09:53,180 - INFO - node    recall    | micro: 0.865672; macro: 0.833995; score: [0.92857143 0.71428571 0.44444444 0.91666667 1.         1.        ]
2025-11-03 12:09:53,180 - INFO - node    f1        | micro: 0.773333; macro: 0.761860; score: [0.83870968 0.71428571 0.61538462 0.61111111 0.91666667 0.875     ]
2025-11-03 12:09:53,207 - INFO - service precision | micro: 0.544118; macro: 0.731357; score: [1.         0.69230769 0.21276596 0.6        0.85714286 0.52
 0.9        1.         0.8       ]
2025-11-03 12:09:53,207 - INFO - service recall    | micro: 0.840909; macro: 0.850000; score: [1.         1.         1.         0.75       0.5        0.86666667
 0.9        0.83333333 0.8       ]
2025-11-03 12:09:53,207 - INFO - service f1        | micro: 0.660714; macro: 0.747377; score: [1.         0.81818182 0.35087719 0.66666667 0.63157895 0.65
 0.9        0.90909091 0.8       ]
2025-11-03 12:09:53,285 - INFO - pod     precision | micro: 0.404737; macro: 0.565044; score: [0.78333333 0.50561798 0.1281337  0.54545455 0.64615385 0.38095238
 0.69863014 0.75609756 0.64102564]
2025-11-03 12:09:53,285 - INFO - pod     recall    | micro: 0.897260; macro: 0.908923; score: [1.         0.97826087 0.93877551 0.67741935 0.75       0.94117647
 1.         0.96875    0.92592593]
2025-11-03 12:09:53,286 - INFO - pod     f1        | micro: 0.557842; macro: 0.671226; score: [0.87850467 0.66666667 0.2254902  0.60431655 0.69421488 0.54237288
 0.82258065 0.84931507 0.75757576]

=== 内容从行 87472 开始的 16 行 ===
2025-11-04 00:05:23,599 - INFO - evaluation dataset type: test
2025-11-04 00:05:23,619 - INFO - node    precision | micro: 0.698795; macro: 0.759080; score: [0.70588235 0.85714286 1.         0.5        0.76923077 0.72222222]
2025-11-04 00:05:23,619 - INFO - node    recall    | micro: 0.865672; macro: 0.855880; score: [0.85714286 0.85714286 0.66666667 0.91666667 0.90909091 0.92857143]
2025-11-04 00:05:23,619 - INFO - node    f1        | micro: 0.773333; macro: 0.787371; score: [0.77419355 0.85714286 0.8        0.64705882 0.83333333 0.8125    ]
2025-11-04 00:05:23,646 - INFO - service precision | micro: 0.062914; macro: 0.124202; score: [0.26315789 0.         0.10526316 0.375      0.25       0.00793651
 0.06382979 0.05263158 0.        ]
2025-11-04 00:05:23,647 - INFO - service recall    | micro: 0.215909; macro: 0.208025; score: [0.55555556 0.         0.2        0.25       0.33333333 0.06666667
 0.3        0.16666667 0.        ]
2025-11-04 00:05:23,647 - INFO - service f1        | micro: 0.097436; macro: 0.142248; score: [0.35714286 0.         0.13793103 0.3        0.28571429 0.0141844
 0.10526316 0.08       0.        ]
2025-11-04 00:05:23,723 - INFO - pod     precision | micro: 0.051546; macro: 0.075279; score: [0.15686275 0.         0.14516129 0.19791667 0.14189189 0.00856164
 0.01785714 0.00925926 0.        ]
2025-11-04 00:05:23,723 - INFO - pod     recall    | micro: 0.228311; macro: 0.212540; score: [0.68085106 0.         0.36734694 0.30645161 0.375      0.07352941
 0.07843137 0.03125    0.        ]
2025-11-04 00:05:23,724 - INFO - pod     f1        | micro: 0.084104; macro: 0.107575; score: [0.25498008 0.         0.20809249 0.24050633 0.20588235 0.01533742
 0.02909091 0.01428571 0.        ]

=== 内容从行 88302 开始的 16 行 ===
2025-11-04 00:33:32,943 - INFO - evaluation dataset type: test
2025-11-04 00:33:32,963 - INFO - node    precision | micro: 0.697674; macro: 0.728274; score: [0.8125     0.85714286 0.71428571 0.5        0.78571429 0.7       ]
2025-11-04 00:33:32,963 - INFO - node    recall    | micro: 0.895522; macro: 0.876323; score: [0.92857143 0.85714286 0.55555556 0.91666667 1.         1.        ]
2025-11-04 00:33:32,963 - INFO - node    f1        | micro: 0.784314; macro: 0.783233; score: [0.86666667 0.85714286 0.625      0.64705882 0.88       0.82352941]
2025-11-04 00:33:32,991 - INFO - service precision | micro: 0.577236; macro: 0.602408; score: [0.57142857 0.57142857 0.42857143 0.53333333 0.66666667 0.84615385
 0.52631579 0.83333333 0.44444444]
2025-11-04 00:33:32,991 - INFO - service recall    | micro: 0.806818; macro: 0.819753; score: [0.88888889 0.88888889 0.9        0.66666667 0.66666667 0.73333333
 1.         0.83333333 0.8       ]
2025-11-04 00:33:32,991 - INFO - service f1        | micro: 0.672986; macro: 0.679038; score: [0.69565217 0.69565217 0.58064516 0.59259259 0.66666667 0.78571429
 0.68965517 0.83333333 0.57142857]
2025-11-04 00:33:33,066 - INFO - pod     precision | micro: 0.487277; macro: 0.624074; score: [0.90384615 0.78947368 0.22797927 0.36936937 0.51190476 0.34782609
 0.91071429 0.88888889 0.66666667]
2025-11-04 00:33:33,066 - INFO - pod     recall    | micro: 0.874429; macro: 0.890865; score: [1.         0.97826087 0.89795918 0.66129032 0.76785714 0.82352941
 1.         1.         0.88888889]
2025-11-04 00:33:33,066 - INFO - pod     f1        | micro: 0.625817; macro: 0.713403; score: [0.94949495 0.87378641 0.36363636 0.47398844 0.61428571 0.48908297
 0.95327103 0.94117647 0.76190476]

=== 内容从行 89965 开始的 16 行 ===
2025-11-04 01:30:13,186 - INFO - evaluation dataset type: test
2025-11-04 01:30:13,205 - INFO - node    precision | micro: 0.697674; macro: 0.728274; score: [0.8125     0.85714286 0.71428571 0.5        0.78571429 0.7       ]
2025-11-04 01:30:13,205 - INFO - node    recall    | micro: 0.895522; macro: 0.876323; score: [0.92857143 0.85714286 0.55555556 0.91666667 1.         1.        ]
2025-11-04 01:30:13,206 - INFO - node    f1        | micro: 0.784314; macro: 0.783233; score: [0.86666667 0.85714286 0.625      0.64705882 0.88       0.82352941]
2025-11-04 01:30:13,237 - INFO - service precision | micro: 0.577236; macro: 0.602408; score: [0.57142857 0.57142857 0.42857143 0.53333333 0.66666667 0.84615385
 0.52631579 0.83333333 0.44444444]
2025-11-04 01:30:13,238 - INFO - service recall    | micro: 0.806818; macro: 0.819753; score: [0.88888889 0.88888889 0.9        0.66666667 0.66666667 0.73333333
 1.         0.83333333 0.8       ]
2025-11-04 01:30:13,238 - INFO - service f1        | micro: 0.672986; macro: 0.679038; score: [0.69565217 0.69565217 0.58064516 0.59259259 0.66666667 0.78571429
 0.68965517 0.83333333 0.57142857]
2025-11-04 01:30:13,312 - INFO - pod     precision | micro: 0.487277; macro: 0.624074; score: [0.90384615 0.78947368 0.22797927 0.36936937 0.51190476 0.34782609
 0.91071429 0.88888889 0.66666667]
2025-11-04 01:30:13,313 - INFO - pod     recall    | micro: 0.874429; macro: 0.890865; score: [1.         0.97826087 0.89795918 0.66129032 0.76785714 0.82352941
 1.         1.         0.88888889]
2025-11-04 01:30:13,313 - INFO - pod     f1        | micro: 0.625817; macro: 0.713403; score: [0.94949495 0.87378641 0.36363636 0.47398844 0.61428571 0.48908297
 0.95327103 0.94117647 0.76190476]

=== 内容从行 3319 开始的 16 行 ===
2025-11-01 23:21:41,068 - INFO - evaluation dataset type: test
2025-11-01 23:21:41,087 - INFO - node    precision | micro: 0.705882; macro: 0.766324; score: [0.82352941 0.75       1.         0.47826087 0.84615385 0.7       ]
2025-11-01 23:21:41,087 - INFO - node    recall    | micro: 0.895522; macro: 0.869709; score: [1.         0.85714286 0.44444444 0.91666667 1.         1.        ]
2025-11-01 23:21:41,087 - INFO - node    f1        | micro: 0.789474; macro: 0.781230; score: [0.90322581 0.8        0.61538462 0.62857143 0.91666667 0.82352941]
2025-11-01 23:21:41,114 - INFO - service precision | micro: 0.635593; macro: 0.676271; score: [1.         0.81818182 0.35714286 0.55555556 0.8        0.72222222
 0.625      0.375      0.83333333]
2025-11-01 23:21:41,115 - INFO - service recall    | micro: 0.852273; macro: 0.874074; score: [1.         1.         0.5        0.83333333 0.66666667 0.86666667
 1.         1.         1.        ]
2025-11-01 23:21:41,115 - INFO - service f1        | micro: 0.728155; macro: 0.746918; score: [1.         0.9        0.41666667 0.66666667 0.72727273 0.78787879
 0.76923077 0.54545455 0.90909091]
2025-11-01 23:21:41,189 - INFO - pod     precision | micro: 0.573394; macro: 0.621730; score: [0.90384615 0.8490566  0.3880597  0.40336134 0.63076923 0.56730769
 0.61445783 0.4        0.83870968]
2025-11-01 23:21:41,189 - INFO - pod     recall    | micro: 0.856164; macro: 0.871758; score: [1.         0.97826087 0.53061224 0.77419355 0.73214286 0.86764706
 1.         1.         0.96296296]
2025-11-01 23:21:41,189 - INFO - pod     f1        | micro: 0.686813; macro: 0.714462; score: [0.94949495 0.90909091 0.44827586 0.53038674 0.67768595 0.68604651
 0.76119403 0.57142857 0.89655172]

=== 内容从行 18314 开始的 16 行 ===
2025-11-02 07:38:36,262 - INFO - evaluation dataset type: test
2025-11-02 07:38:36,282 - INFO - node    precision | micro: 0.705882; macro: 0.736614; score: [0.82352941 0.75       0.8        0.5        0.84615385 0.7       ]
2025-11-02 07:38:36,282 - INFO - node    recall    | micro: 0.895522; macro: 0.869709; score: [1.         0.85714286 0.44444444 0.91666667 1.         1.        ]
2025-11-02 07:38:36,282 - INFO - node    f1        | micro: 0.789474; macro: 0.776985; score: [0.90322581 0.8        0.57142857 0.64705882 0.91666667 0.82352941]
2025-11-02 07:38:36,309 - INFO - service precision | micro: 0.621622; macro: 0.679474; score: [0.81818182 0.42857143 0.5        0.35294118 1.         0.91666667
 1.         0.38461538 0.71428571]
2025-11-02 07:38:36,309 - INFO - service recall    | micro: 0.784091; macro: 0.814815; score: [1.         1.         0.6        0.5        0.66666667 0.73333333
 1.         0.83333333 1.        ]
2025-11-02 07:38:36,309 - INFO - service f1        | micro: 0.693467; macro: 0.714857; score: [0.9        0.6        0.54545455 0.4137931  0.8        0.81481481
 1.         0.52631579 0.83333333]
2025-11-02 07:38:36,384 - INFO - pod     precision | micro: 0.438293; macro: 0.466600; score: [0.67142857 0.40909091 0.33333333 0.25170068 0.4787234  0.48214286
 0.5483871  0.52459016 0.5       ]
2025-11-02 07:38:36,384 - INFO - pod     recall    | micro: 0.867580; macro: 0.892207; score: [1.         0.97826087 0.85714286 0.59677419 0.80357143 0.79411765
 1.         1.         1.        ]
2025-11-02 07:38:36,384 - INFO - pod     f1        | micro: 0.582375; macro: 0.608620; score: [0.8034188  0.57692308 0.48       0.35406699 0.6        0.6
 0.70833333 0.68817204 0.66666667]

=== 内容从行 57517 开始的 16 行 ===
2025-11-03 06:56:09,917 - INFO - evaluation dataset type: test
2025-11-03 06:56:09,938 - INFO - node    precision | micro: 0.714286; macro: 0.749603; score: [0.92857143 0.75       0.83333333 0.5        0.78571429 0.7       ]
2025-11-03 06:56:09,938 - INFO - node    recall    | micro: 0.895522; macro: 0.876323; score: [0.92857143 0.85714286 0.55555556 0.91666667 1.         1.        ]
2025-11-03 06:56:09,938 - INFO - node    f1        | micro: 0.794702; macro: 0.790971; score: [0.92857143 0.8        0.66666667 0.64705882 0.88       0.82352941]
2025-11-03 06:56:09,965 - INFO - service precision | micro: 0.850000; macro: 0.861616; score: [0.81818182 0.9        0.6        0.63636364 1.         1.
 1.         1.         0.8       ]
2025-11-03 06:56:09,965 - INFO - service recall    | micro: 0.772727; macro: 0.803704; score: [1.         1.         0.6        0.58333333 0.58333333 0.66666667
 1.         1.         0.8       ]
2025-11-03 06:56:09,965 - INFO - service f1        | micro: 0.809524; macro: 0.821434; score: [0.9        0.94736842 0.6        0.60869565 0.73684211 0.8
 1.         1.         0.8       ]
2025-11-03 06:56:10,039 - INFO - pod     precision | micro: 0.739563; macro: 0.777078; score: [0.85454545 0.95744681 0.54545455 0.48275862 0.71666667 0.69135802
 0.98076923 1.         0.76470588]
2025-11-03 06:56:10,040 - INFO - pod     recall    | micro: 0.849315; macro: 0.869142; score: [1.         0.97826087 0.6122449  0.67741935 0.76785714 0.82352941
 1.         1.         0.96296296]
2025-11-03 06:56:10,040 - INFO - pod     f1        | micro: 0.790648; macro: 0.818422; score: [0.92156863 0.96774194 0.57692308 0.56375839 0.74137931 0.75167785
 0.99029126 1.         0.85245902]

=== 内容从行 59181 开始的 16 行 ===
2025-11-03 07:52:17,473 - INFO - evaluation dataset type: test
2025-11-03 07:52:17,492 - INFO - node    precision | micro: 0.714286; macro: 0.749603; score: [0.92857143 0.75       0.83333333 0.5        0.78571429 0.7       ]
2025-11-03 07:52:17,492 - INFO - node    recall    | micro: 0.895522; macro: 0.876323; score: [0.92857143 0.85714286 0.55555556 0.91666667 1.         1.        ]
2025-11-03 07:52:17,493 - INFO - node    f1        | micro: 0.794702; macro: 0.790971; score: [0.92857143 0.8        0.66666667 0.64705882 0.88       0.82352941]
2025-11-03 07:52:17,521 - INFO - service precision | micro: 0.850000; macro: 0.861616; score: [0.81818182 0.9        0.6        0.63636364 1.         1.
 1.         1.         0.8       ]
2025-11-03 07:52:17,522 - INFO - service recall    | micro: 0.772727; macro: 0.803704; score: [1.         1.         0.6        0.58333333 0.58333333 0.66666667
 1.         1.         0.8       ]
2025-11-03 07:52:17,522 - INFO - service f1        | micro: 0.809524; macro: 0.821434; score: [0.9        0.94736842 0.6        0.60869565 0.73684211 0.8
 1.         1.         0.8       ]
2025-11-03 07:52:17,599 - INFO - pod     precision | micro: 0.739563; macro: 0.777078; score: [0.85454545 0.95744681 0.54545455 0.48275862 0.71666667 0.69135802
 0.98076923 1.         0.76470588]
2025-11-03 07:52:17,600 - INFO - pod     recall    | micro: 0.849315; macro: 0.869142; score: [1.         0.97826087 0.6122449  0.67741935 0.76785714 0.82352941
 1.         1.         0.96296296]
2025-11-03 07:52:17,600 - INFO - pod     f1        | micro: 0.790648; macro: 0.818422; score: [0.92156863 0.96774194 0.57692308 0.56375839 0.74137931 0.75167785
 0.99029126 1.         0.85245902]

=== 内容从行 112474 开始的 16 行 ===
2025-11-04 14:08:47,310 - INFO - evaluation dataset type: test
2025-11-04 14:08:47,330 - INFO - node    precision | micro: 0.710843; macro: 0.766026; score: [0.8        0.75       1.         0.5        0.84615385 0.7       ]
2025-11-04 14:08:47,330 - INFO - node    recall    | micro: 0.880597; macro: 0.864418; score: [0.85714286 0.85714286 0.55555556 0.91666667 1.         1.        ]
2025-11-04 14:08:47,330 - INFO - node    f1        | micro: 0.786667; macro: 0.788188; score: [0.82758621 0.8        0.71428571 0.64705882 0.91666667 0.82352941]
2025-11-04 14:08:47,357 - INFO - service precision | micro: 0.809524; macro: 0.830958; score: [0.9        0.81818182 0.71428571 0.53333333 1.         0.84615385
 1.         1.         0.66666667]
2025-11-04 14:08:47,357 - INFO - service recall    | micro: 0.772727; macro: 0.798148; score: [1.         1.         0.5        0.66666667 0.58333333 0.73333333
 0.9        1.         0.8       ]
2025-11-04 14:08:47,357 - INFO - service f1        | micro: 0.790698; macro: 0.802822; score: [0.94736842 0.9        0.58823529 0.59259259 0.73684211 0.78571429
 0.94736842 1.         0.72727273]
2025-11-04 14:08:47,430 - INFO - pod     precision | micro: 0.679389; macro: 0.704872; score: [0.88679245 0.6984127  0.50877193 0.46153846 0.67164179 0.6
 1.         0.81081081 0.70588235]
2025-11-04 14:08:47,430 - INFO - pod     recall    | micro: 0.812785; macro: 0.832151; score: [1.         0.95652174 0.59183673 0.58064516 0.80357143 0.75
 0.98039216 0.9375     0.88888889]
2025-11-04 14:08:47,430 - INFO - pod     f1        | micro: 0.740125; macro: 0.761524; score: [0.94       0.80733945 0.54716981 0.51428571 0.73170732 0.66666667
 0.99009901 0.86956522 0.78688525]

=== 内容从行 127462 开始的 16 行 ===
2025-11-04 22:33:12,363 - INFO - evaluation dataset type: test
2025-11-04 22:33:12,382 - INFO - node    precision | micro: 0.710843; macro: 0.757672; score: [0.76470588 0.75       1.         0.57894737 0.78571429 0.66666667]
2025-11-04 22:33:12,383 - INFO - node    recall    | micro: 0.880597; macro: 0.857804; score: [0.92857143 0.85714286 0.44444444 0.91666667 1.         1.        ]
2025-11-04 22:33:12,383 - INFO - node    f1        | micro: 0.786667; macro: 0.773962; score: [0.83870968 0.8        0.61538462 0.70967742 0.88       0.8       ]
2025-11-04 22:33:12,409 - INFO - service precision | micro: 0.741573; macro: 0.781818; score: [1.         0.9        0.53333333 0.4        0.63636364 1.
 0.9        1.         0.66666667]
2025-11-04 22:33:12,409 - INFO - service recall    | micro: 0.750000; macro: 0.750000; score: [1.         1.         0.8        0.5        0.58333333 0.73333333
 0.9        0.83333333 0.4       ]
2025-11-04 22:33:12,409 - INFO - service f1        | micro: 0.745763; macro: 0.755084; score: [1.         0.94736842 0.64       0.44444444 0.60869565 0.84615385
 0.9        0.90909091 0.5       ]
2025-11-04 22:33:12,486 - INFO - pod     precision | micro: 0.524766; macro: 0.644100; score: [0.7704918  0.77966102 0.28671329 0.26627219 0.46464646 0.65168539
 0.98076923 0.96875    0.62790698]
2025-11-04 22:33:12,486 - INFO - pod     recall    | micro: 0.894977; macro: 0.911740; score: [1.         1.         0.83673469 0.72580645 0.82142857 0.85294118
 1.         0.96875    1.        ]
2025-11-04 22:33:12,486 - INFO - pod     f1        | micro: 0.661603; macro: 0.736236; score: [0.87037037 0.87619048 0.42708333 0.38961039 0.59354839 0.7388535
 0.99029126 0.96875    0.77142857]

