=== 内容从行 64622 开始的 16 行 ===

=== 内容从行 78673 开始的 16 行 ===

=== 内容从行 232469 开始的 16 行 ===

=== 内容从行 253947 开始的 16 行 ===

=== 内容从行 279543 开始的 16 行 ===

=== 内容从行 335876 开始的 16 行 ===

=== 内容从行 414596 开始的 16 行 ===

=== 内容从行 481043 开始的 16 行 ===

=== 内容从行 482707 开始的 16 行 ===

=== 内容从行 484373 开始的 16 行 ===

=== 内容从行 485205 开始的 16 行 ===

=== 内容从行 196916 开始的 16 行 ===

=== 内容从行 203547 开始的 16 行 ===

=== 内容从行 334218 开始的 16 行 ===

=== 内容从行 415414 开始的 16 行 ===

=== 内容从行 476040 开始的 16 行 ===

=== 内容从行 481873 开始的 16 行 ===

=== 内容从行 520934 开始的 16 行 ===

=== 内容从行 540036 开始的 16 行 ===

=== 内容从行 14087 开始的 16 行 ===

=== 内容从行 35600 开始的 16 行 ===

=== 内容从行 130009 开始的 16 行 ===

=== 内容从行 200243 开始的 16 行 ===

=== 内容从行 229165 开始的 16 行 ===

=== 内容从行 250643 开始的 16 行 ===

=== 内容从行 262189 开始的 16 行 ===

=== 内容从行 274596 开始的 16 行 ===

=== 内容从行 276247 开始的 16 行 ===

=== 内容从行 277900 开始的 16 行 ===

=== 内容从行 304421 开始的 16 行 ===

=== 内容从行 318486 开始的 16 行 ===

=== 内容从行 325103 开始的 16 行 ===

=== 内容从行 339199 开始的 16 行 ===

=== 内容从行 380632 开始的 16 行 ===

=== 内容从行 476873 开始的 16 行 ===

=== 内容从行 479375 开始的 16 行 ===

=== 内容从行 483541 开始的 16 行 ===

=== 内容从行 496026 开始的 16 行 ===

=== 内容从行 509305 开始的 16 行 ===

=== 内容从行 530898 开始的 16 行 ===

=== 内容从行 40562 开始的 16 行 ===

=== 内容从行 54654 开始的 16 行 ===

=== 内容从行 57144 开始的 16 行 ===

=== 内容从行 107660 开始的 16 行 ===

=== 内容从行 146529 开始的 16 行 ===

=== 内容从行 183691 开始的 16 行 ===

=== 内容从行 211001 开始的 16 行 ===

=== 内容从行 216780 开始的 16 行 ===

=== 内容从行 221733 开始的 16 行 ===

=== 内容从行 234112 开始的 16 行 ===

=== 内容从行 239895 开始的 16 行 ===

=== 内容从行 255590 开始的 16 行 ===

=== 内容从行 296136 开始的 16 行 ===

=== 内容从行 306917 开始的 16 行 ===

=== 内容从行 315166 开始的 16 行 ===

=== 内容从行 328427 开始的 16 行 ===

=== 内容从行 330907 开始的 16 行 ===

=== 内容从行 335046 开始的 16 行 ===

=== 内容从行 344186 开始的 16 行 ===

=== 内容从行 345845 开始的 16 行 ===

=== 内容从行 357448 开始的 16 行 ===

=== 内容从行 360759 开始的 16 行 ===

=== 内容从行 378969 开始的 16 行 ===

=== 内容从行 421181 开始的 16 行 ===

=== 内容从行 456086 开始的 16 行 ===

=== 内容从行 495192 开始的 16 行 ===

=== 内容从行 28157 开始的 16 行 ===

=== 内容从行 38921 开始的 16 行 ===

=== 内容从行 46352 开始的 16 行 ===

=== 内容从行 53820 开始的 16 行 ===

=== 内容从行 72077 开始的 16 行 ===

=== 内容从行 73731 开始的 16 行 ===

=== 内容从行 81166 开始的 16 行 ===

=== 内容从行 96893 开始的 16 行 ===

=== 内容从行 98550 开始的 16 行 ===

=== 内容从行 118422 开始的 16 行 ===

=== 内容从行 132489 开始的 16 行 ===

=== 内容从行 137468 开始的 16 行 ===

=== 内容从行 161373 开始的 16 行 ===

=== 内容从行 220915 开始的 16 行 ===

=== 内容从行 233291 开始的 16 行 ===

=== 内容从行 234933 开始的 16 行 ===

=== 内容从行 244860 开始的 16 行 ===

=== 内容从行 247334 开始的 16 行 ===

=== 内容从行 254769 开始的 16 行 ===

=== 内容从行 256411 开始的 16 行 ===

=== 内容从行 258888 开始的 16 行 ===

=== 内容从行 266319 开始的 16 行 ===

=== 内容从行 292810 开始的 16 行 ===

=== 内容从行 308571 开始的 16 行 ===

=== 内容从行 309399 开始的 16 行 ===

=== 内容从行 310228 开始的 16 行 ===

=== 内容从行 337540 开始的 16 行 ===

=== 内容从行 340030 开始的 16 行 ===

=== 内容从行 371517 开始的 16 行 ===

=== 内容从行 379798 开始的 16 行 ===

=== 内容从行 383122 开始的 16 行 ===

=== 内容从行 393068 开始的 16 行 ===

=== 内容从行 423678 开始的 16 行 ===

=== 内容从行 425337 开始的 16 行 ===

=== 内容从行 429493 开始的 16 行 ===

=== 内容从行 490198 开始的 16 行 ===

=== 内容从行 492694 开始的 16 行 ===

=== 内容从行 19056 开始的 16 行 ===

=== 内容从行 24019 开始的 16 行 ===

=== 内容从行 33948 开始的 16 行 ===

=== 内容从行 43033 开始的 16 行 ===

=== 内容从行 67111 开始的 16 行 ===

=== 内容从行 67932 开始的 16 行 ===

=== 内容从行 72902 开始的 16 行 ===

=== 内容从行 81995 开始的 16 行 ===

=== 内容从行 83651 开始的 16 行 ===

=== 内容从行 86131 开始的 16 行 ===

=== 内容从行 87790 开始的 16 行 ===

=== 内容从行 89442 开始的 16 行 ===

=== 内容从行 92762 开始的 16 行 ===

=== 内容从行 94412 开始的 16 行 ===

=== 内容从行 97721 开始的 16 行 ===

=== 内容从行 99378 开始的 16 行 ===

=== 内容从行 104354 开始的 16 行 ===

=== 内容从行 106009 开始的 16 行 ===

=== 内容从行 109319 开始的 16 行 ===

=== 内容从行 110971 开始的 16 行 ===

=== 内容从行 114291 开始的 16 行 ===

=== 内容从行 115941 开始的 16 行 ===

=== 内容从行 124229 开始的 16 行 ===

=== 内容从行 125058 开始的 16 行 ===

=== 内容从行 133318 开始的 16 行 ===

=== 内容从行 135811 开始的 16 行 ===

=== 内容从行 150640 开始的 16 行 ===

=== 内容从行 153122 开始的 16 行 ===

=== 内容从行 182859 开始的 16 行 ===

=== 内容从行 196085 开始的 16 行 ===

=== 内容从行 204374 开始的 16 行 ===

=== 内容从行 223380 开始的 16 行 ===

=== 内容从行 225032 开始的 16 行 ===

=== 内容从行 227511 开始的 16 行 ===

=== 内容从行 239069 开始的 16 行 ===

=== 内容从行 242381 开始的 16 行 ===

=== 内容从行 243206 开始的 16 行 ===

=== 内容从行 244031 开始的 16 行 ===

=== 内容从行 245685 开始的 16 行 ===

=== 内容从行 248989 开始的 16 行 ===

=== 内容从行 259711 开始的 16 行 ===

=== 内容从行 261361 开始的 16 行 ===

=== 内容从行 293640 开始的 16 行 ===

=== 内容从行 296962 开始的 16 行 ===

=== 内容从行 311863 开始的 16 行 ===

=== 内容从行 326764 开始的 16 行 ===

=== 内容从行 329260 开始的 16 行 ===

=== 内容从行 354970 开始的 16 行 ===

=== 内容从行 362407 开始的 16 行 ===

=== 内容从行 364061 开始的 16 行 ===

=== 内容从行 365717 开始的 16 行 ===

=== 内容从行 372346 开始的 16 行 ===

=== 内容从行 387268 开始的 16 行 ===

=== 内容从行 393897 开始的 16 行 ===

=== 内容从行 399689 开始的 16 行 ===

=== 内容从行 411279 开始的 16 行 ===

=== 内容从行 412107 开始的 16 行 ===

=== 内容从行 416236 开始的 16 行 ===

=== 内容从行 417889 开始的 16 行 ===

=== 内容从行 419517 开始的 16 行 ===

=== 内容从行 427833 开始的 16 行 ===

=== 内容从行 433652 开始的 16 行 ===

=== 内容从行 452762 开始的 16 行 ===

=== 内容从行 453593 开始的 16 行 ===

=== 内容从行 460241 开始的 16 行 ===

=== 内容从行 486035 开始的 16 行 ===

=== 内容从行 502663 开始的 16 行 ===

=== 内容从行 504319 开始的 16 行 ===

=== 内容从行 516779 开始的 16 行 ===

=== 内容从行 538372 开始的 16 行 ===

=== 内容从行 549178 开始的 16 行 ===

=== 内容从行 552483 开始的 16 行 ===

=== 内容从行 554982 开始的 16 行 ===

=== 内容从行 557463 开始的 16 行 ===

=== 内容从行 10775 开始的 16 行 ===

=== 内容从行 12430 开始的 16 行 ===

=== 内容从行 18228 开始的 16 行 ===

=== 内容从行 19880 开始的 16 行 ===

=== 内容从行 20707 开始的 16 行 ===

=== 内容从行 21535 开始的 16 行 ===

=== 内容从行 28985 开始的 16 行 ===

=== 内容从行 30640 开始的 16 行 ===

=== 内容从行 39743 开始的 16 行 ===

=== 内容从行 41384 开始的 16 行 ===

=== 内容从行 43861 开始的 16 行 ===

=== 内容从行 47183 开始的 16 行 ===

=== 内容从行 49677 开始的 16 行 ===

=== 内容从行 55487 开始的 16 行 ===

=== 内容从行 66284 开始的 16 行 ===

=== 内容从行 75379 开始的 16 行 ===

=== 内容从行 77038 开始的 16 行 ===

=== 内容从行 82825 开始的 16 行 ===

=== 内容从行 84481 开始的 16 行 ===

=== 内容从行 88618 开始的 16 行 ===

=== 内容从行 91934 开始的 16 行 ===

=== 内容从行 93585 开始的 16 行 ===

=== 内容从行 95235 开始的 16 行 ===

=== 内容从行 101037 开始的 16 行 ===

=== 内容从行 103526 开始的 16 行 ===

=== 内容从行 105181 开始的 16 行 ===

=== 内容从行 110147 开始的 16 行 ===

=== 内容从行 113463 开始的 16 行 ===

=== 内容从行 115114 开始的 16 行 ===

=== 内容从行 116764 开始的 16 行 ===

=== 内容从行 120080 开始的 16 行 ===

=== 内容从行 120904 开始的 16 行 ===

=== 内容从行 121732 开始的 16 行 ===

=== 内容从行 129179 开始的 16 行 ===

=== 内容从行 134982 开始的 16 行 ===

=== 内容从行 147351 开始的 16 行 ===

=== 内容从行 149000 开始的 16 行 ===

=== 内容从行 160545 开始的 16 行 ===

=== 内容从行 163857 开始的 16 行 ===

=== 内容从行 167998 开始的 16 行 ===

=== 内容从行 168821 开始的 16 行 ===

=== 内容从行 170463 开始的 16 行 ===

=== 内容从行 173773 开始的 16 行 ===

=== 内容从行 179560 开始的 16 行 ===

=== 内容从行 181213 开始的 16 行 ===

=== 内容从行 184511 开始的 16 行 ===

=== 内容从行 197750 开始的 16 行 ===

=== 内容从行 199413 开始的 16 行 ===

=== 内容从行 206034 开始的 16 行 ===

=== 内容从行 206860 开始的 16 行 ===

=== 内容从行 211826 开始的 16 行 ===

=== 内容从行 212644 开始的 16 行 ===

=== 内容从行 213469 开始的 16 行 ===

=== 内容从行 215951 开始的 16 行 ===

=== 内容从行 217598 开始的 16 行 ===

=== 内容从行 222555 开始的 16 行 ===

=== 内容从行 224202 开始的 16 行 ===

=== 内容从行 228341 开始的 16 行 ===

=== 内容从行 231646 开始的 16 行 ===

=== 内容从行 236580 开始的 16 行 ===

=== 内容从行 249819 开始的 16 行 ===

=== 内容从行 253124 开始的 16 行 ===

=== 内容从行 258058 开始的 16 行 ===

=== 内容从行 270457 开始的 16 行 ===

=== 内容从行 275418 开始的 16 行 ===

=== 内容从行 280372 开始的 16 行 ===

=== 内容从行 289495 开始的 16 行 ===

=== 内容从行 301106 开始的 16 行 ===

=== 内容从行 303599 开始的 16 行 ===

=== 内容从行 314345 开始的 16 行 ===

=== 内容从行 319318 开始的 16 行 ===

=== 内容从行 320973 开始的 16 行 ===

=== 内容从行 323448 开始的 16 行 ===

=== 内容从行 341694 开始的 16 行 ===

=== 内容从行 351650 开始的 16 行 ===

=== 内容从行 353314 开始的 16 行 ===

=== 内容从行 363234 开始的 16 行 ===

=== 内容从行 364890 开始的 16 行 ===

=== 内容从行 369029 开始的 16 行 ===

=== 内容从行 369859 开始的 16 行 ===

=== 内容从行 390580 开始的 16 行 ===

=== 内容从行 391410 开始的 16 行 ===

=== 内容从行 401341 开始的 16 行 ===

=== 内容从行 403834 开始的 16 行 ===

=== 内容从行 410452 开始的 16 行 ===

=== 内容从行 417067 开始的 16 行 ===

=== 内容从行 422013 开始的 16 行 ===

=== 内容从行 426170 开始的 16 行 ===

=== 内容从行 436146 开始的 16 行 ===

=== 内容从行 436978 开始的 16 行 ===

=== 内容从行 440301 开始的 16 行 ===

=== 内容从行 443617 开始的 16 行 ===

=== 内容从行 444443 开始的 16 行 ===

=== 内容从行 449440 开始的 16 行 ===

=== 内容从行 451102 开始的 16 行 ===

=== 内容从行 454423 开始的 16 行 ===

=== 内容从行 458576 开始的 16 行 ===

=== 内容从行 462731 开始的 16 行 ===

=== 内容从行 463562 开始的 16 行 ===

=== 内容从行 468550 开始的 16 行 ===

=== 内容从行 471045 开始的 16 行 ===

=== 内容从行 486867 开始的 16 行 ===

=== 内容从行 491030 开始的 16 行 ===

=== 内容从行 491863 开始的 16 行 ===

=== 内容从行 493527 开始的 16 行 ===

=== 内容从行 496853 开始的 16 行 ===

=== 内容从行 501839 开始的 16 行 ===

=== 内容从行 507642 开始的 16 行 ===

=== 内容从行 515955 开始的 16 行 ===

=== 内容从行 525075 开始的 16 行 ===

=== 内容从行 529235 开始的 16 行 ===

=== 内容从行 537548 开始的 16 行 ===

=== 内容从行 542534 开始的 16 行 ===

=== 内容从行 550837 开始的 16 行 ===

=== 内容从行 551662 开始的 16 行 ===

=== 内容从行 559113 开始的 16 行 ===

=== 内容从行 559940 开始的 16 行 ===

=== 内容从行 5799 开始的 16 行 ===
 1.         0.         0.75      ]
2025-09-04 20:43:44,809 - INFO - pod     precision | micro: 0.650794; macro: 0.602651; score: [0.90909091 0.78571429 0.40625    0.33333333 0.78947368 0.
 1.         0.25       0.95      ]
2025-09-04 20:43:44,810 - INFO - pod     recall    | micro: 0.706897; macro: 0.731988; score: [1.         1.         0.65       0.28571429 0.65217391 0.
 1.         1.         1.        ]
2025-09-04 20:43:44,810 - INFO - pod     f1        | micro: 0.677686; macro: 0.636524; score: [0.95238095 0.88       0.5        0.30769231 0.71428571 0.
 1.         0.4        0.97435897]
2025-09-04 20:43:44,810 - INFO - ----------
2025-09-04 20:43:46,120 - INFO - [291/300] | train_loss: 0.04763
2025-09-04 20:43:47,449 - INFO - [292/300] | train_loss: 0.06275
2025-09-04 20:43:48,753 - INFO - [293/300] | train_loss: 0.02480
2025-09-04 20:43:50,048 - INFO - [294/300] | train_loss: 0.03700
2025-09-04 20:43:51,366 - INFO - [295/300] | train_loss: 0.02430
2025-09-04 20:43:52,656 - INFO - [296/300] | train_loss: 0.05067
2025-09-04 20:43:53,944 - INFO - [297/300] | train_loss: 0.05677
2025-09-04 20:43:55,251 - INFO - [298/300] | train_loss: 0.03679

=== 内容从行 6627 开始的 16 行 ===
2025-09-04 20:50:22,592 - INFO - service recall    | micro: 0.458333; macro: 0.488889; score: [1.   1.   0.25 0.2  0.2  0.   1.   0.   0.75]
2025-09-04 20:50:22,592 - INFO - service f1        | micro: 0.550000; macro: 0.502910; score: [1.         0.8        0.28571429 0.25       0.33333333 0.
 1.         0.         0.85714286]
2025-09-04 20:50:22,619 - INFO - pod     precision | micro: 0.641026; macro: 0.584616; score: [0.90909091 0.73333333 0.375      0.29411765 0.72222222 0.
 0.77777778 0.5        0.95      ]
2025-09-04 20:50:22,619 - INFO - pod     recall    | micro: 0.646552; macro: 0.694813; score: [1.         1.         0.45       0.23809524 0.56521739 0.
 1.         1.         1.        ]
2025-09-04 20:50:22,619 - INFO - pod     f1        | micro: 0.643777; macro: 0.624551; score: [0.95238095 0.84615385 0.40909091 0.26315789 0.63414634 0.
 0.875      0.66666667 0.97435897]
2025-09-04 20:50:22,619 - INFO - ----------
2025-09-04 20:50:23,891 - INFO - [251/300] | train_loss: 0.04495
2025-09-04 20:50:25,168 - INFO - [252/300] | train_loss: 0.04440
2025-09-04 20:50:26,445 - INFO - [253/300] | train_loss: 0.04596
2025-09-04 20:50:27,719 - INFO - [254/300] | train_loss: 0.04908
2025-09-04 20:50:29,019 - INFO - [255/300] | train_loss: 0.04191
2025-09-04 20:50:30,296 - INFO - [256/300] | train_loss: 0.05453

=== 内容从行 13259 开始的 16 行 ===

=== 内容从行 17404 开始的 16 行 ===

=== 内容从行 24844 开始的 16 行 ===

=== 内容从行 27336 开始的 16 行 ===

=== 内容从行 32289 开始的 16 行 ===

=== 内容从行 42211 开始的 16 行 ===

=== 内容从行 59644 开始的 16 行 ===

=== 内容从行 60476 开始的 16 行 ===

=== 内容从行 61305 开始的 16 行 ===

=== 内容从行 62958 开始的 16 行 ===

=== 内容从行 70425 开始的 16 行 ===

=== 内容从行 71248 开始的 16 行 ===

=== 内容从行 74558 开始的 16 行 ===

=== 内容从行 77852 开始的 16 行 ===

=== 内容从行 85305 开始的 16 行 ===

=== 内容从行 90274 开始的 16 行 ===

=== 内容从行 111803 开始的 16 行 ===

=== 内容从行 119254 开始的 16 行 ===

=== 内容从行 122566 开始的 16 行 ===

=== 内容从行 125883 开始的 16 行 ===

=== 内容从行 127530 开始的 16 行 ===

=== 内容从行 131668 开始的 16 行 ===

=== 内容从行 152296 开始的 16 行 ===

=== 内容从行 158904 开始的 16 行 ===

=== 内容从行 164680 开始的 16 行 ===

=== 内容从行 172115 开始的 16 行 ===

=== 内容从行 180382 开始的 16 行 ===

=== 内容从行 190291 开始的 16 行 ===

=== 内容从行 191942 开始的 16 行 ===

=== 内容从行 225856 开始的 16 行 ===

=== 内容从行 260533 开始的 16 行 ===

=== 内容从行 264673 开始的 16 行 ===

=== 内容从行 272102 开始的 16 行 ===

=== 内容从行 286192 开始的 16 行 ===

=== 内容从行 291985 开始的 16 行 ===

=== 内容从行 297795 开始的 16 行 ===

=== 内容从行 299453 开始的 16 行 ===

=== 内容从行 300275 开始的 16 行 ===

=== 内容从行 307743 开始的 16 行 ===

=== 内容从行 313518 开始的 16 行 ===

=== 内容从行 317660 开始的 16 行 ===

=== 内容从行 320141 开始的 16 行 ===

=== 内容从行 346670 开始的 16 行 ===

=== 内容从行 352484 开始的 16 行 ===

=== 内容从行 354145 开始的 16 行 ===

=== 内容从行 355803 开始的 16 行 ===

=== 内容从行 356626 开始的 16 行 ===

=== 内容从行 367377 开始的 16 行 ===

=== 内容从行 373173 开始的 16 行 ===

=== 内容从行 374831 开始的 16 行 ===

=== 内容从行 377312 开始的 16 行 ===

=== 内容从行 388928 开始的 16 行 ===

=== 内容从行 394724 开始的 16 行 ===

=== 内容从行 396382 开始的 16 行 ===

=== 内容从行 404668 开始的 16 行 ===

=== 内容从行 405493 开始的 16 行 ===

=== 内容从行 407140 开始的 16 行 ===

=== 内容从行 409625 开始的 16 行 ===

=== 内容从行 427000 开始的 16 行 ===

=== 内容从行 428663 开始的 16 行 ===

=== 内容从行 431159 开始的 16 行 ===

=== 内容从行 431989 开始的 16 行 ===

=== 内容从行 437809 开始的 16 行 ===

=== 内容从行 438637 开始的 16 行 ===

=== 内容从行 439468 开始的 16 行 ===

=== 内容从行 441133 开始的 16 行 ===

=== 内容从行 441963 开始的 16 行 ===

=== 内容从行 442789 开始的 16 行 ===

=== 内容从行 446944 开始的 16 行 ===

=== 内容从行 457748 开始的 16 行 ===

=== 内容从行 461908 开始的 16 行 ===

=== 内容从行 464392 开始的 16 行 ===

=== 内容从行 466885 开始的 16 行 ===

=== 内容从行 472710 开始的 16 行 ===

=== 内容从行 473541 开始的 16 行 ===

=== 内容从行 488532 开始的 16 行 ===

=== 内容从行 497681 开始的 16 行 ===

=== 内容从行 498512 开始的 16 行 ===

=== 内容从行 508474 开始的 16 行 ===

=== 内容从行 511802 开始的 16 行 ===

=== 内容从行 514290 开始的 16 行 ===

=== 内容从行 518445 开始的 16 行 ===

=== 内容从行 520103 开始的 16 行 ===

=== 内容从行 524246 开始的 16 行 ===

=== 内容从行 525906 开始的 16 行 ===

=== 内容从行 527568 开始的 16 行 ===

=== 内容从行 530067 开始的 16 行 ===

=== 内容从行 533395 开始的 16 行 ===

=== 内容从行 535883 开始的 16 行 ===

=== 内容从行 540867 开始的 16 行 ===

=== 内容从行 546685 开始的 16 行 ===

=== 内容从行 550012 开始的 16 行 ===

=== 内容从行 1648 开始的 16 行 ===
2025-09-04 20:10:40,873 - INFO - [296/300] | train_loss: 0.04680
2025-09-04 20:10:42,161 - INFO - [297/300] | train_loss: 0.03847
2025-09-04 20:10:43,475 - INFO - [298/300] | train_loss: 0.06463
2025-09-04 20:10:44,746 - INFO - [299/300] | train_loss: 0.09720
2025-09-04 20:10:45,274 - INFO - ----------
2025-09-04 20:10:45,274 - INFO - evaluation dataset type: test
2025-09-04 20:10:45,294 - INFO - node    precision | micro: 0.610000; macro: 0.622103; score: [0.82352941 0.4        0.7        0.40909091 0.73333333 0.66666667]
2025-09-04 20:10:45,294 - INFO - node    recall    | micro: 0.910448; macro: 0.897487; score: [1.         0.85714286 0.77777778 0.75       1.         1.        ]
2025-09-04 20:10:45,294 - INFO - node    f1        | micro: 0.730539; macro: 0.726848; score: [0.90322581 0.54545455 0.73684211 0.52941176 0.84615385 0.8       ]
2025-09-04 20:10:45,321 - INFO - service precision | micro: 0.432927; macro: 0.592417; score: [0.32142857 0.9        0.24390244 0.16129032 0.5        0.76923077
 0.76923077 1.         0.66666667]
2025-09-04 20:10:45,321 - INFO - service recall    | micro: 0.806818; macro: 0.838889; score: [1.         1.         1.         0.41666667 0.66666667 0.66666667
 1.         1.         0.8       ]
2025-09-04 20:10:45,321 - INFO - service f1        | micro: 0.563492; macro: 0.660125; score: [0.48648649 0.94736842 0.39215686 0.23255814 0.57142857 0.71428571
 0.86956522 1.         0.72727273]
2025-09-04 20:10:45,396 - INFO - pod     precision | micro: 0.420519; macro: 0.585817; score: [0.7704918  0.67692308 0.16470588 0.2295082  0.47058824 0.47321429

=== 内容从行 4138 开始的 16 行 ===
 1.         0.         0.85714286]
2025-09-04 20:30:25,082 - INFO - pod     precision | micro: 0.551471; macro: 0.567787; score: [0.90909091 0.6875     0.25       0.27777778 0.78571429 0.
 1.         0.25       0.95      ]
2025-09-04 20:30:25,083 - INFO - pod     recall    | micro: 0.646552; macro: 0.696262; score: [1.         1.         0.55       0.23809524 0.47826087 0.
 1.         1.         1.        ]
2025-09-04 20:30:25,083 - INFO - pod     f1        | micro: 0.595238; macro: 0.592923; score: [0.95238095 0.81481481 0.34375    0.25641026 0.59459459 0.
 1.         0.4        0.97435897]
2025-09-04 20:30:25,083 - INFO - ----------
2025-09-04 20:30:26,350 - INFO - [291/300] | train_loss: 0.05375
2025-09-04 20:30:27,623 - INFO - [292/300] | train_loss: 0.06857
2025-09-04 20:30:28,891 - INFO - [293/300] | train_loss: 0.02883
2025-09-04 20:30:30,163 - INFO - [294/300] | train_loss: 0.03991
2025-09-04 20:30:31,429 - INFO - [295/300] | train_loss: 0.02952
2025-09-04 20:30:32,702 - INFO - [296/300] | train_loss: 0.05653
2025-09-04 20:30:33,974 - INFO - [297/300] | train_loss: 0.06130
2025-09-04 20:30:35,246 - INFO - [298/300] | train_loss: 0.03832

=== 内容从行 9943 开始的 16 行 ===

=== 内容从行 23193 开始的 16 行 ===

=== 内容从行 25678 开始的 16 行 ===

=== 内容从行 29812 开始的 16 行 ===

=== 内容从行 31466 开始的 16 行 ===

=== 内容从行 34772 开始的 16 行 ===

=== 内容从行 44690 开始的 16 行 ===

=== 内容从行 52986 开始的 16 行 ===

=== 内容从行 63791 开始的 16 行 ===

=== 内容从行 65456 开始的 16 行 ===

=== 内容从行 102699 开始的 16 行 ===

=== 内容从行 106835 开始的 16 行 ===

=== 内容从行 128355 开始的 16 行 ===

=== 内容从行 139920 开始的 16 行 ===

=== 内容从行 154782 开始的 16 行 ===

=== 内容从行 163027 开始的 16 行 ===

=== 内容从行 165511 开始的 16 行 ===

=== 内容从行 167172 开始的 16 行 ===

=== 内容从行 175413 开始的 16 行 ===

=== 内容从行 176244 开始的 16 行 ===

=== 内容从行 201068 开始的 16 行 ===

=== 内容从行 202722 开始的 16 行 ===

=== 内容从行 214298 开始的 16 行 ===

=== 内容从行 215119 开始的 16 行 ===

=== 内容从行 226689 开始的 16 行 ===

=== 内容从行 240729 开始的 16 行 ===

=== 内容从行 248167 开始的 16 行 ===

=== 内容从行 265495 开始的 16 行 ===

=== 内容从行 267141 开始的 16 行 ===

=== 内容从行 268800 开始的 16 行 ===

=== 内容从行 272936 开始的 16 行 ===

=== 内容从行 298620 开始的 16 行 ===

=== 内容从行 322616 开始的 16 行 ===

=== 内容从行 347498 开始的 16 行 ===

=== 内容从行 374004 开始的 16 行 ===

=== 内容从行 378142 开始的 16 行 ===

=== 内容从行 382295 开始的 16 行 ===

=== 内容从行 395555 开始的 16 行 ===

=== 内容从行 407969 开始的 16 行 ===

=== 内容从行 408793 开始的 16 行 ===

=== 内容从行 420349 开始的 16 行 ===

=== 内容从行 455254 开始的 16 行 ===

=== 内容从行 466052 开始的 16 行 ===

=== 内容从行 494361 开始的 16 行 ===

=== 内容从行 503495 开始的 16 行 ===

=== 内容从行 505149 开始的 16 行 ===

=== 内容从行 505975 开始的 16 行 ===

=== 内容从行 510134 开始的 16 行 ===

=== 内容从行 512628 开始的 16 行 ===

=== 内容从行 513460 开始的 16 行 ===

=== 内容从行 515122 开始的 16 行 ===

=== 内容从行 519276 开始的 16 行 ===

=== 内容从行 523415 开始的 16 行 ===

=== 内容从行 531727 开始的 16 行 ===

=== 内容从行 534221 开始的 16 行 ===

=== 内容从行 535053 开始的 16 行 ===

=== 内容从行 536715 开始的 16 行 ===

=== 内容从行 539204 开始的 16 行 ===

=== 内容从行 541700 开始的 16 行 ===

=== 内容从行 544200 开始的 16 行 ===

=== 内容从行 3307 开始的 16 行 ===
 1.         0.2        0.9       ]
2025-09-04 20:23:51,314 - INFO - pod     recall    | micro: 0.672414; macro: 0.709473; score: [1.         1.         0.5        0.28571429 0.65217391 0.
 1.         1.         0.94736842]
2025-09-04 20:23:51,314 - INFO - pod     f1        | micro: 0.644628; macro: 0.601821; score: [0.95238095 0.75862069 0.39215686 0.375      0.68181818 0.
 1.         0.33333333 0.92307692]
2025-09-04 20:23:51,314 - INFO - ----------
2025-09-04 20:23:52,640 - INFO - [291/300] | train_loss: 0.05647
2025-09-04 20:23:53,966 - INFO - [292/300] | train_loss: 0.04340
2025-09-04 20:23:55,285 - INFO - [293/300] | train_loss: 0.04141
2025-09-04 20:23:56,653 - INFO - [294/300] | train_loss: 0.04844
2025-09-04 20:23:57,965 - INFO - [295/300] | train_loss: 0.03544
2025-09-04 20:23:59,270 - INFO - [296/300] | train_loss: 0.04631
2025-09-04 20:24:00,601 - INFO - [297/300] | train_loss: 0.03567
2025-09-04 20:24:01,902 - INFO - [298/300] | train_loss: 0.03585
2025-09-04 20:24:03,205 - INFO - [299/300] | train_loss: 0.07298
2025-09-04 20:24:03,842 - INFO - ----------

=== 内容从行 16578 开始的 16 行 ===

=== 内容从行 38091 开始的 16 行 ===

=== 内容从行 45519 开始的 16 行 ===

=== 内容从行 56318 开始的 16 行 ===

=== 内容从行 57978 开始的 16 行 ===

=== 内容从行 68763 开始的 16 行 ===

=== 内容从行 126705 开始的 16 行 ===

=== 内容从行 139116 开始的 16 行 ===

=== 内容从行 145706 开始的 16 行 ===

=== 内容从行 156442 开始的 16 行 ===

=== 内容从行 182037 开始的 16 行 ===

=== 内容从行 192770 开始的 16 行 ===

=== 内容从行 201897 开始的 16 行 ===

=== 内容从行 208519 开始的 16 行 ===

=== 内容从行 263846 开始的 16 行 ===

=== 内容从行 269634 开始的 16 行 ===

=== 内容从行 271278 开始的 16 行 ===

=== 内容从行 277070 开始的 16 行 ===

=== 内容从行 282037 开始的 16 行 ===

=== 内容从行 285359 开始的 16 行 ===

=== 内容从行 290326 开始的 16 行 ===

=== 内容从行 340861 开始的 16 行 ===

=== 内容从行 342525 开始的 16 行 ===

=== 内容从行 349990 开始的 16 行 ===

=== 内容从行 350820 开始的 16 行 ===

=== 内容从行 358275 开始的 16 行 ===

=== 内容从行 361580 开始的 16 行 ===

=== 内容从行 406315 开始的 16 行 ===

=== 内容从行 418713 开始的 16 行 ===

=== 内容从行 432823 开始的 16 行 ===

=== 内容从行 447776 开始的 16 行 ===

=== 内容从行 448608 开始的 16 行 ===

=== 内容从行 450272 开始的 16 行 ===

=== 内容从行 451928 开始的 16 行 ===

=== 内容从行 469382 开始的 16 行 ===

=== 内容从行 470215 开始的 16 行 ===

=== 内容从行 471878 开始的 16 行 ===

=== 内容从行 499345 开始的 16 行 ===

=== 内容从行 522590 开始的 16 行 ===

=== 内容从行 545026 开始的 16 行 ===

=== 内容从行 556639 开始的 16 行 ===

=== 内容从行 558291 开始的 16 行 ===

=== 内容从行 2481 开始的 16 行 ===
2025-09-04 20:17:10,884 - INFO - [294/300] | train_loss: 0.05097
2025-09-04 20:17:12,153 - INFO - [295/300] | train_loss: 0.04129
2025-09-04 20:17:13,432 - INFO - [296/300] | train_loss: 0.05133
2025-09-04 20:17:14,711 - INFO - [297/300] | train_loss: 0.03506
2025-09-04 20:17:15,988 - INFO - [298/300] | train_loss: 0.03338
2025-09-04 20:17:17,254 - INFO - [299/300] | train_loss: 0.06553
2025-09-04 20:17:17,790 - INFO - ----------
2025-09-04 20:17:17,790 - INFO - evaluation dataset type: test
2025-09-04 20:17:17,810 - INFO - node    precision | micro: 0.560748; macro: 0.579481; score: [0.73684211 0.33333333 0.7        0.40909091 0.71428571 0.58333333]
2025-09-04 20:17:17,810 - INFO - node    recall    | micro: 0.895522; macro: 0.882335; score: [1.         0.85714286 0.77777778 0.75       0.90909091 1.        ]
2025-09-04 20:17:17,810 - INFO - node    f1        | micro: 0.689655; macro: 0.688597; score: [0.84848485 0.48       0.73684211 0.52941176 0.8        0.73684211]
2025-09-04 20:17:17,838 - INFO - service precision | micro: 0.659574; macro: 0.733064; score: [1.         0.81818182 0.44444444 0.26315789 0.85714286 0.55555556
 0.90909091 1.         0.75      ]
2025-09-04 20:17:17,838 - INFO - service recall    | micro: 0.704545; macro: 0.731481; score: [1.         1.         0.4        0.41666667 0.5        0.66666667
 1.         1.         0.6       ]
2025-09-04 20:17:17,838 - INFO - service f1        | micro: 0.681319; macro: 0.722258; score: [1.         0.9        0.42105263 0.32258065 0.63157895 0.60606061

=== 内容从行 8284 开始的 16 行 ===

=== 内容从行 48849 开始的 16 行 ===

=== 内容从行 50510 开始的 16 行 ===

=== 内容从行 51328 开始的 16 行 ===

=== 内容从行 52161 开始的 16 行 ===

=== 内容从行 76210 开始的 16 行 ===

=== 内容从行 86965 开始的 16 行 ===

=== 内容从行 100206 开始的 16 行 ===

=== 内容从行 108494 开始的 16 行 ===

=== 内容从行 130838 开始的 16 行 ===

=== 内容从行 144046 开始的 16 行 ===

=== 内容从行 148178 开始的 16 行 ===

=== 内容从行 149817 开始的 16 行 ===

=== 内容从行 171288 开始的 16 行 ===

=== 内容从行 188646 开始的 16 行 ===

=== 内容从行 194427 开始的 16 行 ===

=== 内容从行 238241 开始的 16 行 ===

=== 内容从行 282866 开始的 16 行 ===

=== 内容从行 287847 开始的 16 行 ===

=== 内容从行 305253 开始的 16 行 ===

=== 内容从行 321796 开始的 16 行 ===

=== 内容从行 359106 开始的 16 行 ===

=== 内容从行 366550 开始的 16 行 ===

=== 内容从行 368202 开始的 16 行 ===

=== 内容从行 375657 开始的 16 行 ===

=== 内容从行 388101 开始的 16 行 ===

=== 内容从行 389753 开始的 16 行 ===

=== 内容从行 397208 开始的 16 行 ===

=== 内容从行 487700 开始的 16 行 ===

=== 内容从行 501007 开始的 16 行 ===

=== 内容从行 526738 开始的 16 行 ===

=== 内容从行 545857 开始的 16 行 ===

=== 内容从行 547516 开始的 16 行 ===

=== 内容从行 548349 开始的 16 行 ===

=== 内容从行 555811 开始的 16 行 ===

=== 内容从行 7458 开始的 16 行 ===

=== 内容从行 9115 开始的 16 行 ===

=== 内容从行 11607 开始的 16 行 ===

=== 内容从行 22368 开始的 16 行 ===

=== 内容从行 79507 开始的 16 行 ===

=== 内容从行 96067 开始的 16 行 ===

=== 内容从行 117596 开始的 16 行 ===

=== 内容从行 136635 开始的 16 行 ===

=== 内容从行 138292 开始的 16 行 ===

=== 内容从行 140750 开始的 16 行 ===

=== 内容从行 189466 开始的 16 行 ===

=== 内容从行 235761 开始的 16 行 ===

=== 内容从行 257239 开始的 16 行 ===

=== 内容从行 278725 开始的 16 行 ===

=== 内容从行 311047 开始的 16 行 ===

=== 内容从行 316000 开始的 16 行 ===

=== 内容从行 330085 开始的 16 行 ===

=== 内容从行 331732 开始的 16 行 ===

=== 内容从行 345017 开始的 16 行 ===

=== 内容从行 400513 开始的 16 行 ===

=== 内容从行 430325 开始的 16 行 ===

=== 内容从行 445277 开始的 16 行 ===

=== 内容从行 33123 开始的 16 行 ===

=== 内容从行 267970 开始的 16 行 ===

=== 内容从行 325932 开始的 16 行 ===

=== 内容从行 332559 开始的 16 行 ===

=== 内容从行 386437 开始的 16 行 ===

=== 内容从行 819 开始的 16 行 ===
2025-09-04 20:04:09,210 - INFO - node    precision | micro: 0.608247; macro: 0.610076; score: [0.77777778 0.33333333 0.625      0.5        0.6875     0.73684211]
2025-09-04 20:04:09,210 - INFO - node    recall    | micro: 0.880597; macro: 0.860450; score: [1.         0.85714286 0.55555556 0.75       1.         1.        ]
2025-09-04 20:04:09,210 - INFO - node    f1        | micro: 0.719512; macro: 0.701089; score: [0.875      0.48       0.58823529 0.6        0.81481481 0.84848485]
2025-09-04 20:04:09,237 - INFO - service precision | micro: 0.724138; macro: 0.738395; score: [1.         0.9        0.30769231 0.28571429 0.88888889 0.6875
 0.90909091 1.         0.66666667]
2025-09-04 20:04:09,237 - INFO - service recall    | micro: 0.715909; macro: 0.751852; score: [1.         1.         0.4        0.16666667 0.66666667 0.73333333
 1.         1.         0.8       ]
2025-09-04 20:04:09,237 - INFO - service f1        | micro: 0.720000; macro: 0.739662; score: [1.         0.94736842 0.34782609 0.21052632 0.76190476 0.70967742
 0.95238095 1.         0.72727273]
2025-09-04 20:04:09,312 - INFO - pod     precision | micro: 0.532042; macro: 0.642600; score: [0.83928571 0.77586207 0.24166667 0.25384615 0.58333333 0.48275862
 0.92727273 0.96969697 0.70967742]
2025-09-04 20:04:09,313 - INFO - pod     recall    | micro: 0.815068; macro: 0.832300; score: [1.         0.97826087 0.59183673 0.53225806 0.75       0.82352941
 1.         1.         0.81481481]
2025-09-04 20:04:09,313 - INFO - pod     f1        | micro: 0.643823; macro: 0.715044; score: [0.91262136 0.86538462 0.34319527 0.34375    0.65625    0.60869565
 0.96226415 0.98461538 0.75862069]
2025-09-04 20:04:09,313 - INFO - ----------

=== 内容从行 143214 开始的 16 行 ===

=== 内容从行 219255 开始的 16 行 ===

=== 内容从行 229993 开始的 16 行 ===

=== 内容从行 251471 开始的 16 行 ===

=== 内容从行 283698 开始的 16 行 ===

=== 内容从行 333385 开始的 16 行 ===

=== 内容从行 412937 开始的 16 行 ===

=== 内容从行 14921 开始的 16 行 ===

=== 内容从行 162204 开始的 16 行 ===

=== 内容从行 287015 开始的 16 行 ===

=== 内容从行 288670 开始的 16 行 ===

=== 内容从行 383955 开始的 16 行 ===

=== 内容从行 385612 开始的 16 行 ===

=== 内容从行 434486 开始的 16 行 ===

=== 内容从行 312696 开始的 16 行 ===

=== 内容从行 398863 开始的 16 行 ===

=== 内容从行 291160 开始的 16 行 ===

=== 内容从行 294474 开始的 16 行 ===

=== 内容从行 324279 开始的 16 行 ===

=== 内容从行 348329 开始的 16 行 ===

=== 内容从行 36432 开始的 16 行 ===

=== 内容从行 301940 开始的 16 行 ===

=== 内容从行 402175 开始的 16 行 ===

