nohup: ignoring input
2025-10-22 10:41:17,749 - INFO - Found 24 parquet files in /root/shared-nvme/data_set/2025_CCF_aiops-live-benchmark/phasetwo/2025-06-29/cloudbed/trace-parquet
2025-10-22 10:41:18,198 - INFO - Processing batch with 65536 rows
2025-10-22 10:41:32,704 - INFO - Processing batch with 65536 rows
2025-10-22 10:41:46,282 - INFO - Processing batch with 65536 rows
2025-10-22 10:42:00,272 - INFO - Processing batch with 65536 rows
2025-10-22 10:42:13,891 - INFO - Processing batch with 40198 rows
2025-10-22 10:42:22,296 - INFO - Processing batch with 65536 rows
2025-10-22 10:42:35,765 - INFO - Processing batch with 65536 rows
2025-10-22 10:42:49,696 - INFO - Processing batch with 65536 rows
2025-10-22 10:43:03,222 - INFO - Processing batch with 65536 rows
2025-10-22 10:43:17,043 - INFO - Processing batch with 65018 rows
2025-10-22 10:43:30,701 - INFO - Processing batch with 65536 rows
2025-10-22 10:43:44,757 - INFO - Processing batch with 65536 rows
2025-10-22 10:43:59,597 - INFO - Processing batch with 65536 rows
2025-10-22 10:44:13,861 - INFO - Processing batch with 65536 rows
2025-10-22 10:44:27,857 - INFO - Processing batch with 60926 rows
2025-10-22 10:44:40,662 - INFO - Processing batch with 65536 rows
2025-10-22 10:44:54,919 - INFO - Processing batch with 65536 rows
2025-10-22 10:45:08,645 - INFO - Processing batch with 65536 rows
2025-10-22 10:45:22,563 - INFO - Processing batch with 65536 rows
2025-10-22 10:45:36,321 - INFO - Processing batch with 57010 rows
2025-10-22 10:45:48,361 - INFO - Processing batch with 65536 rows
2025-10-22 10:46:02,776 - INFO - Processing batch with 65536 rows
2025-10-22 10:46:17,079 - INFO - Processing batch with 65536 rows
2025-10-22 10:46:31,388 - INFO - Processing batch with 65536 rows
2025-10-22 10:46:46,110 - INFO - Processing batch with 26060 rows
2025-10-22 10:46:51,231 - INFO - Processing batch with 65536 rows
2025-10-22 10:47:06,008 - INFO - Processing batch with 65536 rows
2025-10-22 10:47:20,314 - INFO - Processing batch with 65536 rows
2025-10-22 10:47:34,492 - INFO - Processing batch with 65536 rows
2025-10-22 10:47:48,988 - INFO - Processing batch with 65536 rows
2025-10-22 10:48:03,945 - INFO - Processing batch with 141 rows
2025-10-22 10:48:03,976 - INFO - Processing batch with 65536 rows
2025-10-22 10:48:19,080 - INFO - Processing batch with 65536 rows
2025-10-22 10:48:33,559 - INFO - Processing batch with 65536 rows
2025-10-22 10:48:48,578 - INFO - Processing batch with 65536 rows
2025-10-22 10:49:03,168 - INFO - Processing batch with 40518 rows
2025-10-22 10:49:11,639 - INFO - Processing batch with 65536 rows
2025-10-22 10:49:26,136 - INFO - Processing batch with 65536 rows
2025-10-22 10:49:41,362 - INFO - Processing batch with 65536 rows
2025-10-22 10:49:56,114 - INFO - Processing batch with 65536 rows
2025-10-22 10:50:11,013 - INFO - Processing batch with 57037 rows
2025-10-22 10:50:22,750 - INFO - Processing batch with 65536 rows
2025-10-22 10:50:37,551 - INFO - Processing batch with 65536 rows
2025-10-22 10:50:52,743 - INFO - Processing batch with 65536 rows
2025-10-22 10:51:07,062 - INFO - Processing batch with 65536 rows
2025-10-22 10:51:22,030 - INFO - Processing batch with 65536 rows
2025-10-22 10:51:36,606 - INFO - Processing batch with 1910 rows
2025-10-22 10:51:36,951 - INFO - Processing batch with 65536 rows
2025-10-22 10:51:52,317 - INFO - Processing batch with 65536 rows
2025-10-22 10:52:06,760 - INFO - Processing batch with 65536 rows
2025-10-22 10:52:22,572 - INFO - Processing batch with 65536 rows
2025-10-22 10:52:37,563 - INFO - Processing batch with 65536 rows
2025-10-22 10:52:52,818 - INFO - Processing batch with 55170 rows
2025-10-22 10:53:05,641 - INFO - Processing batch with 65536 rows
2025-10-22 10:53:20,036 - INFO - Processing batch with 65536 rows
2025-10-22 10:53:34,632 - INFO - Processing batch with 65536 rows
2025-10-22 10:53:49,902 - INFO - Processing batch with 65536 rows
2025-10-22 10:54:04,219 - INFO - Processing batch with 65536 rows
2025-10-22 10:54:19,346 - INFO - Processing batch with 65536 rows
2025-10-22 10:54:34,885 - INFO - Processing batch with 65536 rows
2025-10-22 10:54:49,519 - INFO - Processing batch with 65536 rows
2025-10-22 10:55:03,543 - INFO - Processing batch with 24801 rows
2025-10-22 10:55:09,257 - INFO - Processing batch with 65536 rows
2025-10-22 10:55:23,800 - INFO - Processing batch with 65536 rows
2025-10-22 10:55:39,485 - INFO - Processing batch with 65536 rows
2025-10-22 10:55:53,888 - INFO - Processing batch with 65536 rows
2025-10-22 10:56:08,480 - INFO - Processing batch with 65536 rows
2025-10-22 10:56:23,423 - INFO - Processing batch with 65536 rows
2025-10-22 10:56:38,173 - INFO - Processing batch with 65536 rows
2025-10-22 10:56:52,861 - INFO - Processing batch with 65536 rows
2025-10-22 10:57:06,950 - INFO - Processing batch with 65536 rows
2025-10-22 10:57:22,050 - INFO - Processing batch with 39281 rows
2025-10-22 10:57:31,582 - INFO - Processing batch with 65536 rows
2025-10-22 10:57:47,461 - INFO - Processing batch with 65536 rows
2025-10-22 10:58:01,816 - INFO - Processing batch with 65536 rows
2025-10-22 10:58:17,195 - INFO - Processing batch with 65536 rows
2025-10-22 10:58:31,881 - INFO - Processing batch with 65536 rows
2025-10-22 10:58:47,588 - INFO - Processing batch with 65536 rows
2025-10-22 10:59:01,895 - INFO - Processing batch with 65536 rows
2025-10-22 10:59:17,209 - INFO - Processing batch with 65536 rows
2025-10-22 10:59:31,503 - INFO - Processing batch with 65536 rows
2025-10-22 10:59:46,795 - INFO - Processing batch with 65536 rows
2025-10-22 11:00:02,632 - INFO - Processing batch with 10309 rows
2025-10-22 11:00:04,613 - INFO - Processing batch with 65536 rows
2025-10-22 11:00:20,451 - INFO - Processing batch with 65536 rows
2025-10-22 11:00:34,835 - INFO - Processing batch with 65536 rows
2025-10-22 11:00:50,887 - INFO - Processing batch with 65536 rows
2025-10-22 11:01:06,023 - INFO - Processing batch with 65536 rows
2025-10-22 11:01:21,477 - INFO - Processing batch with 65536 rows
2025-10-22 11:01:36,763 - INFO - Processing batch with 65536 rows
2025-10-22 11:01:51,398 - INFO - Processing batch with 65536 rows
2025-10-22 11:02:07,219 - INFO - Processing batch with 11531 rows
2025-10-22 11:02:10,091 - INFO - Processing batch with 65536 rows
2025-10-22 11:02:24,844 - INFO - Processing batch with 65536 rows
2025-10-22 11:02:40,558 - INFO - Processing batch with 65536 rows
2025-10-22 11:02:55,896 - INFO - Processing batch with 65536 rows
2025-10-22 11:03:10,935 - INFO - Processing batch with 65536 rows
2025-10-22 11:03:27,484 - INFO - Processing batch with 65536 rows
2025-10-22 11:03:43,447 - INFO - Processing batch with 65536 rows
2025-10-22 11:03:59,443 - INFO - Processing batch with 65536 rows
2025-10-22 11:04:14,938 - INFO - Processing batch with 65536 rows
2025-10-22 11:04:31,093 - INFO - Processing batch with 50985 rows
2025-10-22 11:04:43,274 - INFO - Processing batch with 65536 rows
2025-10-22 11:04:58,526 - INFO - Processing batch with 65536 rows
2025-10-22 11:05:13,334 - INFO - Processing batch with 65536 rows
2025-10-22 11:05:29,680 - INFO - Processing batch with 65536 rows
2025-10-22 11:05:44,768 - INFO - Processing batch with 65536 rows
2025-10-22 11:06:00,804 - INFO - Processing batch with 65536 rows
2025-10-22 11:06:16,862 - INFO - Processing batch with 65536 rows
2025-10-22 11:06:32,353 - INFO - Processing batch with 19581 rows
2025-10-22 11:06:37,031 - INFO - Processing batch with 65536 rows
2025-10-22 11:06:53,292 - INFO - Processing batch with 65536 rows
2025-10-22 11:07:08,814 - INFO - Processing batch with 65536 rows
2025-10-22 11:07:25,484 - INFO - Processing batch with 65536 rows
2025-10-22 11:07:40,524 - INFO - Processing batch with 65536 rows
2025-10-22 11:07:55,468 - INFO - Processing batch with 65536 rows
2025-10-22 11:08:11,154 - INFO - Processing batch with 65536 rows
2025-10-22 11:08:26,666 - INFO - Processing batch with 65536 rows
2025-10-22 11:08:42,066 - INFO - Processing batch with 65536 rows
2025-10-22 11:08:57,168 - INFO - Processing batch with 65536 rows
2025-10-22 11:09:12,158 - INFO - Processing batch with 21724 rows
2025-10-22 11:09:17,371 - INFO - Processing batch with 65536 rows
2025-10-22 11:09:32,552 - INFO - Processing batch with 65536 rows
2025-10-22 11:09:48,152 - INFO - Processing batch with 65536 rows
2025-10-22 11:10:02,945 - INFO - Processing batch with 65536 rows
2025-10-22 11:10:17,648 - INFO - Processing batch with 65536 rows
2025-10-22 11:10:33,246 - INFO - Processing batch with 65536 rows
2025-10-22 11:10:47,708 - INFO - Processing batch with 65536 rows
2025-10-22 11:11:03,037 - INFO - Processing batch with 65536 rows
2025-10-22 11:11:17,853 - INFO - Processing batch with 65536 rows
2025-10-22 11:11:33,316 - INFO - Processing batch with 65536 rows
2025-10-22 11:11:47,953 - INFO - Processing batch with 63007 rows
2025-10-22 11:12:02,897 - INFO - Processing batch with 65536 rows
2025-10-22 11:12:17,988 - INFO - Processing batch with 65536 rows
2025-10-22 11:12:33,015 - INFO - Processing batch with 65536 rows
2025-10-22 11:12:48,691 - INFO - Processing batch with 65536 rows
2025-10-22 11:13:03,748 - INFO - Processing batch with 65536 rows
2025-10-22 11:13:19,120 - INFO - Processing batch with 65536 rows
2025-10-22 11:13:34,948 - INFO - Processing batch with 65536 rows
2025-10-22 11:13:50,343 - INFO - Processing batch with 65536 rows
2025-10-22 11:14:05,602 - INFO - Processing batch with 140 rows
2025-10-22 11:14:05,648 - INFO - Processing batch with 65536 rows
2025-10-22 11:14:24,347 - INFO - Processing batch with 65536 rows
2025-10-22 11:14:40,164 - INFO - Processing batch with 65536 rows
2025-10-22 11:14:55,655 - INFO - Processing batch with 65536 rows
2025-10-22 11:15:13,466 - INFO - Processing batch with 65536 rows
2025-10-22 11:15:31,609 - INFO - Processing batch with 65536 rows
2025-10-22 11:15:47,429 - INFO - Processing batch with 65536 rows
2025-10-22 11:16:03,262 - INFO - Processing batch with 65536 rows
2025-10-22 11:16:18,719 - INFO - Processing batch with 8984 rows
2025-10-22 11:16:21,944 - INFO - Processing batch with 65536 rows
2025-10-22 11:16:38,755 - INFO - Processing batch with 65536 rows
2025-10-22 11:16:56,363 - INFO - Processing batch with 65536 rows
2025-10-22 11:17:11,692 - INFO - Processing batch with 65536 rows
2025-10-22 11:17:28,336 - INFO - Processing batch with 65536 rows
2025-10-22 11:17:46,475 - INFO - Processing batch with 44735 rows
2025-10-22 11:17:57,487 - INFO - Processing batch with 65536 rows
2025-10-22 11:18:13,634 - INFO - Processing batch with 52470 rows
2025-10-22 11:18:25,848 - INFO - Processing batch with 65536 rows
2025-10-22 11:18:42,472 - INFO - Processing batch with 4276 rows
2025-10-22 11:18:43,252 - INFO - Processing batch with 65536 rows
2025-10-22 11:18:59,659 - INFO - Processing batch with 65536 rows
2025-10-22 11:19:15,581 - INFO - Processing batch with 13457 rows
2025-10-22 11:19:31,246 - INFO - Saved aggregated span features to /root/shared-nvme/work/code/RCA/IncluRCA/temp_data/2025_CCF_AIOps_challenge_phasetwo/raw_data/normal/2025-06-29/cloudbed/raw_trace/span_features.csv
2025-10-22 11:19:31,305 - INFO - Found 17 parquet files in /root/shared-nvme/data_set/2025_CCF_aiops-live-benchmark/phasetwo/2025-06-17/cloudbed/trace-parquet
2025-10-22 11:19:34,287 - INFO - Processing batch with 65536 rows
2025-10-22 11:19:48,717 - INFO - Processing batch with 43602 rows
2025-10-22 11:19:57,523 - INFO - Processing batch with 65536 rows
2025-10-22 11:20:10,889 - INFO - Processing batch with 65536 rows
2025-10-22 11:20:24,412 - INFO - Processing batch with 25052 rows
2025-10-22 11:20:29,552 - INFO - Processing batch with 32348 rows
2025-10-22 11:20:36,248 - INFO - Processing batch with 65536 rows
2025-10-22 11:20:50,380 - INFO - Processing batch with 19100 rows
2025-10-22 11:20:54,043 - INFO - Processing batch with 65536 rows
2025-10-22 11:21:08,106 - INFO - Processing batch with 65536 rows
2025-10-22 11:21:22,238 - INFO - Processing batch with 65536 rows
2025-10-22 11:21:36,471 - INFO - Processing batch with 65536 rows
2025-10-22 11:21:50,330 - INFO - Processing batch with 65536 rows
2025-10-22 11:22:04,369 - INFO - Processing batch with 59318 rows
2025-10-22 11:22:17,387 - INFO - Processing batch with 65536 rows
2025-10-22 11:22:31,133 - INFO - Processing batch with 65536 rows
2025-10-22 11:22:45,476 - INFO - Processing batch with 65536 rows
2025-10-22 11:22:59,131 - INFO - Processing batch with 65536 rows
2025-10-22 11:23:13,375 - INFO - Processing batch with 65536 rows
2025-10-22 11:23:27,522 - INFO - Processing batch with 65536 rows
2025-10-22 11:23:42,060 - INFO - Processing batch with 65536 rows
2025-10-22 11:23:55,779 - INFO - Processing batch with 33013 rows
2025-10-22 11:24:03,083 - INFO - Processing batch with 65536 rows
2025-10-22 11:24:17,495 - INFO - Processing batch with 65536 rows
2025-10-22 11:24:31,686 - INFO - Processing batch with 65536 rows
2025-10-22 11:24:45,883 - INFO - Processing batch with 65536 rows
2025-10-22 11:25:00,055 - INFO - Processing batch with 65536 rows
2025-10-22 11:25:13,558 - INFO - Processing batch with 65536 rows
2025-10-22 11:25:28,240 - INFO - Processing batch with 65536 rows
2025-10-22 11:25:42,129 - INFO - Processing batch with 11363 rows
2025-10-22 11:25:44,498 - INFO - Processing batch with 65536 rows
2025-10-22 11:25:58,677 - INFO - Processing batch with 65536 rows
2025-10-22 11:26:13,437 - INFO - Processing batch with 65536 rows
2025-10-22 11:26:27,567 - INFO - Processing batch with 65536 rows
2025-10-22 11:26:41,218 - INFO - Processing batch with 65536 rows
2025-10-22 11:26:56,193 - INFO - Processing batch with 65536 rows
2025-10-22 11:27:10,071 - INFO - Processing batch with 63987 rows
2025-10-22 11:27:23,629 - INFO - Processing batch with 65536 rows
2025-10-22 11:27:37,782 - INFO - Processing batch with 65536 rows
2025-10-22 11:27:51,945 - INFO - Processing batch with 65536 rows
2025-10-22 11:28:06,297 - INFO - Processing batch with 65536 rows
2025-10-22 11:28:20,444 - INFO - Processing batch with 65536 rows
2025-10-22 11:28:34,369 - INFO - Processing batch with 60572 rows
2025-10-22 11:28:47,397 - INFO - Processing batch with 65536 rows
2025-10-22 11:29:02,010 - INFO - Processing batch with 65536 rows
2025-10-22 11:29:16,334 - INFO - Processing batch with 65536 rows
2025-10-22 11:29:30,669 - INFO - Processing batch with 65536 rows
2025-10-22 11:29:44,483 - INFO - Processing batch with 65536 rows
2025-10-22 11:29:59,249 - INFO - Processing batch with 65536 rows
2025-10-22 11:30:13,030 - INFO - Processing batch with 65536 rows
2025-10-22 11:30:27,789 - INFO - Processing batch with 11092 rows
2025-10-22 11:30:29,839 - INFO - Processing batch with 65536 rows
2025-10-22 11:30:43,999 - INFO - Processing batch with 65536 rows
2025-10-22 11:30:58,303 - INFO - Processing batch with 65536 rows
2025-10-22 11:31:12,154 - INFO - Processing batch with 65536 rows
2025-10-22 11:31:26,506 - INFO - Processing batch with 65536 rows
2025-10-22 11:31:40,920 - INFO - Processing batch with 65536 rows
2025-10-22 11:31:54,804 - INFO - Processing batch with 65536 rows
2025-10-22 11:32:08,684 - INFO - Processing batch with 65536 rows
2025-10-22 11:32:23,497 - INFO - Processing batch with 24401 rows
2025-10-22 11:32:28,392 - INFO - Processing batch with 65536 rows
2025-10-22 11:32:42,517 - INFO - Processing batch with 65536 rows
2025-10-22 11:32:56,863 - INFO - Processing batch with 65536 rows
2025-10-22 11:33:11,078 - INFO - Processing batch with 65536 rows
2025-10-22 11:33:24,842 - INFO - Processing batch with 65536 rows
2025-10-22 11:33:39,169 - INFO - Processing batch with 65536 rows
2025-10-22 11:33:53,600 - INFO - Processing batch with 65536 rows
2025-10-22 11:34:07,845 - INFO - Processing batch with 65536 rows
2025-10-22 11:34:22,135 - INFO - Processing batch with 53678 rows
2025-10-22 11:34:33,573 - INFO - Processing batch with 65536 rows
2025-10-22 11:34:49,392 - INFO - Processing batch with 65536 rows
2025-10-22 11:35:03,960 - INFO - Processing batch with 65536 rows
2025-10-22 11:35:18,619 - INFO - Processing batch with 65536 rows
2025-10-22 11:35:33,082 - INFO - Processing batch with 65536 rows
2025-10-22 11:35:47,284 - INFO - Processing batch with 65536 rows
2025-10-22 11:36:02,436 - INFO - Processing batch with 65536 rows
2025-10-22 11:36:16,532 - INFO - Processing batch with 65536 rows
2025-10-22 11:36:30,745 - INFO - Processing batch with 65536 rows
2025-10-22 11:36:45,018 - INFO - Processing batch with 1846 rows
2025-10-22 11:36:45,385 - INFO - Processing batch with 65536 rows
2025-10-22 11:37:00,488 - INFO - Processing batch with 65536 rows
2025-10-22 11:37:14,561 - INFO - Processing batch with 65536 rows
2025-10-22 11:37:29,157 - INFO - Processing batch with 65536 rows
2025-10-22 11:37:44,379 - INFO - Processing batch with 65536 rows
2025-10-22 11:37:58,621 - INFO - Processing batch with 21387 rows
2025-10-22 11:38:03,272 - INFO - Processing batch with 65536 rows
2025-10-22 11:38:18,441 - INFO - Processing batch with 65536 rows
2025-10-22 11:38:33,378 - INFO - Processing batch with 65536 rows
2025-10-22 11:38:48,435 - INFO - Processing batch with 65536 rows
2025-10-22 11:39:03,223 - INFO - Processing batch with 45253 rows
2025-10-22 11:39:13,549 - INFO - Processing batch with 65536 rows
2025-10-22 11:39:29,252 - INFO - Processing batch with 65536 rows
2025-10-22 11:39:44,197 - INFO - Processing batch with 23944 rows
2025-10-22 11:39:49,631 - INFO - Processing batch with 65536 rows
2025-10-22 11:40:05,244 - INFO - Processing batch with 65536 rows
2025-10-22 11:40:20,296 - INFO - Processing batch with 28832 rows
2025-10-22 11:40:33,961 - INFO - Saved aggregated span features to /root/shared-nvme/work/code/RCA/IncluRCA/temp_data/2025_CCF_AIOps_challenge_phasetwo/raw_data/train_valid/2025-06-17/cloudbed/raw_trace/span_features.csv
2025-10-22 11:40:34,013 - INFO - Found 20 parquet files in /root/shared-nvme/data_set/2025_CCF_aiops-live-benchmark/phasetwo/2025-06-18/cloudbed/trace-parquet
2025-10-22 11:40:36,040 - INFO - Processing batch with 65536 rows
2025-10-22 11:40:49,593 - INFO - Processing batch with 65536 rows
2025-10-22 11:41:03,617 - INFO - Processing batch with 28371 rows
2025-10-22 11:41:10,039 - INFO - Processing batch with 65536 rows
2025-10-22 11:41:24,715 - INFO - Processing batch with 65536 rows
2025-10-22 11:41:38,087 - INFO - Processing batch with 31565 rows
2025-10-22 11:41:44,897 - INFO - Processing batch with 65536 rows
2025-10-22 11:41:59,164 - INFO - Processing batch with 65536 rows
2025-10-22 11:42:13,664 - INFO - Processing batch with 27817 rows
2025-10-22 11:42:19,677 - INFO - Processing batch with 65536 rows
2025-10-22 11:42:34,002 - INFO - Processing batch with 65536 rows
2025-10-22 11:42:47,847 - INFO - Processing batch with 2444 rows
2025-10-22 11:42:48,297 - INFO - Processing batch with 65536 rows
2025-10-22 11:43:02,515 - INFO - Processing batch with 65536 rows
2025-10-22 11:43:17,124 - INFO - Processing batch with 25540 rows
2025-10-22 11:43:22,323 - INFO - Processing batch with 65536 rows
2025-10-22 11:43:37,353 - INFO - Processing batch with 61475 rows
2025-10-22 11:43:50,587 - INFO - Processing batch with 65536 rows
2025-10-22 11:44:04,793 - INFO - Processing batch with 31930 rows
2025-10-22 11:44:11,723 - INFO - Processing batch with 65536 rows
2025-10-22 11:44:25,594 - INFO - Processing batch with 65536 rows
2025-10-22 11:44:39,734 - INFO - Processing batch with 19672 rows
2025-10-22 11:44:43,950 - INFO - Processing batch with 65536 rows
2025-10-22 11:44:57,702 - INFO - Processing batch with 65536 rows
2025-10-22 11:45:11,897 - INFO - Processing batch with 15636 rows
2025-10-22 11:45:14,938 - INFO - Processing batch with 65536 rows
2025-10-22 11:45:29,013 - INFO - Processing batch with 65536 rows
2025-10-22 11:45:43,411 - INFO - Processing batch with 65536 rows
2025-10-22 11:45:57,187 - INFO - Processing batch with 15373 rows
2025-10-22 11:46:00,247 - INFO - Processing batch with 65536 rows
2025-10-22 11:46:14,607 - INFO - Processing batch with 65536 rows
2025-10-22 11:46:28,542 - INFO - Processing batch with 65536 rows
2025-10-22 11:46:42,422 - INFO - Processing batch with 65536 rows
2025-10-22 11:46:56,182 - INFO - Processing batch with 19619 rows
2025-10-22 11:47:00,381 - INFO - Processing batch with 65536 rows
2025-10-22 11:47:14,649 - INFO - Processing batch with 65536 rows
2025-10-22 11:47:29,686 - INFO - Processing batch with 65536 rows
2025-10-22 11:47:43,787 - INFO - Processing batch with 65536 rows
2025-10-22 11:47:57,847 - INFO - Processing batch with 65536 rows
2025-10-22 11:48:12,072 - INFO - Processing batch with 13374 rows
2025-10-22 11:48:15,158 - INFO - Processing batch with 65536 rows
2025-10-22 11:48:29,367 - INFO - Processing batch with 65536 rows
2025-10-22 11:48:43,968 - INFO - Processing batch with 65536 rows
2025-10-22 11:48:58,359 - INFO - Processing batch with 65536 rows
2025-10-22 11:49:12,615 - INFO - Processing batch with 65536 rows
2025-10-22 11:49:27,099 - INFO - Processing batch with 65536 rows
2025-10-22 11:49:42,407 - INFO - Processing batch with 65536 rows
2025-10-22 11:49:56,942 - INFO - Processing batch with 28150 rows
2025-10-22 11:50:02,539 - INFO - Processing batch with 65536 rows
2025-10-22 11:50:17,654 - INFO - Processing batch with 65536 rows
2025-10-22 11:50:31,985 - INFO - Processing batch with 65536 rows
2025-10-22 11:50:46,697 - INFO - Processing batch with 65536 rows
2025-10-22 11:51:01,274 - INFO - Processing batch with 65536 rows
2025-10-22 11:51:15,143 - INFO - Processing batch with 65536 rows
2025-10-22 11:51:29,433 - INFO - Processing batch with 65536 rows
2025-10-22 11:51:44,224 - INFO - Processing batch with 25979 rows
2025-10-22 11:51:49,431 - INFO - Processing batch with 65536 rows
2025-10-22 11:52:04,826 - INFO - Processing batch with 65536 rows
2025-10-22 11:52:19,298 - INFO - Processing batch with 65536 rows
2025-10-22 11:52:33,548 - INFO - Processing batch with 59108 rows
2025-10-22 11:52:46,866 - INFO - Processing batch with 46736 rows
2025-10-22 11:52:56,645 - INFO - Processing batch with 65536 rows
2025-10-22 11:53:11,879 - INFO - Processing batch with 65536 rows
2025-10-22 11:53:26,344 - INFO - Processing batch with 65536 rows
2025-10-22 11:53:40,633 - INFO - Processing batch with 65536 rows
2025-10-22 11:53:54,785 - INFO - Processing batch with 65536 rows
2025-10-22 11:54:10,143 - INFO - Processing batch with 65536 rows
2025-10-22 11:54:24,505 - INFO - Processing batch with 65536 rows
2025-10-22 11:54:39,441 - INFO - Processing batch with 56425 rows
2025-10-22 11:54:51,454 - INFO - Processing batch with 65536 rows
2025-10-22 11:55:06,233 - INFO - Processing batch with 65536 rows
2025-10-22 11:55:20,714 - INFO - Processing batch with 65536 rows
2025-10-22 11:55:35,301 - INFO - Processing batch with 65536 rows
2025-10-22 11:55:50,386 - INFO - Processing batch with 65536 rows
2025-10-22 11:56:04,721 - INFO - Processing batch with 65536 rows
2025-10-22 11:56:19,544 - INFO - Processing batch with 65536 rows
2025-10-22 11:56:34,502 - INFO - Processing batch with 65536 rows
2025-10-22 11:56:49,165 - INFO - Processing batch with 39691 rows
2025-10-22 11:56:58,543 - INFO - Processing batch with 65536 rows
2025-10-22 11:57:13,229 - INFO - Processing batch with 65536 rows
2025-10-22 11:57:28,041 - INFO - Processing batch with 65536 rows
2025-10-22 11:57:42,898 - INFO - Processing batch with 65536 rows
2025-10-22 11:57:57,887 - INFO - Processing batch with 65536 rows
2025-10-22 11:58:12,546 - INFO - Processing batch with 65536 rows
2025-10-22 11:58:27,978 - INFO - Processing batch with 65536 rows
2025-10-22 11:58:42,103 - INFO - Processing batch with 65536 rows
2025-10-22 11:58:57,082 - INFO - Processing batch with 58315 rows
2025-10-22 11:59:10,735 - INFO - Processing batch with 65536 rows
2025-10-22 11:59:26,094 - INFO - Processing batch with 65536 rows
2025-10-22 11:59:42,352 - INFO - Processing batch with 65536 rows
2025-10-22 11:59:56,961 - INFO - Processing batch with 65536 rows
2025-10-22 12:00:12,227 - INFO - Processing batch with 65536 rows
2025-10-22 12:00:27,749 - INFO - Processing batch with 65536 rows
2025-10-22 12:00:43,381 - INFO - Processing batch with 40264 rows
2025-10-22 12:01:00,164 - INFO - Saved aggregated span features to /root/shared-nvme/work/code/RCA/IncluRCA/temp_data/2025_CCF_AIOps_challenge_phasetwo/raw_data/train_valid/2025-06-18/cloudbed/raw_trace/span_features.csv
2025-10-22 12:01:00,212 - INFO - Found 23 parquet files in /root/shared-nvme/data_set/2025_CCF_aiops-live-benchmark/phasetwo/2025-06-19/cloudbed/trace-parquet
2025-10-22 12:01:02,147 - INFO - Processing batch with 65536 rows
2025-10-22 12:01:15,975 - INFO - Processing batch with 56830 rows
2025-10-22 12:01:27,463 - INFO - Processing batch with 65536 rows
2025-10-22 12:01:41,827 - INFO - Processing batch with 60865 rows
2025-10-22 12:01:54,675 - INFO - Processing batch with 65536 rows
2025-10-22 12:02:08,106 - INFO - Processing batch with 43651 rows
2025-10-22 12:02:17,134 - INFO - Processing batch with 65536 rows
2025-10-22 12:02:31,101 - INFO - Processing batch with 65536 rows
2025-10-22 12:02:45,369 - INFO - Processing batch with 30585 rows
2025-10-22 12:02:51,893 - INFO - Processing batch with 65536 rows
2025-10-22 12:03:05,856 - INFO - Processing batch with 65536 rows
2025-10-22 12:03:19,585 - INFO - Processing batch with 26563 rows
2025-10-22 12:03:24,808 - INFO - Processing batch with 65536 rows
2025-10-22 12:03:38,552 - INFO - Processing batch with 65536 rows
2025-10-22 12:03:52,412 - INFO - Processing batch with 29811 rows
2025-10-22 12:03:58,614 - INFO - Processing batch with 65536 rows
2025-10-22 12:04:12,950 - INFO - Processing batch with 36011 rows
2025-10-22 12:04:20,305 - INFO - Processing batch with 65536 rows
2025-10-22 12:04:34,171 - INFO - Processing batch with 65536 rows
2025-10-22 12:04:48,096 - INFO - Processing batch with 28039 rows
2025-10-22 12:04:54,370 - INFO - Processing batch with 65536 rows
2025-10-22 12:05:08,562 - INFO - Processing batch with 65536 rows
2025-10-22 12:05:22,569 - INFO - Processing batch with 65536 rows
2025-10-22 12:05:36,759 - INFO - Processing batch with 8861 rows
2025-10-22 12:05:38,428 - INFO - Processing batch with 65536 rows
2025-10-22 12:05:52,562 - INFO - Processing batch with 65536 rows
2025-10-22 12:06:07,363 - INFO - Processing batch with 65536 rows
2025-10-22 12:06:21,548 - INFO - Processing batch with 65536 rows
2025-10-22 12:06:35,106 - INFO - Processing batch with 52903 rows
2025-10-22 12:06:46,779 - INFO - Processing batch with 65536 rows
2025-10-22 12:07:00,857 - INFO - Processing batch with 65536 rows
2025-10-22 12:07:15,574 - INFO - Processing batch with 65536 rows
2025-10-22 12:07:29,475 - INFO - Processing batch with 65536 rows
2025-10-22 12:07:44,215 - INFO - Processing batch with 65536 rows
2025-10-22 12:07:58,119 - INFO - Processing batch with 65536 rows
2025-10-22 12:08:12,962 - INFO - Processing batch with 65536 rows
2025-10-22 12:08:27,502 - INFO - Processing batch with 9916 rows
2025-10-22 12:08:29,380 - INFO - Processing batch with 65536 rows
2025-10-22 12:08:43,858 - INFO - Processing batch with 65536 rows
2025-10-22 12:08:58,663 - INFO - Processing batch with 65536 rows
2025-10-22 12:09:12,789 - INFO - Processing batch with 65536 rows
2025-10-22 12:09:26,672 - INFO - Processing batch with 65536 rows
2025-10-22 12:09:40,972 - INFO - Processing batch with 65536 rows
2025-10-22 12:09:55,229 - INFO - Processing batch with 65536 rows
2025-10-22 12:10:09,727 - INFO - Processing batch with 41994 rows
2025-10-22 12:10:19,314 - INFO - Processing batch with 65536 rows
2025-10-22 12:10:33,586 - INFO - Processing batch with 65536 rows
2025-10-22 12:10:48,261 - INFO - Processing batch with 65536 rows
2025-10-22 12:11:02,440 - INFO - Processing batch with 65536 rows
2025-10-22 12:11:17,005 - INFO - Processing batch with 65536 rows
2025-10-22 12:11:31,796 - INFO - Processing batch with 65536 rows
2025-10-22 12:11:46,405 - INFO - Processing batch with 15617 rows
2025-10-22 12:11:49,900 - INFO - Processing batch with 65536 rows
2025-10-22 12:12:04,494 - INFO - Processing batch with 65536 rows
2025-10-22 12:12:19,509 - INFO - Processing batch with 65536 rows
2025-10-22 12:12:33,437 - INFO - Processing batch with 65536 rows
2025-10-22 12:12:48,436 - INFO - Processing batch with 65536 rows
2025-10-22 12:13:03,061 - INFO - Processing batch with 25764 rows
2025-10-22 12:13:08,668 - INFO - Processing batch with 65536 rows
2025-10-22 12:13:23,966 - INFO - Processing batch with 65536 rows
2025-10-22 12:13:38,650 - INFO - Processing batch with 65536 rows
2025-10-22 12:13:53,188 - INFO - Processing batch with 65536 rows
2025-10-22 12:14:07,854 - INFO - Processing batch with 65536 rows
2025-10-22 12:14:22,492 - INFO - Processing batch with 65536 rows
2025-10-22 12:14:36,959 - INFO - Processing batch with 51657 rows
2025-10-22 12:14:48,311 - INFO - Processing batch with 65536 rows
2025-10-22 12:15:03,797 - INFO - Processing batch with 65536 rows
2025-10-22 12:15:18,820 - INFO - Processing batch with 65536 rows
2025-10-22 12:15:33,839 - INFO - Processing batch with 65536 rows
2025-10-22 12:15:49,217 - INFO - Processing batch with 65536 rows
2025-10-22 12:16:03,751 - INFO - Processing batch with 65536 rows
2025-10-22 12:16:18,126 - INFO - Processing batch with 65536 rows
2025-10-22 12:16:34,364 - INFO - Processing batch with 46801 rows
2025-10-22 12:16:45,232 - INFO - Processing batch with 65536 rows
2025-10-22 12:17:00,163 - INFO - Processing batch with 65536 rows
2025-10-22 12:17:15,660 - INFO - Processing batch with 65536 rows
2025-10-22 12:17:29,997 - INFO - Processing batch with 65536 rows
2025-10-22 12:17:45,975 - INFO - Processing batch with 65536 rows
2025-10-22 12:18:00,549 - INFO - Processing batch with 65536 rows
2025-10-22 12:18:15,286 - INFO - Processing batch with 65536 rows
2025-10-22 12:18:30,531 - INFO - Processing batch with 65536 rows
2025-10-22 12:18:45,393 - INFO - Processing batch with 24222 rows
2025-10-22 12:18:50,559 - INFO - Processing batch with 65536 rows
2025-10-22 12:19:06,608 - INFO - Processing batch with 65536 rows
2025-10-22 12:19:21,188 - INFO - Processing batch with 65536 rows
2025-10-22 12:19:36,487 - INFO - Processing batch with 65536 rows
2025-10-22 12:19:51,425 - INFO - Processing batch with 65536 rows
2025-10-22 12:20:06,525 - INFO - Processing batch with 65536 rows
2025-10-22 12:20:22,321 - INFO - Processing batch with 65536 rows
2025-10-22 12:20:37,881 - INFO - Processing batch with 65536 rows
2025-10-22 12:20:53,966 - INFO - Processing batch with 16161 rows
2025-10-22 12:20:57,089 - INFO - Processing batch with 65536 rows
2025-10-22 12:21:12,840 - INFO - Processing batch with 65536 rows
2025-10-22 12:21:28,201 - INFO - Processing batch with 65536 rows
2025-10-22 12:21:43,290 - INFO - Processing batch with 65536 rows
2025-10-22 12:21:59,237 - INFO - Processing batch with 65536 rows
2025-10-22 12:22:15,073 - INFO - Processing batch with 65536 rows
2025-10-22 12:22:30,094 - INFO - Processing batch with 65536 rows
2025-10-22 12:22:44,825 - INFO - Processing batch with 65536 rows
2025-10-22 12:23:00,360 - INFO - Processing batch with 1122 rows
2025-10-22 12:23:00,581 - INFO - Processing batch with 65536 rows
2025-10-22 12:23:15,791 - INFO - Processing batch with 65536 rows
2025-10-22 12:23:30,765 - INFO - Processing batch with 65536 rows
2025-10-22 12:23:46,823 - INFO - Processing batch with 65536 rows
2025-10-22 12:24:01,326 - INFO - Processing batch with 65536 rows
2025-10-22 12:24:17,301 - INFO - Processing batch with 65536 rows
2025-10-22 12:24:32,180 - INFO - Processing batch with 65536 rows
2025-10-22 12:24:47,446 - INFO - Processing batch with 50889 rows
2025-10-22 12:24:58,993 - INFO - Processing batch with 65536 rows
2025-10-22 12:25:14,753 - INFO - Processing batch with 65536 rows
2025-10-22 12:25:29,904 - INFO - Processing batch with 65536 rows
2025-10-22 12:25:45,726 - INFO - Processing batch with 25871 rows
2025-10-22 12:25:51,595 - INFO - Processing batch with 65536 rows
2025-10-22 12:26:06,520 - INFO - Processing batch with 65536 rows
2025-10-22 12:26:22,355 - INFO - Processing batch with 31508 rows
2025-10-22 12:26:29,213 - INFO - Processing batch with 65536 rows
2025-10-22 12:26:44,756 - INFO - Processing batch with 65536 rows
2025-10-22 12:27:00,280 - INFO - Processing batch with 31249 rows
2025-10-22 12:27:16,217 - INFO - Saved aggregated span features to /root/shared-nvme/work/code/RCA/IncluRCA/temp_data/2025_CCF_AIOps_challenge_phasetwo/raw_data/train_valid/2025-06-19/cloudbed/raw_trace/span_features.csv
2025-10-22 12:27:16,266 - INFO - Found 24 parquet files in /root/shared-nvme/data_set/2025_CCF_aiops-live-benchmark/phasetwo/2025-06-20/cloudbed/trace-parquet
2025-10-22 12:27:18,127 - INFO - Processing batch with 65536 rows
2025-10-22 12:27:31,944 - INFO - Processing batch with 65536 rows
2025-10-22 12:27:45,288 - INFO - Processing batch with 32672 rows
2025-10-22 12:27:51,921 - INFO - Processing batch with 65536 rows
2025-10-22 12:28:05,681 - INFO - Processing batch with 65536 rows
2025-10-22 12:28:19,706 - INFO - Processing batch with 28766 rows
2025-10-22 12:28:25,488 - INFO - Processing batch with 65536 rows
2025-10-22 12:28:39,471 - INFO - Processing batch with 65536 rows
2025-10-22 12:28:52,902 - INFO - Processing batch with 16271 rows
2025-10-22 12:28:56,120 - INFO - Processing batch with 65536 rows
2025-10-22 12:29:09,566 - INFO - Processing batch with 58091 rows
2025-10-22 12:29:21,382 - INFO - Processing batch with 65536 rows
2025-10-22 12:29:35,354 - INFO - Processing batch with 65536 rows
2025-10-22 12:29:48,629 - INFO - Processing batch with 33717 rows
2025-10-22 12:29:55,612 - INFO - Processing batch with 65536 rows
2025-10-22 12:30:09,411 - INFO - Processing batch with 65536 rows
2025-10-22 12:30:23,224 - INFO - Processing batch with 30722 rows
2025-10-22 12:30:29,421 - INFO - Processing batch with 65536 rows
2025-10-22 12:30:43,745 - INFO - Processing batch with 63270 rows
2025-10-22 12:30:57,466 - INFO - Processing batch with 65536 rows
2025-10-22 12:31:10,857 - INFO - Processing batch with 65536 rows
2025-10-22 12:31:24,325 - INFO - Processing batch with 23971 rows
2025-10-22 12:31:29,449 - INFO - Processing batch with 65536 rows
2025-10-22 12:31:43,328 - INFO - Processing batch with 65536 rows
2025-10-22 12:31:57,290 - INFO - Processing batch with 28818 rows
2025-10-22 12:32:03,214 - INFO - Processing batch with 65536 rows
2025-10-22 12:32:17,394 - INFO - Processing batch with 65536 rows
2025-10-22 12:32:30,961 - INFO - Processing batch with 65536 rows
2025-10-22 12:32:44,609 - INFO - Processing batch with 19395 rows
2025-10-22 12:32:48,640 - INFO - Processing batch with 65536 rows
2025-10-22 12:33:02,931 - INFO - Processing batch with 65536 rows
2025-10-22 12:33:16,691 - INFO - Processing batch with 65536 rows
2025-10-22 12:33:30,351 - INFO - Processing batch with 65536 rows
2025-10-22 12:33:44,206 - INFO - Processing batch with 65536 rows
2025-10-22 12:33:58,249 - INFO - Processing batch with 61800 rows
2025-10-22 12:34:11,745 - INFO - Processing batch with 65536 rows
2025-10-22 12:34:25,517 - INFO - Processing batch with 65536 rows
2025-10-22 12:34:39,584 - INFO - Processing batch with 65536 rows
2025-10-22 12:34:53,722 - INFO - Processing batch with 65536 rows
2025-10-22 12:35:07,491 - INFO - Processing batch with 65536 rows
2025-10-22 12:35:21,641 - INFO - Processing batch with 65536 rows
2025-10-22 12:35:35,924 - INFO - Processing batch with 65536 rows
2025-10-22 12:35:50,039 - INFO - Processing batch with 18175 rows
2025-10-22 12:35:53,577 - INFO - Processing batch with 65536 rows
2025-10-22 12:36:07,839 - INFO - Processing batch with 65536 rows
2025-10-22 12:36:22,048 - INFO - Processing batch with 65536 rows
2025-10-22 12:36:36,323 - INFO - Processing batch with 65536 rows
2025-10-22 12:36:50,400 - INFO - Processing batch with 65019 rows
2025-10-22 12:37:04,083 - INFO - Processing batch with 65536 rows
2025-10-22 12:37:19,094 - INFO - Processing batch with 65536 rows
2025-10-22 12:37:32,838 - INFO - Processing batch with 65536 rows
2025-10-22 12:37:47,508 - INFO - Processing batch with 65536 rows
2025-10-22 12:38:01,695 - INFO - Processing batch with 65536 rows
2025-10-22 12:38:16,205 - INFO - Processing batch with 35152 rows
2025-10-22 12:38:23,951 - INFO - Processing batch with 65536 rows
2025-10-22 12:38:38,490 - INFO - Processing batch with 65536 rows
2025-10-22 12:38:52,303 - INFO - Processing batch with 65536 rows
2025-10-22 12:39:06,736 - INFO - Processing batch with 65536 rows
2025-10-22 12:39:20,902 - INFO - Processing batch with 65536 rows
2025-10-22 12:39:35,831 - INFO - Processing batch with 45293 rows
2025-10-22 12:39:45,399 - INFO - Processing batch with 65536 rows
2025-10-22 12:39:59,524 - INFO - Processing batch with 65536 rows
2025-10-22 12:40:14,166 - INFO - Processing batch with 65536 rows
2025-10-22 12:40:28,577 - INFO - Processing batch with 65536 rows
2025-10-22 12:40:42,926 - INFO - Processing batch with 65536 rows
2025-10-22 12:40:57,367 - INFO - Processing batch with 35093 rows
2025-10-22 12:41:04,782 - INFO - Processing batch with 65536 rows
2025-10-22 12:41:19,578 - INFO - Processing batch with 65536 rows
2025-10-22 12:41:34,402 - INFO - Processing batch with 65536 rows
2025-10-22 12:41:49,098 - INFO - Processing batch with 65536 rows
2025-10-22 12:42:04,184 - INFO - Processing batch with 65536 rows
2025-10-22 12:42:18,722 - INFO - Processing batch with 60496 rows
2025-10-22 12:42:31,923 - INFO - Processing batch with 65536 rows
2025-10-22 12:42:47,025 - INFO - Processing batch with 65536 rows
2025-10-22 12:43:02,111 - INFO - Processing batch with 65536 rows
2025-10-22 12:43:17,229 - INFO - Processing batch with 65536 rows
2025-10-22 12:43:31,241 - INFO - Processing batch with 65536 rows
2025-10-22 12:43:45,764 - INFO - Processing batch with 65536 rows
2025-10-22 12:44:00,924 - INFO - Processing batch with 53050 rows
2025-10-22 12:44:11,953 - INFO - Processing batch with 65536 rows
2025-10-22 12:44:26,509 - INFO - Processing batch with 65536 rows
2025-10-22 12:44:41,781 - INFO - Processing batch with 65536 rows
2025-10-22 12:44:56,711 - INFO - Processing batch with 65536 rows
2025-10-22 12:45:11,074 - INFO - Processing batch with 65536 rows
2025-10-22 12:45:25,829 - INFO - Processing batch with 65536 rows
2025-10-22 12:45:40,920 - INFO - Processing batch with 17582 rows
2025-10-22 12:45:44,815 - INFO - Processing batch with 65536 rows
2025-10-22 12:45:59,185 - INFO - Processing batch with 65536 rows
2025-10-22 12:46:14,279 - INFO - Processing batch with 65536 rows
2025-10-22 12:46:29,069 - INFO - Processing batch with 65536 rows
2025-10-22 12:46:43,448 - INFO - Processing batch with 65536 rows
2025-10-22 12:46:58,365 - INFO - Processing batch with 65536 rows
2025-10-22 12:47:13,539 - INFO - Processing batch with 65536 rows
2025-10-22 12:47:28,558 - INFO - Processing batch with 65536 rows
2025-10-22 12:47:43,491 - INFO - Processing batch with 65536 rows
2025-10-22 12:47:59,451 - INFO - Processing batch with 12740 rows
2025-10-22 12:48:01,852 - INFO - Processing batch with 65536 rows
2025-10-22 12:48:16,641 - INFO - Processing batch with 65536 rows
2025-10-22 12:48:32,276 - INFO - Processing batch with 65536 rows
2025-10-22 12:48:49,243 - INFO - Processing batch with 65536 rows
2025-10-22 12:49:05,791 - INFO - Processing batch with 65536 rows
2025-10-22 12:49:20,993 - INFO - Processing batch with 19421 rows
2025-10-22 12:49:25,349 - INFO - Processing batch with 65536 rows
2025-10-22 12:49:40,697 - INFO - Processing batch with 65536 rows
2025-10-22 12:49:56,015 - INFO - Processing batch with 65536 rows
2025-10-22 12:50:11,587 - INFO - Processing batch with 65536 rows
2025-10-22 12:50:26,955 - INFO - Processing batch with 44304 rows
2025-10-22 12:50:37,764 - INFO - Processing batch with 65536 rows
2025-10-22 12:50:52,544 - INFO - Processing batch with 65536 rows
2025-10-22 12:51:08,444 - INFO - Processing batch with 31082 rows
2025-10-22 12:51:15,382 - INFO - Processing batch with 65536 rows
2025-10-22 12:51:31,234 - INFO - Processing batch with 65536 rows
2025-10-22 12:51:46,900 - INFO - Processing batch with 25606 rows
2025-10-22 12:52:00,488 - INFO - Saved aggregated span features to /root/shared-nvme/work/code/RCA/IncluRCA/temp_data/2025_CCF_AIOps_challenge_phasetwo/raw_data/train_valid/2025-06-20/cloudbed/raw_trace/span_features.csv
2025-10-22 12:52:00,541 - INFO - Found 24 parquet files in /root/shared-nvme/data_set/2025_CCF_aiops-live-benchmark/phasetwo/2025-06-21/cloudbed/trace-parquet
2025-10-22 12:52:02,704 - INFO - Processing batch with 65536 rows
2025-10-22 12:52:16,546 - INFO - Processing batch with 65536 rows
2025-10-22 12:52:30,454 - INFO - Processing batch with 30956 rows
2025-10-22 12:52:36,755 - INFO - Processing batch with 65536 rows
2025-10-22 12:52:50,589 - INFO - Processing batch with 65536 rows
2025-10-22 12:53:04,044 - INFO - Processing batch with 32247 rows
2025-10-22 12:53:10,722 - INFO - Processing batch with 65536 rows
2025-10-22 12:53:24,617 - INFO - Processing batch with 63295 rows
2025-10-22 12:53:38,247 - INFO - Processing batch with 65536 rows
2025-10-22 12:53:52,478 - INFO - Processing batch with 65536 rows
2025-10-22 12:54:06,503 - INFO - Processing batch with 32767 rows
2025-10-22 12:54:13,286 - INFO - Processing batch with 65536 rows
2025-10-22 12:54:28,041 - INFO - Processing batch with 65536 rows
2025-10-22 12:54:42,172 - INFO - Processing batch with 31851 rows
2025-10-22 12:54:48,879 - INFO - Processing batch with 65536 rows
2025-10-22 12:55:03,193 - INFO - Processing batch with 65536 rows
2025-10-22 12:55:17,333 - INFO - Processing batch with 31294 rows
2025-10-22 12:55:23,858 - INFO - Processing batch with 65536 rows
2025-10-22 12:55:38,009 - INFO - Processing batch with 65536 rows
2025-10-22 12:55:51,822 - INFO - Processing batch with 29629 rows
2025-10-22 12:55:58,092 - INFO - Processing batch with 65536 rows
2025-10-22 12:56:12,199 - INFO - Processing batch with 65536 rows
2025-10-22 12:56:26,822 - INFO - Processing batch with 25149 rows
2025-10-22 12:56:32,367 - INFO - Processing batch with 65536 rows
2025-10-22 12:56:48,111 - INFO - Processing batch with 62962 rows
2025-10-22 12:57:01,971 - INFO - Processing batch with 65536 rows
2025-10-22 12:57:16,342 - INFO - Processing batch with 65536 rows
2025-10-22 12:57:30,715 - INFO - Processing batch with 35293 rows
2025-10-22 12:57:38,976 - INFO - Processing batch with 65536 rows
2025-10-22 12:57:54,344 - INFO - Processing batch with 65536 rows
2025-10-22 12:58:08,460 - INFO - Processing batch with 65536 rows
2025-10-22 12:58:23,347 - INFO - Processing batch with 65536 rows
2025-10-22 12:58:37,798 - INFO - Processing batch with 65536 rows
2025-10-22 12:58:52,836 - INFO - Processing batch with 65536 rows
2025-10-22 12:59:08,340 - INFO - Processing batch with 7804 rows
2025-10-22 12:59:09,844 - INFO - Processing batch with 65536 rows
2025-10-22 12:59:24,371 - INFO - Processing batch with 65536 rows
2025-10-22 12:59:39,511 - INFO - Processing batch with 65536 rows
2025-10-22 12:59:53,911 - INFO - Processing batch with 65536 rows
2025-10-22 13:00:09,227 - INFO - Processing batch with 65536 rows
2025-10-22 13:00:24,443 - INFO - Processing batch with 65536 rows
2025-10-22 13:00:39,159 - INFO - Processing batch with 65536 rows
2025-10-22 13:00:55,349 - INFO - Processing batch with 6115 rows
2025-10-22 13:00:56,511 - INFO - Processing batch with 65536 rows
2025-10-22 13:01:11,937 - INFO - Processing batch with 65536 rows
2025-10-22 13:01:27,446 - INFO - Processing batch with 65536 rows
2025-10-22 13:01:42,165 - INFO - Processing batch with 65536 rows
2025-10-22 13:01:57,435 - INFO - Processing batch with 56181 rows
2025-10-22 13:02:10,147 - INFO - Processing batch with 65536 rows
2025-10-22 13:02:25,687 - INFO - Processing batch with 65536 rows
2025-10-22 13:02:40,652 - INFO - Processing batch with 65536 rows
2025-10-22 13:02:55,724 - INFO - Processing batch with 65536 rows
2025-10-22 13:03:11,252 - INFO - Processing batch with 65536 rows
2025-10-22 13:03:25,881 - INFO - Processing batch with 65536 rows
2025-10-22 13:03:40,912 - INFO - Processing batch with 48185 rows
2025-10-22 13:03:52,660 - INFO - Processing batch with 65536 rows
2025-10-22 13:04:07,938 - INFO - Processing batch with 65536 rows
2025-10-22 13:04:23,109 - INFO - Processing batch with 65536 rows
2025-10-22 13:04:38,283 - INFO - Processing batch with 65536 rows
2025-10-22 13:04:53,928 - INFO - Processing batch with 65536 rows
2025-10-22 13:05:09,352 - INFO - Processing batch with 65536 rows
2025-10-22 13:05:24,452 - INFO - Processing batch with 65536 rows
2025-10-22 13:05:39,361 - INFO - Processing batch with 16840 rows
2025-10-22 13:05:42,770 - INFO - Processing batch with 65536 rows
2025-10-22 13:05:58,341 - INFO - Processing batch with 65536 rows
2025-10-22 13:06:12,925 - INFO - Processing batch with 65536 rows
2025-10-22 13:06:28,112 - INFO - Processing batch with 65536 rows
2025-10-22 13:06:42,795 - INFO - Processing batch with 65536 rows
2025-10-22 13:06:58,074 - INFO - Processing batch with 65536 rows
2025-10-22 13:07:13,042 - INFO - Processing batch with 20446 rows
2025-10-22 13:07:17,321 - INFO - Processing batch with 65536 rows
2025-10-22 13:07:32,819 - INFO - Processing batch with 65536 rows
2025-10-22 13:07:47,411 - INFO - Processing batch with 65536 rows
2025-10-22 13:08:02,646 - INFO - Processing batch with 65536 rows
2025-10-22 13:08:17,569 - INFO - Processing batch with 65536 rows
2025-10-22 13:08:32,511 - INFO - Processing batch with 65536 rows
2025-10-22 13:08:48,491 - INFO - Processing batch with 65536 rows
2025-10-22 13:09:03,356 - INFO - Processing batch with 54156 rows
2025-10-22 13:09:14,787 - INFO - Processing batch with 65536 rows
2025-10-22 13:09:30,199 - INFO - Processing batch with 65536 rows
2025-10-22 13:09:46,248 - INFO - Processing batch with 65536 rows
2025-10-22 13:10:01,271 - INFO - Processing batch with 65536 rows
2025-10-22 13:10:16,435 - INFO - Processing batch with 65536 rows
2025-10-22 13:10:31,468 - INFO - Processing batch with 65536 rows
2025-10-22 13:10:47,630 - INFO - Processing batch with 65536 rows
2025-10-22 13:11:02,713 - INFO - Processing batch with 65536 rows
2025-10-22 13:11:17,603 - INFO - Processing batch with 38236 rows
2025-10-22 13:11:26,106 - INFO - Processing batch with 65536 rows
2025-10-22 13:11:41,388 - INFO - Processing batch with 65536 rows
2025-10-22 13:11:56,902 - INFO - Processing batch with 65536 rows
2025-10-22 13:12:12,086 - INFO - Processing batch with 65536 rows
2025-10-22 13:12:27,635 - INFO - Processing batch with 27874 rows
2025-10-22 13:12:34,134 - INFO - Processing batch with 65536 rows
2025-10-22 13:12:49,681 - INFO - Processing batch with 65536 rows
2025-10-22 13:13:04,903 - INFO - Processing batch with 65536 rows
2025-10-22 13:13:20,859 - INFO - Processing batch with 65536 rows
2025-10-22 13:13:36,705 - INFO - Processing batch with 65536 rows
2025-10-22 13:13:52,009 - INFO - Processing batch with 65536 rows
2025-10-22 13:14:07,476 - INFO - Processing batch with 65536 rows
2025-10-22 13:14:22,326 - INFO - Processing batch with 50330 rows
2025-10-22 13:14:35,018 - INFO - Processing batch with 65536 rows
2025-10-22 13:14:51,278 - INFO - Processing batch with 65536 rows
2025-10-22 13:15:09,183 - INFO - Processing batch with 65536 rows
2025-10-22 13:15:24,305 - INFO - Processing batch with 65536 rows
2025-10-22 13:15:39,904 - INFO - Processing batch with 65536 rows
2025-10-22 13:15:55,925 - INFO - Processing batch with 42261 rows
2025-10-22 13:16:06,048 - INFO - Processing batch with 65536 rows
2025-10-22 13:16:21,654 - INFO - Processing batch with 65536 rows
2025-10-22 13:16:36,862 - INFO - Processing batch with 44087 rows
2025-10-22 13:16:47,345 - INFO - Processing batch with 65536 rows
2025-10-22 13:17:03,565 - INFO - Processing batch with 32756 rows
2025-10-22 13:17:11,761 - INFO - Processing batch with 65536 rows
2025-10-22 13:17:27,446 - INFO - Processing batch with 65536 rows
2025-10-22 13:17:43,410 - INFO - Processing batch with 8828 rows
2025-10-22 13:17:54,427 - INFO - Saved aggregated span features to /root/shared-nvme/work/code/RCA/IncluRCA/temp_data/2025_CCF_AIOps_challenge_phasetwo/raw_data/train_valid/2025-06-21/cloudbed/raw_trace/span_features.csv
2025-10-22 13:17:54,517 - INFO - Found 24 parquet files in /root/shared-nvme/data_set/2025_CCF_aiops-live-benchmark/phasetwo/2025-06-24/cloudbed/trace-parquet
2025-10-22 13:17:56,697 - INFO - Processing batch with 65536 rows
2025-10-22 13:18:11,399 - INFO - Processing batch with 64275 rows
2025-10-22 13:18:25,932 - INFO - Processing batch with 65536 rows
2025-10-22 13:18:40,757 - INFO - Processing batch with 65536 rows
2025-10-22 13:18:55,548 - INFO - Processing batch with 30663 rows
2025-10-22 13:19:02,256 - INFO - Processing batch with 65536 rows
2025-10-22 13:19:17,153 - INFO - Processing batch with 65536 rows
2025-10-22 13:19:31,085 - INFO - Processing batch with 30197 rows
2025-10-22 13:19:37,417 - INFO - Processing batch with 65536 rows
2025-10-22 13:19:51,900 - INFO - Processing batch with 65536 rows
2025-10-22 13:20:07,293 - INFO - Processing batch with 23563 rows
2025-10-22 13:20:12,465 - INFO - Processing batch with 65536 rows
2025-10-22 13:20:26,541 - INFO - Processing batch with 65536 rows
2025-10-22 13:20:40,959 - INFO - Processing batch with 27642 rows
2025-10-22 13:20:46,448 - INFO - Processing batch with 65536 rows
2025-10-22 13:21:00,433 - INFO - Processing batch with 65536 rows
2025-10-22 13:21:14,693 - INFO - Processing batch with 30753 rows
2025-10-22 13:21:21,830 - INFO - Processing batch with 65536 rows
2025-10-22 13:21:36,066 - INFO - Processing batch with 65536 rows
2025-10-22 13:21:50,267 - INFO - Processing batch with 29294 rows
2025-10-22 13:21:56,251 - INFO - Processing batch with 65536 rows
2025-10-22 13:22:11,102 - INFO - Processing batch with 65536 rows
2025-10-22 13:22:26,173 - INFO - Processing batch with 30841 rows
2025-10-22 13:22:32,579 - INFO - Processing batch with 65536 rows
2025-10-22 13:22:47,385 - INFO - Processing batch with 53314 rows
2025-10-22 13:22:58,535 - INFO - Processing batch with 65536 rows
2025-10-22 13:23:12,743 - INFO - Processing batch with 65536 rows
2025-10-22 13:23:28,079 - INFO - Processing batch with 65536 rows
2025-10-22 13:23:42,308 - INFO - Processing batch with 19957 rows
2025-10-22 13:23:46,804 - INFO - Processing batch with 65536 rows
2025-10-22 13:24:01,667 - INFO - Processing batch with 65536 rows
2025-10-22 13:24:16,077 - INFO - Processing batch with 65536 rows
2025-10-22 13:24:30,411 - INFO - Processing batch with 65536 rows
2025-10-22 13:24:45,075 - INFO - Processing batch with 65536 rows
2025-10-22 13:24:59,840 - INFO - Processing batch with 63535 rows
2025-10-22 13:25:13,996 - INFO - Processing batch with 65536 rows
2025-10-22 13:25:28,727 - INFO - Processing batch with 65536 rows
2025-10-22 13:25:43,487 - INFO - Processing batch with 65536 rows
2025-10-22 13:25:57,992 - INFO - Processing batch with 65536 rows
2025-10-22 13:26:12,358 - INFO - Processing batch with 65536 rows
2025-10-22 13:26:26,739 - INFO - Processing batch with 65536 rows
2025-10-22 13:26:42,027 - INFO - Processing batch with 65536 rows
2025-10-22 13:26:56,801 - INFO - Processing batch with 15227 rows
2025-10-22 13:26:59,721 - INFO - Processing batch with 65536 rows
2025-10-22 13:27:14,702 - INFO - Processing batch with 65536 rows
2025-10-22 13:27:29,616 - INFO - Processing batch with 65536 rows
2025-10-22 13:27:44,135 - INFO - Processing batch with 65536 rows
2025-10-22 13:27:58,607 - INFO - Processing batch with 65536 rows
2025-10-22 13:28:13,326 - INFO - Processing batch with 65536 rows
2025-10-22 13:28:28,531 - INFO - Processing batch with 65536 rows
2025-10-22 13:28:42,715 - INFO - Processing batch with 39951 rows
2025-10-22 13:28:51,842 - INFO - Processing batch with 65536 rows
2025-10-22 13:29:07,158 - INFO - Processing batch with 65536 rows
2025-10-22 13:29:21,685 - INFO - Processing batch with 65536 rows
2025-10-22 13:29:36,889 - INFO - Processing batch with 65536 rows
2025-10-22 13:29:51,518 - INFO - Processing batch with 65536 rows
2025-10-22 13:30:06,785 - INFO - Processing batch with 65536 rows
2025-10-22 13:30:21,110 - INFO - Processing batch with 65536 rows
2025-10-22 13:30:35,520 - INFO - Processing batch with 21700 rows
2025-10-22 13:30:40,322 - INFO - Processing batch with 65536 rows
2025-10-22 13:30:54,838 - INFO - Processing batch with 65536 rows
2025-10-22 13:31:09,968 - INFO - Processing batch with 65536 rows
2025-10-22 13:31:24,580 - INFO - Processing batch with 65536 rows
2025-10-22 13:31:39,347 - INFO - Processing batch with 65536 rows
2025-10-22 13:31:53,840 - INFO - Processing batch with 65536 rows
2025-10-22 13:32:08,799 - INFO - Processing batch with 65536 rows
2025-10-22 13:32:23,057 - INFO - Processing batch with 24332 rows
2025-10-22 13:32:29,125 - INFO - Processing batch with 65536 rows
2025-10-22 13:32:43,807 - INFO - Processing batch with 65536 rows
2025-10-22 13:32:58,448 - INFO - Processing batch with 65536 rows
2025-10-22 13:33:13,493 - INFO - Processing batch with 65536 rows
2025-10-22 13:33:27,958 - INFO - Processing batch with 65536 rows
2025-10-22 13:33:42,898 - INFO - Processing batch with 65536 rows
2025-10-22 13:33:57,668 - INFO - Processing batch with 65536 rows
2025-10-22 13:34:12,190 - INFO - Processing batch with 30888 rows
2025-10-22 13:34:18,844 - INFO - Processing batch with 65536 rows
2025-10-22 13:34:34,719 - INFO - Processing batch with 65536 rows
2025-10-22 13:34:49,195 - INFO - Processing batch with 65536 rows
2025-10-22 13:35:04,784 - INFO - Processing batch with 65536 rows
2025-10-22 13:35:19,108 - INFO - Processing batch with 65536 rows
2025-10-22 13:35:34,424 - INFO - Processing batch with 65536 rows
2025-10-22 13:35:49,258 - INFO - Processing batch with 65536 rows
2025-10-22 13:36:04,276 - INFO - Processing batch with 64410 rows
2025-10-22 13:36:18,619 - INFO - Processing batch with 65536 rows
2025-10-22 13:36:33,447 - INFO - Processing batch with 65536 rows
2025-10-22 13:36:48,828 - INFO - Processing batch with 65536 rows
2025-10-22 13:37:03,187 - INFO - Processing batch with 65536 rows
2025-10-22 13:37:18,559 - INFO - Processing batch with 65536 rows
2025-10-22 13:37:33,424 - INFO - Processing batch with 65536 rows
2025-10-22 13:37:48,188 - INFO - Processing batch with 65536 rows
2025-10-22 13:38:03,087 - INFO - Processing batch with 65536 rows
2025-10-22 13:38:17,636 - INFO - Processing batch with 37622 rows
2025-10-22 13:38:26,759 - INFO - Processing batch with 65536 rows
2025-10-22 13:38:42,189 - INFO - Processing batch with 65536 rows
2025-10-22 13:38:57,687 - INFO - Processing batch with 65536 rows
2025-10-22 13:39:12,477 - INFO - Processing batch with 65536 rows
2025-10-22 13:39:27,367 - INFO - Processing batch with 65536 rows
2025-10-22 13:39:42,588 - INFO - Processing batch with 65536 rows
2025-10-22 13:39:57,844 - INFO - Processing batch with 65536 rows
2025-10-22 13:40:12,929 - INFO - Processing batch with 65536 rows
2025-10-22 13:40:28,083 - INFO - Processing batch with 17343 rows
2025-10-22 13:40:31,330 - INFO - Processing batch with 65536 rows
2025-10-22 13:40:47,232 - INFO - Processing batch with 65536 rows
2025-10-22 13:41:02,075 - INFO - Processing batch with 65536 rows
2025-10-22 13:41:16,665 - INFO - Processing batch with 65536 rows
2025-10-22 13:41:31,727 - INFO - Processing batch with 65536 rows
2025-10-22 13:41:46,266 - INFO - Processing batch with 65536 rows
2025-10-22 13:42:02,009 - INFO - Processing batch with 65536 rows
2025-10-22 13:42:17,632 - INFO - Processing batch with 31741 rows
2025-10-22 13:42:24,619 - INFO - Processing batch with 65536 rows
2025-10-22 13:42:39,950 - INFO - Processing batch with 65536 rows
2025-10-22 13:42:55,037 - INFO - Processing batch with 65536 rows
2025-10-22 13:43:09,798 - INFO - Processing batch with 65536 rows
2025-10-22 13:43:26,176 - INFO - Processing batch with 65536 rows
2025-10-22 13:43:41,492 - INFO - Processing batch with 65536 rows
2025-10-22 13:43:56,791 - INFO - Processing batch with 27650 rows
2025-10-22 13:44:02,974 - INFO - Processing batch with 65536 rows
2025-10-22 13:44:18,583 - INFO - Processing batch with 14294 rows
2025-10-22 13:44:21,756 - INFO - Processing batch with 65536 rows
2025-10-22 13:44:37,977 - INFO - Processing batch with 36801 rows
2025-10-22 13:44:45,880 - INFO - Processing batch with 65536 rows
2025-10-22 13:45:03,082 - INFO - Processing batch with 57212 rows
2025-10-22 13:45:27,771 - INFO - Saved aggregated span features to /root/shared-nvme/work/code/RCA/IncluRCA/temp_data/2025_CCF_AIOps_challenge_phasetwo/raw_data/test/2025-06-24/cloudbed/raw_trace/span_features.csv
2025-10-22 13:45:27,862 - INFO - Found 24 parquet files in /root/shared-nvme/data_set/2025_CCF_aiops-live-benchmark/phasetwo/2025-06-27/cloudbed/trace-parquet
2025-10-22 13:45:29,787 - INFO - Processing batch with 65536 rows
2025-10-22 13:45:44,915 - INFO - Processing batch with 65536 rows
2025-10-22 13:45:59,016 - INFO - Processing batch with 31462 rows
2025-10-22 13:46:05,921 - INFO - Processing batch with 65536 rows
2025-10-22 13:46:20,535 - INFO - Processing batch with 65536 rows
2025-10-22 13:46:34,463 - INFO - Processing batch with 29217 rows
2025-10-22 13:46:40,896 - INFO - Processing batch with 65536 rows
2025-10-22 13:46:55,530 - INFO - Processing batch with 65536 rows
2025-10-22 13:47:10,204 - INFO - Processing batch with 23862 rows
2025-10-22 13:47:15,334 - INFO - Processing batch with 65536 rows
2025-10-22 13:47:29,692 - INFO - Processing batch with 65536 rows
2025-10-22 13:47:43,819 - INFO - Processing batch with 29982 rows
2025-10-22 13:47:50,458 - INFO - Processing batch with 65536 rows
2025-10-22 13:48:05,025 - INFO - Processing batch with 50489 rows
2025-10-22 13:48:16,077 - INFO - Processing batch with 65536 rows
2025-10-22 13:48:30,026 - INFO - Processing batch with 65536 rows
2025-10-22 13:48:43,470 - INFO - Processing batch with 32134 rows
2025-10-22 13:48:50,258 - INFO - Processing batch with 65536 rows
2025-10-22 13:49:04,023 - INFO - Processing batch with 65536 rows
2025-10-22 13:49:17,882 - INFO - Processing batch with 31939 rows
2025-10-22 13:49:24,664 - INFO - Processing batch with 65536 rows
2025-10-22 13:49:39,109 - INFO - Processing batch with 49733 rows
2025-10-22 13:49:49,589 - INFO - Processing batch with 65536 rows
2025-10-22 13:50:03,285 - INFO - Processing batch with 65536 rows
2025-10-22 13:50:17,885 - INFO - Processing batch with 28920 rows
2025-10-22 13:50:23,680 - INFO - Processing batch with 65536 rows
2025-10-22 13:50:38,315 - INFO - Processing batch with 65536 rows
2025-10-22 13:50:52,336 - INFO - Processing batch with 65536 rows
2025-10-22 13:51:06,794 - INFO - Processing batch with 14237 rows
2025-10-22 13:51:09,470 - INFO - Processing batch with 65536 rows
2025-10-22 13:51:23,535 - INFO - Processing batch with 65536 rows
2025-10-22 13:51:37,699 - INFO - Processing batch with 65536 rows
2025-10-22 13:51:52,044 - INFO - Processing batch with 65536 rows
2025-10-22 13:52:07,022 - INFO - Processing batch with 65536 rows
2025-10-22 13:52:21,114 - INFO - Processing batch with 27084 rows
2025-10-22 13:52:26,386 - INFO - Processing batch with 65536 rows
2025-10-22 13:52:40,586 - INFO - Processing batch with 65536 rows
2025-10-22 13:52:54,914 - INFO - Processing batch with 65536 rows
2025-10-22 13:53:09,027 - INFO - Processing batch with 65536 rows
2025-10-22 13:53:23,446 - INFO - Processing batch with 65536 rows
2025-10-22 13:53:37,481 - INFO - Processing batch with 65536 rows
2025-10-22 13:53:52,100 - INFO - Processing batch with 65536 rows
2025-10-22 13:54:06,408 - INFO - Processing batch with 19442 rows
2025-10-22 13:54:10,648 - INFO - Processing batch with 65536 rows
2025-10-22 13:54:26,224 - INFO - Processing batch with 65536 rows
2025-10-22 13:54:40,489 - INFO - Processing batch with 65536 rows
2025-10-22 13:54:55,024 - INFO - Processing batch with 65536 rows
2025-10-22 13:55:09,558 - INFO - Processing batch with 65536 rows
2025-10-22 13:55:23,926 - INFO - Processing batch with 65536 rows
2025-10-22 13:55:38,459 - INFO - Processing batch with 65536 rows
2025-10-22 13:55:52,876 - INFO - Processing batch with 21184 rows
2025-10-22 13:55:57,704 - INFO - Processing batch with 65536 rows
2025-10-22 13:56:12,066 - INFO - Processing batch with 65536 rows
2025-10-22 13:56:27,481 - INFO - Processing batch with 65536 rows
2025-10-22 13:56:41,728 - INFO - Processing batch with 65536 rows
2025-10-22 13:56:56,187 - INFO - Processing batch with 65536 rows
2025-10-22 13:57:10,598 - INFO - Processing batch with 65536 rows
2025-10-22 13:57:25,604 - INFO - Processing batch with 65536 rows
2025-10-22 13:57:41,293 - INFO - Processing batch with 26734 rows
2025-10-22 13:57:47,543 - INFO - Processing batch with 65536 rows
2025-10-22 13:58:02,446 - INFO - Processing batch with 65536 rows
2025-10-22 13:58:17,766 - INFO - Processing batch with 65536 rows
2025-10-22 13:58:32,372 - INFO - Processing batch with 65536 rows
2025-10-22 13:58:47,259 - INFO - Processing batch with 65536 rows
2025-10-22 13:59:02,552 - INFO - Processing batch with 65536 rows
2025-10-22 13:59:17,114 - INFO - Processing batch with 65536 rows
2025-10-22 13:59:31,862 - INFO - Processing batch with 17069 rows
2025-10-22 13:59:35,427 - INFO - Processing batch with 65536 rows
2025-10-22 13:59:50,286 - INFO - Processing batch with 65536 rows
2025-10-22 14:00:05,017 - INFO - Processing batch with 65536 rows
2025-10-22 14:00:19,643 - INFO - Processing batch with 65536 rows
2025-10-22 14:00:34,580 - INFO - Processing batch with 65536 rows
2025-10-22 14:00:48,799 - INFO - Processing batch with 23825 rows
2025-10-22 14:00:53,987 - INFO - Processing batch with 65536 rows
2025-10-22 14:01:09,530 - INFO - Processing batch with 65536 rows
2025-10-22 14:01:24,115 - INFO - Processing batch with 65536 rows
2025-10-22 14:01:38,288 - INFO - Processing batch with 65536 rows
2025-10-22 14:01:52,779 - INFO - Processing batch with 65536 rows
2025-10-22 14:02:07,190 - INFO - Processing batch with 65536 rows
2025-10-22 14:02:21,920 - INFO - Processing batch with 65536 rows
2025-10-22 14:02:36,616 - INFO - Processing batch with 60811 rows
2025-10-22 14:02:52,721 - INFO - Processing batch with 65536 rows
2025-10-22 14:03:09,030 - INFO - Processing batch with 65536 rows
2025-10-22 14:03:24,596 - INFO - Processing batch with 65536 rows
2025-10-22 14:03:40,036 - INFO - Processing batch with 65536 rows
2025-10-22 14:03:55,202 - INFO - Processing batch with 65536 rows
2025-10-22 14:04:09,948 - INFO - Processing batch with 65536 rows
2025-10-22 14:04:24,614 - INFO - Processing batch with 65536 rows
2025-10-22 14:04:39,618 - INFO - Processing batch with 65536 rows
2025-10-22 14:04:54,667 - INFO - Processing batch with 19035 rows
2025-10-22 14:04:58,985 - INFO - Processing batch with 65536 rows
2025-10-22 14:05:13,933 - INFO - Processing batch with 65536 rows
2025-10-22 14:05:29,174 - INFO - Processing batch with 65536 rows
2025-10-22 14:05:43,533 - INFO - Processing batch with 65536 rows
2025-10-22 14:05:58,275 - INFO - Processing batch with 65536 rows
2025-10-22 14:06:12,827 - INFO - Processing batch with 65536 rows
2025-10-22 14:06:28,629 - INFO - Processing batch with 65536 rows
2025-10-22 14:06:43,267 - INFO - Processing batch with 65536 rows
2025-10-22 14:06:57,250 - INFO - Processing batch with 30896 rows
2025-10-22 14:07:04,741 - INFO - Processing batch with 65536 rows
2025-10-22 14:07:19,431 - INFO - Processing batch with 65536 rows
2025-10-22 14:07:34,733 - INFO - Processing batch with 65536 rows
2025-10-22 14:07:49,772 - INFO - Processing batch with 65536 rows
2025-10-22 14:08:04,570 - INFO - Processing batch with 65536 rows
2025-10-22 14:08:19,768 - INFO - Processing batch with 65536 rows
2025-10-22 14:08:34,398 - INFO - Processing batch with 12642 rows
2025-10-22 14:08:37,540 - INFO - Processing batch with 65536 rows
2025-10-22 14:08:52,996 - INFO - Processing batch with 65536 rows
2025-10-22 14:09:08,778 - INFO - Processing batch with 65536 rows
2025-10-22 14:09:23,360 - INFO - Processing batch with 65536 rows
2025-10-22 14:09:38,993 - INFO - Processing batch with 65536 rows
2025-10-22 14:09:54,114 - INFO - Processing batch with 28955 rows
2025-10-22 14:10:01,294 - INFO - Processing batch with 65536 rows
2025-10-22 14:10:16,308 - INFO - Processing batch with 65536 rows
2025-10-22 14:10:31,721 - INFO - Processing batch with 65536 rows
2025-10-22 14:10:46,096 - INFO - Processing batch with 1587 rows
2025-10-22 14:10:46,404 - INFO - Processing batch with 65536 rows
2025-10-22 14:11:01,865 - INFO - Processing batch with 41699 rows
2025-10-22 14:11:11,575 - INFO - Processing batch with 65536 rows
2025-10-22 14:11:26,918 - INFO - Processing batch with 65536 rows
2025-10-22 14:11:42,633 - INFO - Processing batch with 16237 rows
2025-10-22 14:11:54,855 - INFO - Saved aggregated span features to /root/shared-nvme/work/code/RCA/IncluRCA/temp_data/2025_CCF_AIOps_challenge_phasetwo/raw_data/test/2025-06-27/cloudbed/raw_trace/span_features.csv
2025-10-22 14:11:54,907 - INFO - Found 24 parquet files in /root/shared-nvme/data_set/2025_CCF_aiops-live-benchmark/phasetwo/2025-06-28/cloudbed/trace-parquet
2025-10-22 14:11:56,805 - INFO - Processing batch with 65536 rows
2025-10-22 14:12:10,457 - INFO - Processing batch with 65536 rows
2025-10-22 14:12:23,617 - INFO - Processing batch with 27087 rows
2025-10-22 14:12:29,039 - INFO - Processing batch with 65536 rows
2025-10-22 14:12:42,815 - INFO - Processing batch with 65536 rows
2025-10-22 14:12:56,016 - INFO - Processing batch with 30272 rows
2025-10-22 14:13:01,918 - INFO - Processing batch with 65536 rows
2025-10-22 14:13:15,372 - INFO - Processing batch with 65536 rows
2025-10-22 14:13:28,803 - INFO - Processing batch with 31113 rows
2025-10-22 14:13:35,485 - INFO - Processing batch with 65536 rows
2025-10-22 14:13:49,292 - INFO - Processing batch with 65536 rows
2025-10-22 14:14:02,637 - INFO - Processing batch with 8627 rows
2025-10-22 14:14:04,236 - INFO - Processing batch with 65536 rows
2025-10-22 14:14:18,559 - INFO - Processing batch with 65536 rows
2025-10-22 14:14:32,083 - INFO - Processing batch with 29236 rows
2025-10-22 14:14:37,877 - INFO - Processing batch with 65536 rows
2025-10-22 14:14:51,753 - INFO - Processing batch with 65536 rows
2025-10-22 14:15:05,527 - INFO - Processing batch with 20334 rows
2025-10-22 14:15:09,460 - INFO - Processing batch with 65536 rows
2025-10-22 14:15:23,835 - INFO - Processing batch with 65536 rows
2025-10-22 14:15:37,539 - INFO - Processing batch with 29807 rows
2025-10-22 14:15:43,827 - INFO - Processing batch with 65536 rows
2025-10-22 14:15:57,376 - INFO - Processing batch with 65536 rows
2025-10-22 14:16:11,192 - INFO - Processing batch with 5861 rows
2025-10-22 14:16:12,290 - INFO - Processing batch with 65536 rows
2025-10-22 14:16:26,673 - INFO - Processing batch with 58569 rows
2025-10-22 14:16:38,962 - INFO - Processing batch with 65536 rows
2025-10-22 14:16:53,580 - INFO - Processing batch with 65536 rows
2025-10-22 14:17:07,355 - INFO - Processing batch with 65536 rows
2025-10-22 14:17:21,086 - INFO - Processing batch with 17016 rows
2025-10-22 14:17:24,603 - INFO - Processing batch with 65536 rows
2025-10-22 14:17:39,077 - INFO - Processing batch with 65536 rows
2025-10-22 14:17:53,669 - INFO - Processing batch with 65536 rows
2025-10-22 14:18:07,562 - INFO - Processing batch with 65536 rows
2025-10-22 14:18:21,497 - INFO - Processing batch with 65536 rows
2025-10-22 14:18:35,522 - INFO - Processing batch with 65536 rows
2025-10-22 14:18:50,094 - INFO - Processing batch with 5574 rows
2025-10-22 14:18:51,147 - INFO - Processing batch with 65536 rows
2025-10-22 14:19:05,268 - INFO - Processing batch with 65536 rows
2025-10-22 14:19:18,818 - INFO - Processing batch with 65536 rows
2025-10-22 14:19:32,858 - INFO - Processing batch with 65536 rows
2025-10-22 14:19:46,717 - INFO - Processing batch with 65536 rows
2025-10-22 14:20:01,091 - INFO - Processing batch with 65536 rows
2025-10-22 14:20:15,394 - INFO - Processing batch with 65536 rows
2025-10-22 14:20:29,121 - INFO - Processing batch with 22569 rows
2025-10-22 14:20:34,179 - INFO - Processing batch with 65536 rows
2025-10-22 14:20:48,549 - INFO - Processing batch with 65536 rows
2025-10-22 14:21:02,255 - INFO - Processing batch with 65536 rows
2025-10-22 14:21:16,744 - INFO - Processing batch with 65536 rows
2025-10-22 14:21:30,574 - INFO - Processing batch with 65536 rows
2025-10-22 14:21:44,589 - INFO - Processing batch with 65536 rows
2025-10-22 14:21:58,859 - INFO - Processing batch with 65536 rows
2025-10-22 14:22:12,844 - INFO - Processing batch with 45666 rows
2025-10-22 14:22:22,702 - INFO - Processing batch with 65536 rows
2025-10-22 14:22:36,846 - INFO - Processing batch with 65536 rows
2025-10-22 14:22:51,403 - INFO - Processing batch with 65536 rows
2025-10-22 14:23:05,456 - INFO - Processing batch with 65536 rows
2025-10-22 14:23:19,542 - INFO - Processing batch with 65536 rows
2025-10-22 14:23:34,167 - INFO - Processing batch with 65536 rows
2025-10-22 14:23:48,398 - INFO - Processing batch with 65536 rows
2025-10-22 14:24:02,277 - INFO - Processing batch with 29432 rows
2025-10-22 14:24:08,891 - INFO - Processing batch with 65536 rows
2025-10-22 14:24:23,327 - INFO - Processing batch with 65536 rows
2025-10-22 14:24:37,960 - INFO - Processing batch with 65536 rows
2025-10-22 14:24:51,877 - INFO - Processing batch with 65536 rows
2025-10-22 14:25:06,381 - INFO - Processing batch with 65536 rows
2025-10-22 14:25:20,917 - INFO - Processing batch with 65536 rows
2025-10-22 14:25:35,822 - INFO - Processing batch with 65536 rows
2025-10-22 14:25:50,018 - INFO - Processing batch with 23295 rows
2025-10-22 14:25:54,949 - INFO - Processing batch with 65536 rows
2025-10-22 14:26:09,627 - INFO - Processing batch with 65536 rows
2025-10-22 14:26:24,512 - INFO - Processing batch with 65536 rows
2025-10-22 14:26:38,764 - INFO - Processing batch with 65536 rows
2025-10-22 14:26:53,540 - INFO - Processing batch with 65536 rows
2025-10-22 14:27:07,601 - INFO - Processing batch with 65536 rows
2025-10-22 14:27:22,418 - INFO - Processing batch with 65536 rows
2025-10-22 14:27:36,780 - INFO - Processing batch with 31348 rows
2025-10-22 14:27:43,850 - INFO - Processing batch with 65536 rows
2025-10-22 14:27:59,376 - INFO - Processing batch with 65536 rows
2025-10-22 14:28:13,711 - INFO - Processing batch with 65536 rows
2025-10-22 14:28:28,537 - INFO - Processing batch with 65536 rows
2025-10-22 14:28:42,692 - INFO - Processing batch with 65536 rows
2025-10-22 14:28:57,604 - INFO - Processing batch with 65536 rows
2025-10-22 14:29:12,688 - INFO - Processing batch with 65536 rows
2025-10-22 14:29:26,935 - INFO - Processing batch with 60990 rows
2025-10-22 14:29:40,951 - INFO - Processing batch with 65536 rows
2025-10-22 14:29:56,012 - INFO - Processing batch with 65536 rows
2025-10-22 14:30:10,347 - INFO - Processing batch with 65536 rows
2025-10-22 14:30:25,286 - INFO - Processing batch with 65536 rows
2025-10-22 14:30:39,449 - INFO - Processing batch with 65536 rows
2025-10-22 14:30:54,119 - INFO - Processing batch with 65536 rows
2025-10-22 14:31:09,173 - INFO - Processing batch with 23453 rows
2025-10-22 14:31:14,958 - INFO - Processing batch with 65536 rows
2025-10-22 14:31:29,553 - INFO - Processing batch with 65536 rows
2025-10-22 14:31:44,023 - INFO - Processing batch with 65536 rows
2025-10-22 14:31:58,870 - INFO - Processing batch with 65536 rows
2025-10-22 14:32:13,912 - INFO - Processing batch with 65536 rows
2025-10-22 14:32:28,240 - INFO - Processing batch with 65536 rows
2025-10-22 14:32:43,655 - INFO - Processing batch with 65536 rows
2025-10-22 14:32:57,825 - INFO - Processing batch with 65536 rows
2025-10-22 14:33:12,190 - INFO - Processing batch with 14070 rows
2025-10-22 14:33:15,528 - INFO - Processing batch with 65536 rows
2025-10-22 14:33:31,011 - INFO - Processing batch with 65536 rows
2025-10-22 14:33:45,477 - INFO - Processing batch with 65536 rows
2025-10-22 14:34:00,367 - INFO - Processing batch with 65536 rows
2025-10-22 14:34:14,577 - INFO - Processing batch with 65536 rows
2025-10-22 14:34:30,459 - INFO - Processing batch with 65536 rows
2025-10-22 14:34:45,136 - INFO - Processing batch with 65536 rows
2025-10-22 14:35:00,029 - INFO - Processing batch with 23191 rows
2025-10-22 14:35:05,197 - INFO - Processing batch with 65536 rows
2025-10-22 14:35:20,442 - INFO - Processing batch with 65536 rows
2025-10-22 14:35:35,168 - INFO - Processing batch with 65536 rows
2025-10-22 14:35:50,796 - INFO - Processing batch with 65536 rows
2025-10-22 14:36:06,174 - INFO - Processing batch with 65536 rows
2025-10-22 14:36:20,628 - INFO - Processing batch with 65536 rows
2025-10-22 14:36:36,619 - INFO - Processing batch with 32608 rows
2025-10-22 14:36:43,730 - INFO - Processing batch with 65536 rows
2025-10-22 14:36:59,608 - INFO - Processing batch with 65536 rows
2025-10-22 14:37:14,754 - INFO - Processing batch with 65536 rows
2025-10-22 14:37:29,756 - INFO - Processing batch with 17244 rows
2025-10-22 14:37:33,787 - INFO - Processing batch with 65536 rows
2025-10-22 14:37:48,748 - INFO - Processing batch with 24806 rows
2025-10-22 14:37:54,652 - INFO - Processing batch with 65536 rows
2025-10-22 14:38:09,647 - INFO - Processing batch with 50719 rows
2025-10-22 14:38:30,865 - INFO - Saved aggregated span features to /root/shared-nvme/work/code/RCA/IncluRCA/temp_data/2025_CCF_AIOps_challenge_phasetwo/raw_data/test/2025-06-28/cloudbed/raw_trace/span_features.csv
