nohup: ignoring input
2025-09-23 14:24:25,247 - INFO - Found 24 parquet files in /root/shared-nvme/data_set/2025_CCF_aiops-live-benchmark/phaseone/2025-06-06/cloudbed/trace-parquet
2025-09-23 14:24:25,561 - INFO - Processing batch with 65536 rows
2025-09-23 14:24:40,714 - INFO - Processing batch with 65536 rows
2025-09-23 14:24:54,781 - INFO - Processing batch with 32148 rows
2025-09-23 14:25:01,406 - INFO - Processing batch with 65536 rows
2025-09-23 14:25:15,133 - INFO - Processing batch with 65536 rows
2025-09-23 14:25:28,382 - INFO - Processing batch with 15620 rows
2025-09-23 14:25:31,381 - INFO - Processing batch with 65536 rows
2025-09-23 14:25:44,821 - INFO - Processing batch with 40863 rows
2025-09-23 14:25:53,255 - INFO - Processing batch with 65536 rows
2025-09-23 14:26:07,452 - INFO - Processing batch with 65536 rows
2025-09-23 14:26:21,833 - INFO - Processing batch with 31081 rows
2025-09-23 14:26:28,050 - INFO - Processing batch with 65536 rows
2025-09-23 14:26:41,492 - INFO - Processing batch with 65536 rows
2025-09-23 14:26:55,151 - INFO - Processing batch with 15044 rows
2025-09-23 14:26:58,132 - INFO - Processing batch with 65536 rows
2025-09-23 14:27:11,942 - INFO - Processing batch with 65536 rows
2025-09-23 14:27:25,418 - INFO - Processing batch with 9679 rows
2025-09-23 14:27:27,191 - INFO - Processing batch with 65536 rows
2025-09-23 14:27:42,800 - INFO - Processing batch with 65536 rows
2025-09-23 14:27:57,175 - INFO - Processing batch with 31553 rows
2025-09-23 14:28:03,583 - INFO - Processing batch with 65536 rows
2025-09-23 14:28:17,915 - INFO - Processing batch with 65536 rows
2025-09-23 14:28:31,602 - INFO - Processing batch with 29597 rows
2025-09-23 14:28:37,808 - INFO - Processing batch with 65536 rows
2025-09-23 14:28:51,986 - INFO - Processing batch with 65536 rows
2025-09-23 14:29:05,898 - INFO - Processing batch with 31746 rows
2025-09-23 14:29:12,205 - INFO - Processing batch with 65536 rows
2025-09-23 14:29:26,499 - INFO - Processing batch with 65536 rows
2025-09-23 14:29:41,103 - INFO - Processing batch with 65536 rows
2025-09-23 14:29:54,717 - INFO - Processing batch with 20061 rows
2025-09-23 14:29:58,873 - INFO - Processing batch with 65536 rows
2025-09-23 14:30:14,996 - INFO - Processing batch with 65536 rows
2025-09-23 14:30:29,245 - INFO - Processing batch with 65536 rows
2025-09-23 14:30:42,827 - INFO - Processing batch with 65536 rows
2025-09-23 14:30:56,669 - INFO - Processing batch with 65536 rows
2025-09-23 14:31:10,308 - INFO - Processing batch with 51307 rows
2025-09-23 14:31:20,867 - INFO - Processing batch with 65536 rows
2025-09-23 14:31:34,852 - INFO - Processing batch with 65536 rows
2025-09-23 14:31:48,521 - INFO - Processing batch with 65536 rows
2025-09-23 14:32:02,442 - INFO - Processing batch with 65536 rows
2025-09-23 14:32:16,537 - INFO - Processing batch with 65536 rows
2025-09-23 14:32:30,301 - INFO - Processing batch with 65536 rows
2025-09-23 14:32:43,917 - INFO - Processing batch with 65536 rows
2025-09-23 14:32:57,681 - INFO - Processing batch with 23887 rows
2025-09-23 14:33:02,481 - INFO - Processing batch with 65536 rows
2025-09-23 14:33:17,051 - INFO - Processing batch with 65536 rows
2025-09-23 14:33:31,884 - INFO - Processing batch with 65536 rows
2025-09-23 14:33:46,797 - INFO - Processing batch with 65536 rows
2025-09-23 14:34:01,401 - INFO - Processing batch with 65536 rows
2025-09-23 14:34:15,213 - INFO - Processing batch with 39603 rows
2025-09-23 14:34:23,909 - INFO - Processing batch with 65536 rows
2025-09-23 14:34:40,429 - INFO - Processing batch with 65536 rows
2025-09-23 14:34:55,097 - INFO - Processing batch with 65536 rows
2025-09-23 14:35:10,539 - INFO - Processing batch with 65536 rows
2025-09-23 14:35:26,726 - INFO - Processing batch with 65536 rows
2025-09-23 14:35:42,306 - INFO - Processing batch with 65536 rows
2025-09-23 14:35:58,597 - INFO - Processing batch with 65536 rows
2025-09-23 14:36:15,642 - INFO - Processing batch with 21828 rows
2025-09-23 14:36:20,333 - INFO - Processing batch with 65536 rows
2025-09-23 14:36:35,992 - INFO - Processing batch with 65536 rows
2025-09-23 14:36:50,984 - INFO - Processing batch with 65536 rows
2025-09-23 14:37:05,398 - INFO - Processing batch with 65536 rows
2025-09-23 14:37:20,186 - INFO - Processing batch with 65536 rows
2025-09-23 14:37:35,333 - INFO - Processing batch with 65536 rows
2025-09-23 14:37:50,093 - INFO - Processing batch with 65536 rows
2025-09-23 14:38:04,630 - INFO - Processing batch with 19053 rows
2025-09-23 14:38:08,907 - INFO - Processing batch with 65536 rows
2025-09-23 14:38:24,184 - INFO - Processing batch with 65536 rows
2025-09-23 14:38:38,915 - INFO - Processing batch with 65536 rows
2025-09-23 14:38:53,400 - INFO - Processing batch with 65536 rows
2025-09-23 14:39:08,266 - INFO - Processing batch with 65536 rows
2025-09-23 14:39:22,269 - INFO - Processing batch with 65536 rows
2025-09-23 14:39:36,953 - INFO - Processing batch with 4544 rows
2025-09-23 14:39:37,774 - INFO - Processing batch with 65536 rows
2025-09-23 14:39:52,411 - INFO - Processing batch with 65536 rows
2025-09-23 14:40:07,547 - INFO - Processing batch with 65536 rows
2025-09-23 14:40:22,529 - INFO - Processing batch with 65536 rows
2025-09-23 14:40:36,834 - INFO - Processing batch with 65536 rows
2025-09-23 14:40:51,795 - INFO - Processing batch with 65536 rows
2025-09-23 14:41:07,226 - INFO - Processing batch with 65536 rows
2025-09-23 14:41:21,737 - INFO - Processing batch with 57764 rows
2025-09-23 14:41:34,709 - INFO - Processing batch with 65536 rows
2025-09-23 14:41:49,565 - INFO - Processing batch with 65536 rows
2025-09-23 14:42:03,705 - INFO - Processing batch with 65536 rows
2025-09-23 14:42:18,588 - INFO - Processing batch with 65536 rows
2025-09-23 14:42:34,294 - INFO - Processing batch with 65536 rows
2025-09-23 14:42:49,230 - INFO - Processing batch with 65536 rows
2025-09-23 14:43:03,771 - INFO - Processing batch with 65536 rows
2025-09-23 14:43:18,945 - INFO - Processing batch with 65536 rows
2025-09-23 14:43:33,338 - INFO - Processing batch with 30338 rows
2025-09-23 14:43:40,285 - INFO - Processing batch with 65536 rows
2025-09-23 14:43:55,739 - INFO - Processing batch with 65536 rows
2025-09-23 14:44:10,907 - INFO - Processing batch with 65536 rows
2025-09-23 14:44:25,875 - INFO - Processing batch with 65536 rows
2025-09-23 14:44:41,353 - INFO - Processing batch with 65536 rows
2025-09-23 14:44:56,024 - INFO - Processing batch with 65536 rows
2025-09-23 14:45:11,037 - INFO - Processing batch with 65536 rows
2025-09-23 14:45:25,704 - INFO - Processing batch with 55824 rows
2025-09-23 14:45:38,943 - INFO - Processing batch with 65536 rows
2025-09-23 14:45:53,781 - INFO - Processing batch with 65536 rows
2025-09-23 14:46:09,018 - INFO - Processing batch with 65536 rows
2025-09-23 14:46:24,674 - INFO - Processing batch with 65536 rows
2025-09-23 14:46:39,455 - INFO - Processing batch with 65536 rows
2025-09-23 14:46:54,208 - INFO - Processing batch with 65536 rows
2025-09-23 14:47:09,183 - INFO - Processing batch with 65536 rows
2025-09-23 14:47:24,014 - INFO - Processing batch with 65536 rows
2025-09-23 14:47:39,911 - INFO - Processing batch with 65536 rows
2025-09-23 14:47:54,642 - INFO - Processing batch with 4129 rows
2025-09-23 14:47:55,421 - INFO - Processing batch with 65536 rows
2025-09-23 14:48:10,329 - INFO - Processing batch with 65536 rows
2025-09-23 14:48:25,640 - INFO - Processing batch with 65536 rows
2025-09-23 14:48:41,016 - INFO - Processing batch with 65536 rows
2025-09-23 14:48:55,656 - INFO - Processing batch with 65536 rows
2025-09-23 14:49:11,699 - INFO - Processing batch with 65536 rows
2025-09-23 14:49:26,777 - INFO - Processing batch with 65536 rows
2025-09-23 14:49:41,387 - INFO - Processing batch with 16746 rows
2025-09-23 14:49:45,221 - INFO - Processing batch with 65536 rows
2025-09-23 14:50:00,674 - INFO - Processing batch with 65536 rows
2025-09-23 14:50:16,600 - INFO - Processing batch with 65536 rows
2025-09-23 14:50:31,262 - INFO - Processing batch with 13939 rows
2025-09-23 14:50:34,154 - INFO - Processing batch with 65536 rows
2025-09-23 14:50:49,928 - INFO - Processing batch with 65536 rows
2025-09-23 14:51:04,770 - INFO - Processing batch with 29987 rows
2025-09-23 14:51:11,035 - INFO - Processing batch with 65536 rows
2025-09-23 14:51:26,089 - INFO - Processing batch with 65536 rows
2025-09-23 14:51:42,281 - INFO - Processing batch with 9264 rows
2025-09-23 14:51:52,867 - INFO - Saved aggregated span features to /root/shared-nvme/work/code/RCA/HolisticRCA/temp_data/2025_CCF_AIOps_challenge/raw_data/train_valid/2025-06-06/cloudbed/raw_trace/span_features.csv
2025-09-23 14:51:52,938 - INFO - Found 24 parquet files in /root/shared-nvme/data_set/2025_CCF_aiops-live-benchmark/phaseone/2025-06-07/cloudbed/trace-parquet
2025-09-23 14:51:54,671 - INFO - Processing batch with 65536 rows
2025-09-23 14:52:08,206 - INFO - Processing batch with 51150 rows
2025-09-23 14:52:19,012 - INFO - Processing batch with 65536 rows
2025-09-23 14:52:32,616 - INFO - Processing batch with 65536 rows
2025-09-23 14:52:46,378 - INFO - Processing batch with 30510 rows
2025-09-23 14:52:52,181 - INFO - Processing batch with 65536 rows
2025-09-23 14:53:06,528 - INFO - Processing batch with 65536 rows
2025-09-23 14:53:20,402 - INFO - Processing batch with 30944 rows
2025-09-23 14:53:26,261 - INFO - Processing batch with 65536 rows
2025-09-23 14:53:39,775 - INFO - Processing batch with 65536 rows
2025-09-23 14:53:53,829 - INFO - Processing batch with 26927 rows
2025-09-23 14:53:58,798 - INFO - Processing batch with 65536 rows
2025-09-23 14:54:12,898 - INFO - Processing batch with 65536 rows
2025-09-23 14:54:26,478 - INFO - Processing batch with 28512 rows
2025-09-23 14:54:32,196 - INFO - Processing batch with 65536 rows
2025-09-23 14:54:46,378 - INFO - Processing batch with 65536 rows
2025-09-23 14:55:00,524 - INFO - Processing batch with 30646 rows
2025-09-23 14:55:06,726 - INFO - Processing batch with 65536 rows
2025-09-23 14:55:21,280 - INFO - Processing batch with 65536 rows
2025-09-23 14:55:35,218 - INFO - Processing batch with 33685 rows
2025-09-23 14:55:42,037 - INFO - Processing batch with 65536 rows
2025-09-23 14:55:56,340 - INFO - Processing batch with 31441 rows
2025-09-23 14:56:02,539 - INFO - Processing batch with 65536 rows
2025-09-23 14:56:16,631 - INFO - Processing batch with 65536 rows
2025-09-23 14:56:30,824 - INFO - Processing batch with 28807 rows
2025-09-23 14:56:36,542 - INFO - Processing batch with 65536 rows
2025-09-23 14:56:51,238 - INFO - Processing batch with 65536 rows
2025-09-23 14:57:05,376 - INFO - Processing batch with 65536 rows
2025-09-23 14:57:19,502 - INFO - Processing batch with 22129 rows
2025-09-23 14:57:23,962 - INFO - Processing batch with 65536 rows
2025-09-23 14:57:38,656 - INFO - Processing batch with 65536 rows
2025-09-23 14:57:53,162 - INFO - Processing batch with 65536 rows
2025-09-23 14:58:07,631 - INFO - Processing batch with 65536 rows
2025-09-23 14:58:21,528 - INFO - Processing batch with 65536 rows
2025-09-23 14:58:35,921 - INFO - Processing batch with 9621 rows
2025-09-23 14:58:37,675 - INFO - Processing batch with 65536 rows
2025-09-23 14:58:52,552 - INFO - Processing batch with 65536 rows
2025-09-23 14:59:06,950 - INFO - Processing batch with 65536 rows
2025-09-23 14:59:21,010 - INFO - Processing batch with 65536 rows
2025-09-23 14:59:35,464 - INFO - Processing batch with 65536 rows
2025-09-23 14:59:50,072 - INFO - Processing batch with 65536 rows
2025-09-23 15:00:04,309 - INFO - Processing batch with 14923 rows
2025-09-23 15:00:07,368 - INFO - Processing batch with 65536 rows
2025-09-23 15:00:21,810 - INFO - Processing batch with 65536 rows
2025-09-23 15:00:36,678 - INFO - Processing batch with 65536 rows
2025-09-23 15:00:50,935 - INFO - Processing batch with 65536 rows
2025-09-23 15:01:05,213 - INFO - Processing batch with 65536 rows
2025-09-23 15:01:19,956 - INFO - Processing batch with 65536 rows
2025-09-23 15:01:34,217 - INFO - Processing batch with 65536 rows
2025-09-23 15:01:48,997 - INFO - Processing batch with 37895 rows
2025-09-23 15:01:56,562 - INFO - Processing batch with 65536 rows
2025-09-23 15:02:11,408 - INFO - Processing batch with 65536 rows
2025-09-23 15:02:25,577 - INFO - Processing batch with 65536 rows
2025-09-23 15:02:40,485 - INFO - Processing batch with 65536 rows
2025-09-23 15:02:54,459 - INFO - Processing batch with 65536 rows
2025-09-23 15:03:08,634 - INFO - Processing batch with 14884 rows
2025-09-23 15:03:11,761 - INFO - Processing batch with 65536 rows
2025-09-23 15:03:26,361 - INFO - Processing batch with 65536 rows
2025-09-23 15:03:41,488 - INFO - Processing batch with 65536 rows
2025-09-23 15:03:55,928 - INFO - Processing batch with 65536 rows
2025-09-23 15:04:10,349 - INFO - Processing batch with 65536 rows
2025-09-23 15:04:25,053 - INFO - Processing batch with 65536 rows
2025-09-23 15:04:39,523 - INFO - Processing batch with 38586 rows
2025-09-23 15:04:47,781 - INFO - Processing batch with 65536 rows
2025-09-23 15:05:02,262 - INFO - Processing batch with 65536 rows
2025-09-23 15:05:16,667 - INFO - Processing batch with 65536 rows
2025-09-23 15:05:30,808 - INFO - Processing batch with 65536 rows
2025-09-23 15:05:45,397 - INFO - Processing batch with 48376 rows
2025-09-23 15:05:55,816 - INFO - Processing batch with 65536 rows
2025-09-23 15:06:10,302 - INFO - Processing batch with 65536 rows
2025-09-23 15:06:24,447 - INFO - Processing batch with 65536 rows
2025-09-23 15:06:39,748 - INFO - Processing batch with 65536 rows
2025-09-23 15:06:54,274 - INFO - Processing batch with 65536 rows
2025-09-23 15:07:08,451 - INFO - Processing batch with 65536 rows
2025-09-23 15:07:23,347 - INFO - Processing batch with 65536 rows
2025-09-23 15:07:37,579 - INFO - Processing batch with 41771 rows
2025-09-23 15:07:46,972 - INFO - Processing batch with 65536 rows
2025-09-23 15:08:01,251 - INFO - Processing batch with 65536 rows
2025-09-23 15:08:15,947 - INFO - Processing batch with 65536 rows
2025-09-23 15:08:30,319 - INFO - Processing batch with 65536 rows
2025-09-23 15:08:45,317 - INFO - Processing batch with 65536 rows
2025-09-23 15:09:00,287 - INFO - Processing batch with 65536 rows
2025-09-23 15:09:14,522 - INFO - Processing batch with 65536 rows
2025-09-23 15:09:29,424 - INFO - Processing batch with 65536 rows
2025-09-23 15:09:44,111 - INFO - Processing batch with 31416 rows
2025-09-23 15:09:50,908 - INFO - Processing batch with 65536 rows
2025-09-23 15:10:05,718 - INFO - Processing batch with 65536 rows
2025-09-23 15:10:20,112 - INFO - Processing batch with 65536 rows
2025-09-23 15:10:35,262 - INFO - Processing batch with 65536 rows
2025-09-23 15:10:49,839 - INFO - Processing batch with 65536 rows
2025-09-23 15:11:04,296 - INFO - Processing batch with 65536 rows
2025-09-23 15:11:19,360 - INFO - Processing batch with 65536 rows
2025-09-23 15:11:34,378 - INFO - Processing batch with 65536 rows
2025-09-23 15:11:49,065 - INFO - Processing batch with 65536 rows
2025-09-23 15:12:03,961 - INFO - Processing batch with 7905 rows
2025-09-23 15:12:05,377 - INFO - Processing batch with 65536 rows
2025-09-23 15:12:20,351 - INFO - Processing batch with 65536 rows
2025-09-23 15:12:35,447 - INFO - Processing batch with 65536 rows
2025-09-23 15:12:49,850 - INFO - Processing batch with 65536 rows
2025-09-23 15:13:04,785 - INFO - Processing batch with 65536 rows
2025-09-23 15:13:19,500 - INFO - Processing batch with 65536 rows
2025-09-23 15:13:34,557 - INFO - Processing batch with 65536 rows
2025-09-23 15:13:49,289 - INFO - Processing batch with 65536 rows
2025-09-23 15:14:04,154 - INFO - Processing batch with 63378 rows
2025-09-23 15:14:19,094 - INFO - Processing batch with 65536 rows
2025-09-23 15:14:33,528 - INFO - Processing batch with 65536 rows
2025-09-23 15:14:48,360 - INFO - Processing batch with 65536 rows
2025-09-23 15:15:02,887 - INFO - Processing batch with 65536 rows
2025-09-23 15:15:17,845 - INFO - Processing batch with 65536 rows
2025-09-23 15:15:32,076 - INFO - Processing batch with 28381 rows
2025-09-23 15:15:38,339 - INFO - Processing batch with 65536 rows
2025-09-23 15:15:53,279 - INFO - Processing batch with 65536 rows
2025-09-23 15:16:09,187 - INFO - Processing batch with 65536 rows
2025-09-23 15:16:24,000 - INFO - Processing batch with 4340 rows
2025-09-23 15:16:24,790 - INFO - Processing batch with 65536 rows
2025-09-23 15:16:40,440 - INFO - Processing batch with 41959 rows
2025-09-23 15:16:49,356 - INFO - Processing batch with 65536 rows
2025-09-23 15:17:04,081 - INFO - Processing batch with 65536 rows
2025-09-23 15:17:19,482 - INFO - Processing batch with 15480 rows
2025-09-23 15:17:31,298 - INFO - Saved aggregated span features to /root/shared-nvme/work/code/RCA/HolisticRCA/temp_data/2025_CCF_AIOps_challenge/raw_data/train_valid/2025-06-07/cloudbed/raw_trace/span_features.csv
2025-09-23 15:17:31,358 - INFO - Found 21 parquet files in /root/shared-nvme/data_set/2025_CCF_aiops-live-benchmark/phaseone/2025-06-08/cloudbed/trace-parquet
2025-09-23 15:17:33,387 - INFO - Processing batch with 65536 rows
2025-09-23 15:17:46,628 - INFO - Processing batch with 65536 rows
2025-09-23 15:18:00,032 - INFO - Processing batch with 30806 rows
2025-09-23 15:18:06,156 - INFO - Processing batch with 65536 rows
2025-09-23 15:18:19,970 - INFO - Processing batch with 65536 rows
2025-09-23 15:18:33,457 - INFO - Processing batch with 30276 rows
2025-09-23 15:18:39,407 - INFO - Processing batch with 65536 rows
2025-09-23 15:18:52,773 - INFO - Processing batch with 65536 rows
2025-09-23 15:19:06,717 - INFO - Processing batch with 14218 rows
2025-09-23 15:19:09,269 - INFO - Processing batch with 65536 rows
2025-09-23 15:19:23,092 - INFO - Processing batch with 65536 rows
2025-09-23 15:19:36,567 - INFO - Processing batch with 30195 rows
2025-09-23 15:19:42,614 - INFO - Processing batch with 65536 rows
2025-09-23 15:19:56,191 - INFO - Processing batch with 65536 rows
2025-09-23 15:20:10,008 - INFO - Processing batch with 25240 rows
2025-09-23 15:20:14,742 - INFO - Processing batch with 65536 rows
2025-09-23 15:20:28,522 - INFO - Processing batch with 65536 rows
2025-09-23 15:20:42,497 - INFO - Processing batch with 29265 rows
2025-09-23 15:20:47,952 - INFO - Processing batch with 65536 rows
2025-09-23 15:21:01,672 - INFO - Processing batch with 65536 rows
2025-09-23 15:21:15,294 - INFO - Processing batch with 31847 rows
2025-09-23 15:21:21,927 - INFO - Processing batch with 65536 rows
2025-09-23 15:21:35,996 - INFO - Processing batch with 65536 rows
2025-09-23 15:21:49,706 - INFO - Processing batch with 28141 rows
2025-09-23 15:21:55,381 - INFO - Processing batch with 65536 rows
2025-09-23 15:22:09,164 - INFO - Processing batch with 65536 rows
2025-09-23 15:22:22,805 - INFO - Processing batch with 28994 rows
2025-09-23 15:22:28,578 - INFO - Processing batch with 65536 rows
2025-09-23 15:22:42,836 - INFO - Processing batch with 65536 rows
2025-09-23 15:22:56,938 - INFO - Processing batch with 50692 rows
2025-09-23 15:23:07,450 - INFO - Processing batch with 65536 rows
2025-09-23 15:23:21,437 - INFO - Processing batch with 65536 rows
2025-09-23 15:23:35,749 - INFO - Processing batch with 65536 rows
2025-09-23 15:23:49,671 - INFO - Processing batch with 65536 rows
2025-09-23 15:24:03,896 - INFO - Processing batch with 65536 rows
2025-09-23 15:24:17,646 - INFO - Processing batch with 65536 rows
2025-09-23 15:24:31,469 - INFO - Processing batch with 2393 rows
2025-09-23 15:24:32,042 - INFO - Processing batch with 65536 rows
2025-09-23 15:24:46,375 - INFO - Processing batch with 65536 rows
2025-09-23 15:25:00,608 - INFO - Processing batch with 65536 rows
2025-09-23 15:25:14,274 - INFO - Processing batch with 65536 rows
2025-09-23 15:25:27,956 - INFO - Processing batch with 65536 rows
2025-09-23 15:25:42,330 - INFO - Processing batch with 65536 rows
2025-09-23 15:25:55,943 - INFO - Processing batch with 65536 rows
2025-09-23 15:26:10,239 - INFO - Processing batch with 22233 rows
2025-09-23 15:26:14,575 - INFO - Processing batch with 65536 rows
2025-09-23 15:26:28,710 - INFO - Processing batch with 65536 rows
2025-09-23 15:26:42,827 - INFO - Processing batch with 65536 rows
2025-09-23 15:26:56,900 - INFO - Processing batch with 65536 rows
2025-09-23 15:27:10,585 - INFO - Processing batch with 65536 rows
2025-09-23 15:27:25,251 - INFO - Processing batch with 65536 rows
2025-09-23 15:27:39,060 - INFO - Processing batch with 65536 rows
2025-09-23 15:27:52,849 - INFO - Processing batch with 42442 rows
2025-09-23 15:28:01,924 - INFO - Processing batch with 65536 rows
2025-09-23 15:28:16,294 - INFO - Processing batch with 65536 rows
2025-09-23 15:28:30,130 - INFO - Processing batch with 65536 rows
2025-09-23 15:28:44,390 - INFO - Processing batch with 65536 rows
2025-09-23 15:28:58,189 - INFO - Processing batch with 65536 rows
2025-09-23 15:29:12,631 - INFO - Processing batch with 65536 rows
2025-09-23 15:29:29,157 - INFO - Processing batch with 65536 rows
2025-09-23 15:29:47,139 - INFO - Processing batch with 27879 rows
2025-09-23 15:29:53,872 - INFO - Processing batch with 65536 rows
2025-09-23 15:30:10,024 - INFO - Processing batch with 65536 rows
2025-09-23 15:30:25,487 - INFO - Processing batch with 65536 rows
2025-09-23 15:30:42,088 - INFO - Processing batch with 65536 rows
2025-09-23 15:30:58,085 - INFO - Processing batch with 65536 rows
2025-09-23 15:31:14,808 - INFO - Processing batch with 65536 rows
2025-09-23 15:31:31,035 - INFO - Processing batch with 65536 rows
2025-09-23 15:31:46,180 - INFO - Processing batch with 29335 rows
2025-09-23 15:31:52,405 - INFO - Processing batch with 65536 rows
2025-09-23 15:32:06,909 - INFO - Processing batch with 65536 rows
2025-09-23 15:32:21,262 - INFO - Processing batch with 65536 rows
2025-09-23 15:32:36,052 - INFO - Processing batch with 65536 rows
2025-09-23 15:32:51,126 - INFO - Processing batch with 65536 rows
2025-09-23 15:33:05,456 - INFO - Processing batch with 65536 rows
2025-09-23 15:33:20,597 - INFO - Processing batch with 65536 rows
2025-09-23 15:33:35,375 - INFO - Processing batch with 26577 rows
2025-09-23 15:33:41,155 - INFO - Processing batch with 65536 rows
2025-09-23 15:33:56,281 - INFO - Processing batch with 65536 rows
2025-09-23 15:34:10,977 - INFO - Processing batch with 65536 rows
2025-09-23 15:34:26,053 - INFO - Processing batch with 65536 rows
2025-09-23 15:34:40,410 - INFO - Processing batch with 65536 rows
2025-09-23 15:34:55,615 - INFO - Processing batch with 65536 rows
2025-09-23 15:35:10,203 - INFO - Processing batch with 65536 rows
2025-09-23 15:35:24,974 - INFO - Processing batch with 55608 rows
2025-09-23 15:35:36,858 - INFO - Processing batch with 65536 rows
2025-09-23 15:35:51,183 - INFO - Processing batch with 65536 rows
2025-09-23 15:36:06,718 - INFO - Processing batch with 65536 rows
2025-09-23 15:36:20,801 - INFO - Processing batch with 65536 rows
2025-09-23 15:36:35,342 - INFO - Processing batch with 65536 rows
2025-09-23 15:36:49,562 - INFO - Processing batch with 44374 rows
2025-09-23 15:36:59,379 - INFO - Processing batch with 65536 rows
2025-09-23 15:37:14,486 - INFO - Processing batch with 65536 rows
2025-09-23 15:37:29,057 - INFO - Processing batch with 65536 rows
2025-09-23 15:37:43,423 - INFO - Processing batch with 65536 rows
2025-09-23 15:37:58,421 - INFO - Processing batch with 65536 rows
2025-09-23 15:38:12,679 - INFO - Processing batch with 65536 rows
2025-09-23 15:38:27,633 - INFO - Processing batch with 65536 rows
2025-09-23 15:38:41,974 - INFO - Processing batch with 65536 rows
2025-09-23 15:38:56,765 - INFO - Processing batch with 10901 rows
2025-09-23 15:38:59,355 - INFO - Processing batch with 65536 rows
2025-09-23 15:39:14,892 - INFO - Processing batch with 65536 rows
2025-09-23 15:39:30,023 - INFO - Processing batch with 65536 rows
2025-09-23 15:39:44,479 - INFO - Processing batch with 65536 rows
2025-09-23 15:39:59,370 - INFO - Processing batch with 65536 rows
2025-09-23 15:40:13,678 - INFO - Processing batch with 65536 rows
2025-09-23 15:40:29,493 - INFO - Processing batch with 61296 rows
2025-09-23 15:40:43,186 - INFO - Processing batch with 65536 rows
2025-09-23 15:40:57,683 - INFO - Processing batch with 65536 rows
2025-09-23 15:41:12,470 - INFO - Processing batch with 65536 rows
2025-09-23 15:41:26,701 - INFO - Processing batch with 65536 rows
2025-09-23 15:41:41,701 - INFO - Processing batch with 65536 rows
2025-09-23 15:41:57,164 - INFO - Processing batch with 65536 rows
2025-09-23 15:42:13,255 - INFO - Processing batch with 15512 rows
2025-09-23 15:42:24,285 - INFO - Saved aggregated span features to /root/shared-nvme/work/code/RCA/HolisticRCA/temp_data/2025_CCF_AIOps_challenge/raw_data/train_valid/2025-06-08/cloudbed/raw_trace/span_features.csv
2025-09-23 15:42:24,369 - INFO - Found 13 parquet files in /root/shared-nvme/data_set/2025_CCF_aiops-live-benchmark/phaseone/2025-06-09/cloudbed/trace-parquet
2025-09-23 15:42:26,609 - INFO - Processing batch with 65536 rows
2025-09-23 15:42:40,753 - INFO - Processing batch with 16343 rows
2025-09-23 15:42:43,765 - INFO - Processing batch with 65536 rows
2025-09-23 15:42:57,797 - INFO - Processing batch with 65536 rows
2025-09-23 15:43:11,416 - INFO - Processing batch with 31894 rows
2025-09-23 15:43:17,778 - INFO - Processing batch with 65536 rows
2025-09-23 15:43:31,575 - INFO - Processing batch with 65536 rows
2025-09-23 15:43:45,069 - INFO - Processing batch with 29193 rows
2025-09-23 15:43:50,918 - INFO - Processing batch with 65536 rows
2025-09-23 15:44:04,368 - INFO - Processing batch with 65536 rows
2025-09-23 15:44:18,222 - INFO - Processing batch with 65536 rows
2025-09-23 15:44:31,327 - INFO - Processing batch with 12134 rows
2025-09-23 15:44:33,529 - INFO - Processing batch with 65536 rows
2025-09-23 15:44:47,159 - INFO - Processing batch with 65536 rows
2025-09-23 15:45:00,193 - INFO - Processing batch with 65536 rows
2025-09-23 15:45:13,994 - INFO - Processing batch with 65536 rows
2025-09-23 15:45:27,141 - INFO - Processing batch with 65536 rows
2025-09-23 15:45:40,961 - INFO - Processing batch with 65536 rows
2025-09-23 15:45:54,132 - INFO - Processing batch with 3749 rows
2025-09-23 15:45:54,806 - INFO - Processing batch with 65536 rows
2025-09-23 15:46:08,031 - INFO - Processing batch with 65536 rows
2025-09-23 15:46:21,702 - INFO - Processing batch with 65536 rows
2025-09-23 15:46:34,802 - INFO - Processing batch with 65536 rows
2025-09-23 15:46:48,216 - INFO - Processing batch with 65536 rows
2025-09-23 15:47:01,314 - INFO - Processing batch with 65536 rows
2025-09-23 15:47:14,681 - INFO - Processing batch with 65536 rows
2025-09-23 15:47:28,155 - INFO - Processing batch with 19682 rows
2025-09-23 15:47:31,851 - INFO - Processing batch with 65536 rows
2025-09-23 15:47:45,924 - INFO - Processing batch with 65536 rows
2025-09-23 15:47:59,004 - INFO - Processing batch with 65536 rows
2025-09-23 15:48:12,752 - INFO - Processing batch with 65536 rows
2025-09-23 15:48:26,101 - INFO - Processing batch with 65536 rows
2025-09-23 15:48:39,346 - INFO - Processing batch with 65536 rows
2025-09-23 15:48:52,907 - INFO - Processing batch with 65536 rows
2025-09-23 15:49:06,279 - INFO - Processing batch with 44901 rows
2025-09-23 15:49:15,603 - INFO - Processing batch with 65536 rows
2025-09-23 15:49:29,571 - INFO - Processing batch with 65536 rows
2025-09-23 15:49:42,835 - INFO - Processing batch with 65536 rows
2025-09-23 15:49:56,223 - INFO - Processing batch with 65536 rows
2025-09-23 15:50:09,673 - INFO - Processing batch with 65536 rows
2025-09-23 15:50:23,223 - INFO - Processing batch with 65536 rows
2025-09-23 15:50:36,987 - INFO - Processing batch with 65536 rows
2025-09-23 15:50:50,247 - INFO - Processing batch with 1521 rows
2025-09-23 15:50:50,545 - INFO - Processing batch with 65536 rows
2025-09-23 15:51:04,208 - INFO - Processing batch with 65536 rows
2025-09-23 15:51:17,754 - INFO - Processing batch with 65536 rows
2025-09-23 15:51:31,287 - INFO - Processing batch with 65536 rows
2025-09-23 15:51:45,369 - INFO - Processing batch with 65536 rows
2025-09-23 15:51:58,657 - INFO - Processing batch with 65536 rows
2025-09-23 15:52:12,295 - INFO - Processing batch with 65536 rows
2025-09-23 15:52:25,528 - INFO - Processing batch with 19071 rows
2025-09-23 15:52:29,654 - INFO - Processing batch with 65536 rows
2025-09-23 15:52:43,309 - INFO - Processing batch with 65536 rows
2025-09-23 15:52:56,828 - INFO - Processing batch with 65536 rows
2025-09-23 15:53:10,733 - INFO - Processing batch with 65536 rows
2025-09-23 15:53:24,640 - INFO - Processing batch with 65536 rows
2025-09-23 15:53:38,038 - INFO - Processing batch with 65536 rows
2025-09-23 15:53:52,528 - INFO - Processing batch with 65536 rows
2025-09-23 15:54:06,235 - INFO - Processing batch with 30027 rows
2025-09-23 15:54:12,252 - INFO - Processing batch with 65536 rows
2025-09-23 15:54:25,786 - INFO - Processing batch with 65536 rows
2025-09-23 15:54:40,175 - INFO - Processing batch with 65536 rows
2025-09-23 15:54:54,198 - INFO - Processing batch with 65536 rows
2025-09-23 15:55:07,731 - INFO - Processing batch with 65536 rows
2025-09-23 15:55:21,574 - INFO - Processing batch with 65536 rows
2025-09-23 15:55:35,019 - INFO - Processing batch with 65536 rows
2025-09-23 15:55:48,937 - INFO - Processing batch with 57554 rows
2025-09-23 15:56:01,318 - INFO - Processing batch with 65536 rows
2025-09-23 15:56:14,889 - INFO - Processing batch with 65536 rows
2025-09-23 15:56:28,584 - INFO - Processing batch with 65536 rows
2025-09-23 15:56:43,147 - INFO - Processing batch with 65536 rows
2025-09-23 15:56:56,886 - INFO - Processing batch with 65536 rows
2025-09-23 15:57:10,635 - INFO - Processing batch with 65536 rows
2025-09-23 15:57:24,357 - INFO - Processing batch with 65536 rows
2025-09-23 15:57:38,442 - INFO - Processing batch with 65536 rows
2025-09-23 15:57:52,155 - INFO - Processing batch with 29420 rows
2025-09-23 15:57:58,801 - INFO - Processing batch with 65536 rows
2025-09-23 15:58:12,962 - INFO - Processing batch with 65536 rows
2025-09-23 15:58:26,607 - INFO - Processing batch with 65536 rows
2025-09-23 15:58:41,033 - INFO - Processing batch with 65536 rows
2025-09-23 15:58:54,976 - INFO - Processing batch with 65536 rows
2025-09-23 15:59:08,579 - INFO - Processing batch with 65536 rows
2025-09-23 15:59:22,863 - INFO - Processing batch with 65536 rows
2025-09-23 15:59:37,140 - INFO - Processing batch with 39672 rows
2025-09-23 15:59:50,717 - INFO - Saved aggregated span features to /root/shared-nvme/work/code/RCA/HolisticRCA/temp_data/2025_CCF_AIOps_challenge/raw_data/train_valid/2025-06-09/cloudbed/raw_trace/span_features.csv
2025-09-23 15:59:50,769 - INFO - Found 19 parquet files in /root/shared-nvme/data_set/2025_CCF_aiops-live-benchmark/phaseone/2025-06-10/cloudbed/trace-parquet
2025-09-23 15:59:52,186 - INFO - Processing batch with 62772 rows
2025-09-23 16:00:04,686 - INFO - Processing batch with 65536 rows
2025-09-23 16:00:17,684 - INFO - Processing batch with 52678 rows
2025-09-23 16:00:28,035 - INFO - Processing batch with 65536 rows
2025-09-23 16:00:41,016 - INFO - Processing batch with 65536 rows
2025-09-23 16:00:53,968 - INFO - Processing batch with 31250 rows
2025-09-23 16:01:00,084 - INFO - Processing batch with 65536 rows
2025-09-23 16:01:13,390 - INFO - Processing batch with 20519 rows
2025-09-23 16:01:17,228 - INFO - Processing batch with 65536 rows
2025-09-23 16:01:30,169 - INFO - Processing batch with 65536 rows
2025-09-23 16:01:43,180 - INFO - Processing batch with 65536 rows
2025-09-23 16:01:56,229 - INFO - Processing batch with 22558 rows
2025-09-23 16:02:00,516 - INFO - Processing batch with 65536 rows
2025-09-23 16:02:14,166 - INFO - Processing batch with 65536 rows
2025-09-23 16:02:27,057 - INFO - Processing batch with 65536 rows
2025-09-23 16:02:40,241 - INFO - Processing batch with 65536 rows
2025-09-23 16:02:53,338 - INFO - Processing batch with 65536 rows
2025-09-23 16:03:06,304 - INFO - Processing batch with 65536 rows
2025-09-23 16:03:20,333 - INFO - Processing batch with 6951 rows
2025-09-23 16:03:21,625 - INFO - Processing batch with 65536 rows
2025-09-23 16:03:35,588 - INFO - Processing batch with 65536 rows
2025-09-23 16:03:48,996 - INFO - Processing batch with 65536 rows
2025-09-23 16:04:02,632 - INFO - Processing batch with 65536 rows
2025-09-23 16:04:16,037 - INFO - Processing batch with 65536 rows
2025-09-23 16:04:29,755 - INFO - Processing batch with 65536 rows
2025-09-23 16:04:43,039 - INFO - Processing batch with 65536 rows
2025-09-23 16:04:56,425 - INFO - Processing batch with 19718 rows
2025-09-23 16:05:00,495 - INFO - Processing batch with 65536 rows
2025-09-23 16:05:13,887 - INFO - Processing batch with 65536 rows
2025-09-23 16:05:27,676 - INFO - Processing batch with 65536 rows
2025-09-23 16:05:40,744 - INFO - Processing batch with 65536 rows
2025-09-23 16:05:54,196 - INFO - Processing batch with 65536 rows
2025-09-23 16:06:07,592 - INFO - Processing batch with 65536 rows
2025-09-23 16:06:21,385 - INFO - Processing batch with 65536 rows
2025-09-23 16:06:34,954 - INFO - Processing batch with 39702 rows
2025-09-23 16:06:42,970 - INFO - Processing batch with 65536 rows
2025-09-23 16:06:56,427 - INFO - Processing batch with 65536 rows
2025-09-23 16:07:09,817 - INFO - Processing batch with 65536 rows
2025-09-23 16:07:23,197 - INFO - Processing batch with 65536 rows
2025-09-23 16:07:37,039 - INFO - Processing batch with 65536 rows
2025-09-23 16:07:50,939 - INFO - Processing batch with 65536 rows
2025-09-23 16:08:04,259 - INFO - Processing batch with 65536 rows
2025-09-23 16:08:17,901 - INFO - Processing batch with 25708 rows
2025-09-23 16:08:22,752 - INFO - Processing batch with 65536 rows
2025-09-23 16:08:36,263 - INFO - Processing batch with 65536 rows
2025-09-23 16:08:50,509 - INFO - Processing batch with 65536 rows
2025-09-23 16:09:04,021 - INFO - Processing batch with 65536 rows
2025-09-23 16:09:17,352 - INFO - Processing batch with 65536 rows
2025-09-23 16:09:30,760 - INFO - Processing batch with 65536 rows
2025-09-23 16:09:44,861 - INFO - Processing batch with 65536 rows
2025-09-23 16:09:58,206 - INFO - Processing batch with 23308 rows
2025-09-23 16:10:03,202 - INFO - Processing batch with 65536 rows
2025-09-23 16:10:17,017 - INFO - Processing batch with 65536 rows
2025-09-23 16:10:30,654 - INFO - Processing batch with 65536 rows
2025-09-23 16:10:44,574 - INFO - Processing batch with 65536 rows
2025-09-23 16:10:58,028 - INFO - Processing batch with 65536 rows
2025-09-23 16:11:12,165 - INFO - Processing batch with 65536 rows
2025-09-23 16:11:25,530 - INFO - Processing batch with 65536 rows
2025-09-23 16:11:39,387 - INFO - Processing batch with 35479 rows
2025-09-23 16:11:46,398 - INFO - Processing batch with 65536 rows
2025-09-23 16:12:00,462 - INFO - Processing batch with 65536 rows
2025-09-23 16:12:14,087 - INFO - Processing batch with 65536 rows
2025-09-23 16:12:27,983 - INFO - Processing batch with 65536 rows
2025-09-23 16:12:41,665 - INFO - Processing batch with 65536 rows
2025-09-23 16:12:55,242 - INFO - Processing batch with 65536 rows
2025-09-23 16:13:09,025 - INFO - Processing batch with 65536 rows
2025-09-23 16:13:22,873 - INFO - Processing batch with 62205 rows
2025-09-23 16:13:35,980 - INFO - Processing batch with 65536 rows
2025-09-23 16:13:49,800 - INFO - Processing batch with 65536 rows
2025-09-23 16:14:04,266 - INFO - Processing batch with 65536 rows
2025-09-23 16:14:18,057 - INFO - Processing batch with 65536 rows
2025-09-23 16:14:31,857 - INFO - Processing batch with 65536 rows
2025-09-23 16:14:45,852 - INFO - Processing batch with 65536 rows
2025-09-23 16:14:59,608 - INFO - Processing batch with 65536 rows
2025-09-23 16:15:13,445 - INFO - Processing batch with 65536 rows
2025-09-23 16:15:27,486 - INFO - Processing batch with 26976 rows
2025-09-23 16:15:32,642 - INFO - Processing batch with 65536 rows
2025-09-23 16:15:46,684 - INFO - Processing batch with 65536 rows
2025-09-23 16:16:01,272 - INFO - Processing batch with 65536 rows
2025-09-23 16:16:15,161 - INFO - Processing batch with 65536 rows
2025-09-23 16:16:29,274 - INFO - Processing batch with 65536 rows
2025-09-23 16:16:42,767 - INFO - Processing batch with 65536 rows
2025-09-23 16:16:57,209 - INFO - Processing batch with 65536 rows
2025-09-23 16:17:10,846 - INFO - Processing batch with 65536 rows
2025-09-23 16:17:24,915 - INFO - Processing batch with 65536 rows
2025-09-23 16:17:38,464 - INFO - Processing batch with 2959 rows
2025-09-23 16:17:39,265 - INFO - Processing batch with 65536 rows
2025-09-23 16:17:53,906 - INFO - Processing batch with 65536 rows
2025-09-23 16:18:08,648 - INFO - Processing batch with 65536 rows
2025-09-23 16:18:23,744 - INFO - Processing batch with 65536 rows
2025-09-23 16:18:38,876 - INFO - Processing batch with 65536 rows
2025-09-23 16:18:53,415 - INFO - Processing batch with 65536 rows
2025-09-23 16:19:08,135 - INFO - Processing batch with 65536 rows
2025-09-23 16:19:21,792 - INFO - Processing batch with 65536 rows
2025-09-23 16:19:36,017 - INFO - Processing batch with 65536 rows
2025-09-23 16:19:50,101 - INFO - Processing batch with 17830 rows
2025-09-23 16:19:53,617 - INFO - Processing batch with 65536 rows
2025-09-23 16:20:08,503 - INFO - Processing batch with 65536 rows
2025-09-23 16:20:22,331 - INFO - Processing batch with 65536 rows
2025-09-23 16:20:36,659 - INFO - Processing batch with 65536 rows
2025-09-23 16:20:50,446 - INFO - Processing batch with 65536 rows
2025-09-23 16:21:04,846 - INFO - Processing batch with 37580 rows
2025-09-23 16:21:12,939 - INFO - Processing batch with 65536 rows
2025-09-23 16:21:26,633 - INFO - Processing batch with 65536 rows
2025-09-23 16:21:41,605 - INFO - Processing batch with 65536 rows
2025-09-23 16:21:55,665 - INFO - Processing batch with 65536 rows
2025-09-23 16:22:09,746 - INFO - Processing batch with 53811 rows
2025-09-23 16:22:21,748 - INFO - Processing batch with 65536 rows
2025-09-23 16:22:36,191 - INFO - Processing batch with 65536 rows
2025-09-23 16:22:50,011 - INFO - Processing batch with 29364 rows
2025-09-23 16:22:56,883 - INFO - Processing batch with 65536 rows
2025-09-23 16:23:11,217 - INFO - Processing batch with 65536 rows
2025-09-23 16:23:25,863 - INFO - Processing batch with 31354 rows
2025-09-23 16:23:40,221 - INFO - Saved aggregated span features to /root/shared-nvme/work/code/RCA/HolisticRCA/temp_data/2025_CCF_AIOps_challenge/raw_data/train_valid/2025-06-10/cloudbed/raw_trace/span_features.csv
2025-09-23 16:23:40,269 - INFO - Found 24 parquet files in /root/shared-nvme/data_set/2025_CCF_aiops-live-benchmark/phaseone/2025-06-11/cloudbed/trace-parquet
2025-09-23 16:23:41,864 - INFO - Processing batch with 65536 rows
2025-09-23 16:23:54,944 - INFO - Processing batch with 65536 rows
2025-09-23 16:24:08,101 - INFO - Processing batch with 14435 rows
2025-09-23 16:24:10,696 - INFO - Processing batch with 65536 rows
2025-09-23 16:24:23,722 - INFO - Processing batch with 65536 rows
2025-09-23 16:24:36,704 - INFO - Processing batch with 30095 rows
2025-09-23 16:24:42,498 - INFO - Processing batch with 65536 rows
2025-09-23 16:24:55,793 - INFO - Processing batch with 65536 rows
2025-09-23 16:25:08,769 - INFO - Processing batch with 32597 rows
2025-09-23 16:25:15,080 - INFO - Processing batch with 65536 rows
2025-09-23 16:25:28,067 - INFO - Processing batch with 65536 rows
2025-09-23 16:25:41,681 - INFO - Processing batch with 21799 rows
2025-09-23 16:25:45,614 - INFO - Processing batch with 65536 rows
2025-09-23 16:25:59,141 - INFO - Processing batch with 65536 rows
2025-09-23 16:26:12,102 - INFO - Processing batch with 30723 rows
2025-09-23 16:26:18,357 - INFO - Processing batch with 65536 rows
2025-09-23 16:26:31,605 - INFO - Processing batch with 65536 rows
2025-09-23 16:26:45,035 - INFO - Processing batch with 32794 rows
2025-09-23 16:26:51,356 - INFO - Processing batch with 65536 rows
2025-09-23 16:27:04,464 - INFO - Processing batch with 65536 rows
2025-09-23 16:27:17,759 - INFO - Processing batch with 32264 rows
2025-09-23 16:27:24,076 - INFO - Processing batch with 65536 rows
2025-09-23 16:27:37,578 - INFO - Processing batch with 65536 rows
2025-09-23 16:27:50,625 - INFO - Processing batch with 32129 rows
2025-09-23 16:27:57,093 - INFO - Processing batch with 65536 rows
2025-09-23 16:28:10,348 - INFO - Processing batch with 55466 rows
2025-09-23 16:28:21,674 - INFO - Processing batch with 65536 rows
2025-09-23 16:28:35,486 - INFO - Processing batch with 65536 rows
2025-09-23 16:28:48,828 - INFO - Processing batch with 65536 rows
2025-09-23 16:29:01,833 - INFO - Processing batch with 19592 rows
2025-09-23 16:29:05,874 - INFO - Processing batch with 65536 rows
2025-09-23 16:29:19,161 - INFO - Processing batch with 65536 rows
2025-09-23 16:29:32,818 - INFO - Processing batch with 65536 rows
2025-09-23 16:29:45,884 - INFO - Processing batch with 65536 rows
2025-09-23 16:29:59,810 - INFO - Processing batch with 65536 rows
2025-09-23 16:30:12,986 - INFO - Processing batch with 43133 rows
2025-09-23 16:30:21,521 - INFO - Processing batch with 65536 rows
2025-09-23 16:30:35,524 - INFO - Processing batch with 65536 rows
2025-09-23 16:30:48,903 - INFO - Processing batch with 65536 rows
2025-09-23 16:31:02,015 - INFO - Processing batch with 65536 rows
2025-09-23 16:31:15,606 - INFO - Processing batch with 65536 rows
2025-09-23 16:31:29,103 - INFO - Processing batch with 65536 rows
2025-09-23 16:31:42,737 - INFO - Processing batch with 65536 rows
2025-09-23 16:31:56,185 - INFO - Processing batch with 19014 rows
2025-09-23 16:32:00,137 - INFO - Processing batch with 65536 rows
2025-09-23 16:32:13,547 - INFO - Processing batch with 65536 rows
2025-09-23 16:32:27,668 - INFO - Processing batch with 65536 rows
2025-09-23 16:32:41,119 - INFO - Processing batch with 65536 rows
2025-09-23 16:32:54,913 - INFO - Processing batch with 65536 rows
2025-09-23 16:33:08,155 - INFO - Processing batch with 65536 rows
2025-09-23 16:33:22,052 - INFO - Processing batch with 65536 rows
2025-09-23 16:33:35,549 - INFO - Processing batch with 37162 rows
2025-09-23 16:33:43,514 - INFO - Processing batch with 65536 rows
2025-09-23 16:33:57,376 - INFO - Processing batch with 65536 rows
2025-09-23 16:34:10,784 - INFO - Processing batch with 65536 rows
2025-09-23 16:34:24,614 - INFO - Processing batch with 65536 rows
2025-09-23 16:34:37,983 - INFO - Processing batch with 65536 rows
2025-09-23 16:34:52,199 - INFO - Processing batch with 65536 rows
2025-09-23 16:35:05,651 - INFO - Processing batch with 65536 rows
2025-09-23 16:35:19,546 - INFO - Processing batch with 24094 rows
2025-09-23 16:35:24,212 - INFO - Processing batch with 65536 rows
2025-09-23 16:35:38,040 - INFO - Processing batch with 65536 rows
2025-09-23 16:35:51,982 - INFO - Processing batch with 65536 rows
2025-09-23 16:36:05,935 - INFO - Processing batch with 65536 rows
2025-09-23 16:36:19,444 - INFO - Processing batch with 65536 rows
2025-09-23 16:36:33,304 - INFO - Processing batch with 65536 rows
2025-09-23 16:36:47,965 - INFO - Processing batch with 65536 rows
2025-09-23 16:37:01,663 - INFO - Processing batch with 30715 rows
2025-09-23 16:37:07,966 - INFO - Processing batch with 65536 rows
2025-09-23 16:37:21,995 - INFO - Processing batch with 65536 rows
2025-09-23 16:37:35,536 - INFO - Processing batch with 65536 rows
2025-09-23 16:37:49,202 - INFO - Processing batch with 65536 rows
2025-09-23 16:38:03,728 - INFO - Processing batch with 65536 rows
2025-09-23 16:38:17,359 - INFO - Processing batch with 65536 rows
2025-09-23 16:38:31,199 - INFO - Processing batch with 64669 rows
2025-09-23 16:38:44,851 - INFO - Processing batch with 65536 rows
2025-09-23 16:38:58,806 - INFO - Processing batch with 65536 rows
2025-09-23 16:39:12,800 - INFO - Processing batch with 65536 rows
2025-09-23 16:39:27,014 - INFO - Processing batch with 65536 rows
2025-09-23 16:39:41,228 - INFO - Processing batch with 65536 rows
2025-09-23 16:39:54,994 - INFO - Processing batch with 65536 rows
2025-09-23 16:40:08,892 - INFO - Processing batch with 65536 rows
2025-09-23 16:40:23,351 - INFO - Processing batch with 58458 rows
2025-09-23 16:40:35,891 - INFO - Processing batch with 65536 rows
2025-09-23 16:40:49,465 - INFO - Processing batch with 65536 rows
2025-09-23 16:41:03,732 - INFO - Processing batch with 65536 rows
2025-09-23 16:41:18,077 - INFO - Processing batch with 65536 rows
2025-09-23 16:41:32,346 - INFO - Processing batch with 65536 rows
2025-09-23 16:41:46,056 - INFO - Processing batch with 65536 rows
2025-09-23 16:42:00,049 - INFO - Processing batch with 65536 rows
2025-09-23 16:42:14,597 - INFO - Processing batch with 65536 rows
2025-09-23 16:42:28,245 - INFO - Processing batch with 36645 rows
2025-09-23 16:42:36,404 - INFO - Processing batch with 65536 rows
2025-09-23 16:42:50,581 - INFO - Processing batch with 65536 rows
2025-09-23 16:43:04,826 - INFO - Processing batch with 65536 rows
2025-09-23 16:43:18,453 - INFO - Processing batch with 65536 rows
2025-09-23 16:43:32,812 - INFO - Processing batch with 65536 rows
2025-09-23 16:43:47,064 - INFO - Processing batch with 65536 rows
2025-09-23 16:44:01,071 - INFO - Processing batch with 65536 rows
2025-09-23 16:44:15,497 - INFO - Processing batch with 65536 rows
2025-09-23 16:44:29,910 - INFO - Processing batch with 65536 rows
2025-09-23 16:44:43,929 - INFO - Processing batch with 12338 rows
2025-09-23 16:44:46,782 - INFO - Processing batch with 65536 rows
2025-09-23 16:45:01,936 - INFO - Processing batch with 65536 rows
2025-09-23 16:45:16,016 - INFO - Processing batch with 65536 rows
2025-09-23 16:45:29,868 - INFO - Processing batch with 65536 rows
2025-09-23 16:45:44,277 - INFO - Processing batch with 65536 rows
2025-09-23 16:45:58,110 - INFO - Processing batch with 65536 rows
2025-09-23 16:46:12,668 - INFO - Processing batch with 65536 rows
2025-09-23 16:46:27,427 - INFO - Processing batch with 65536 rows
2025-09-23 16:46:41,502 - INFO - Processing batch with 65536 rows
2025-09-23 16:46:56,682 - INFO - Processing batch with 18012 rows
2025-09-23 16:46:59,938 - INFO - Processing batch with 65536 rows
2025-09-23 16:47:15,245 - INFO - Processing batch with 65536 rows
2025-09-23 16:47:29,396 - INFO - Processing batch with 65536 rows
2025-09-23 16:47:43,251 - INFO - Processing batch with 65536 rows
2025-09-23 16:47:57,966 - INFO - Processing batch with 65536 rows
2025-09-23 16:48:12,333 - INFO - Processing batch with 65536 rows
2025-09-23 16:48:26,503 - INFO - Processing batch with 65536 rows
2025-09-23 16:48:41,772 - INFO - Processing batch with 63211 rows
2025-09-23 16:48:55,309 - INFO - Processing batch with 65536 rows
2025-09-23 16:49:09,799 - INFO - Processing batch with 65536 rows
2025-09-23 16:49:24,822 - INFO - Processing batch with 65536 rows
2025-09-23 16:49:38,832 - INFO - Processing batch with 65536 rows
2025-09-23 16:49:53,563 - INFO - Processing batch with 45189 rows
2025-09-23 16:50:03,206 - INFO - Processing batch with 65536 rows
2025-09-23 16:50:18,297 - INFO - Processing batch with 65536 rows
2025-09-23 16:50:32,408 - INFO - Processing batch with 8463 rows
2025-09-23 16:50:33,935 - INFO - Processing batch with 65536 rows
2025-09-23 16:50:48,829 - INFO - Processing batch with 65536 rows
2025-09-23 16:51:03,466 - INFO - Processing batch with 27790 rows
2025-09-23 16:51:18,522 - INFO - Saved aggregated span features to /root/shared-nvme/work/code/RCA/HolisticRCA/temp_data/2025_CCF_AIOps_challenge/raw_data/train_valid/2025-06-11/cloudbed/raw_trace/span_features.csv
2025-09-23 16:51:18,568 - INFO - Found 20 parquet files in /root/shared-nvme/data_set/2025_CCF_aiops-live-benchmark/phaseone/2025-06-12/cloudbed/trace-parquet
2025-09-23 16:51:20,317 - INFO - Processing batch with 65536 rows
2025-09-23 16:51:33,659 - INFO - Processing batch with 55055 rows
2025-09-23 16:51:44,174 - INFO - Processing batch with 65536 rows
2025-09-23 16:51:57,487 - INFO - Processing batch with 65536 rows
2025-09-23 16:52:10,367 - INFO - Processing batch with 24573 rows
2025-09-23 16:52:15,146 - INFO - Processing batch with 65536 rows
2025-09-23 16:52:28,138 - INFO - Processing batch with 65536 rows
2025-09-23 16:52:41,136 - INFO - Processing batch with 29271 rows
2025-09-23 16:52:46,971 - INFO - Processing batch with 65536 rows
2025-09-23 16:53:00,506 - INFO - Processing batch with 48821 rows
2025-09-23 16:53:09,936 - INFO - Processing batch with 65536 rows
2025-09-23 16:53:23,263 - INFO - Processing batch with 65536 rows
2025-09-23 16:53:36,183 - INFO - Processing batch with 29436 rows
2025-09-23 16:53:41,954 - INFO - Processing batch with 65536 rows
2025-09-23 16:53:55,261 - INFO - Processing batch with 65536 rows
2025-09-23 16:54:08,778 - INFO - Processing batch with 32291 rows
2025-09-23 16:54:15,009 - INFO - Processing batch with 65536 rows
2025-09-23 16:54:28,007 - INFO - Processing batch with 44997 rows
2025-09-23 16:54:36,977 - INFO - Processing batch with 65536 rows
2025-09-23 16:54:50,424 - INFO - Processing batch with 65536 rows
2025-09-23 16:55:03,811 - INFO - Processing batch with 30472 rows
2025-09-23 16:55:09,784 - INFO - Processing batch with 65536 rows
2025-09-23 16:55:23,128 - INFO - Processing batch with 65536 rows
2025-09-23 16:55:36,613 - INFO - Processing batch with 31710 rows
2025-09-23 16:55:43,150 - INFO - Processing batch with 65536 rows
2025-09-23 16:55:56,644 - INFO - Processing batch with 65536 rows
2025-09-23 16:56:09,881 - INFO - Processing batch with 65536 rows
2025-09-23 16:56:23,792 - INFO - Processing batch with 21301 rows
2025-09-23 16:56:27,920 - INFO - Processing batch with 65536 rows
2025-09-23 16:56:41,334 - INFO - Processing batch with 65536 rows
2025-09-23 16:56:54,783 - INFO - Processing batch with 65536 rows
2025-09-23 16:57:08,258 - INFO - Processing batch with 65536 rows
2025-09-23 16:57:21,775 - INFO - Processing batch with 65536 rows
2025-09-23 16:57:35,206 - INFO - Processing batch with 65536 rows
2025-09-23 16:57:48,775 - INFO - Processing batch with 6222 rows
2025-09-23 16:57:49,922 - INFO - Processing batch with 65536 rows
2025-09-23 16:58:03,386 - INFO - Processing batch with 65536 rows
2025-09-23 16:58:16,779 - INFO - Processing batch with 65536 rows
2025-09-23 16:58:30,436 - INFO - Processing batch with 65536 rows
2025-09-23 16:58:43,837 - INFO - Processing batch with 65536 rows
2025-09-23 16:58:57,137 - INFO - Processing batch with 65536 rows
2025-09-23 16:59:10,717 - INFO - Processing batch with 65536 rows
2025-09-23 16:59:24,789 - INFO - Processing batch with 14158 rows
2025-09-23 16:59:27,380 - INFO - Processing batch with 65536 rows
2025-09-23 16:59:41,317 - INFO - Processing batch with 65536 rows
2025-09-23 16:59:54,576 - INFO - Processing batch with 65536 rows
2025-09-23 17:00:08,541 - INFO - Processing batch with 65536 rows
2025-09-23 17:00:22,138 - INFO - Processing batch with 65536 rows
2025-09-23 17:00:35,478 - INFO - Processing batch with 65536 rows
2025-09-23 17:00:49,215 - INFO - Processing batch with 65536 rows
2025-09-23 17:01:02,519 - INFO - Processing batch with 41974 rows
2025-09-23 17:01:11,540 - INFO - Processing batch with 65536 rows
2025-09-23 17:01:24,794 - INFO - Processing batch with 65536 rows
2025-09-23 17:01:38,544 - INFO - Processing batch with 65536 rows
2025-09-23 17:01:52,114 - INFO - Processing batch with 65536 rows
2025-09-23 17:02:06,289 - INFO - Processing batch with 65536 rows
2025-09-23 17:02:19,678 - INFO - Processing batch with 65536 rows
2025-09-23 17:02:33,326 - INFO - Processing batch with 65536 rows
2025-09-23 17:02:47,726 - INFO - Processing batch with 28093 rows
2025-09-23 17:02:53,075 - INFO - Processing batch with 65536 rows
2025-09-23 17:03:07,112 - INFO - Processing batch with 65536 rows
2025-09-23 17:03:20,994 - INFO - Processing batch with 65536 rows
2025-09-23 17:03:34,400 - INFO - Processing batch with 65536 rows
2025-09-23 17:03:48,113 - INFO - Processing batch with 65536 rows
2025-09-23 17:04:01,673 - INFO - Processing batch with 65536 rows
2025-09-23 17:04:15,655 - INFO - Processing batch with 65536 rows
2025-09-23 17:04:29,628 - INFO - Processing batch with 24749 rows
2025-09-23 17:04:34,388 - INFO - Processing batch with 65536 rows
2025-09-23 17:04:48,881 - INFO - Processing batch with 65536 rows
2025-09-23 17:05:02,490 - INFO - Processing batch with 65536 rows
2025-09-23 17:05:16,636 - INFO - Processing batch with 65536 rows
2025-09-23 17:05:30,521 - INFO - Processing batch with 65536 rows
2025-09-23 17:05:44,439 - INFO - Processing batch with 65536 rows
2025-09-23 17:05:58,273 - INFO - Processing batch with 65536 rows
2025-09-23 17:06:12,375 - INFO - Processing batch with 33308 rows
2025-09-23 17:06:19,110 - INFO - Processing batch with 65536 rows
2025-09-23 17:06:33,267 - INFO - Processing batch with 65536 rows
2025-09-23 17:06:47,295 - INFO - Processing batch with 65536 rows
2025-09-23 17:07:01,328 - INFO - Processing batch with 65536 rows
2025-09-23 17:07:15,296 - INFO - Processing batch with 65536 rows
2025-09-23 17:07:29,031 - INFO - Processing batch with 65536 rows
2025-09-23 17:07:43,605 - INFO - Processing batch with 65536 rows
2025-09-23 17:07:57,746 - INFO - Processing batch with 56241 rows
2025-09-23 17:08:09,751 - INFO - Processing batch with 65536 rows
2025-09-23 17:08:23,537 - INFO - Processing batch with 65536 rows
2025-09-23 17:08:38,169 - INFO - Processing batch with 65536 rows
2025-09-23 17:08:51,893 - INFO - Processing batch with 65536 rows
2025-09-23 17:09:05,779 - INFO - Processing batch with 65536 rows
2025-09-23 17:09:19,733 - INFO - Processing batch with 65536 rows
2025-09-23 17:09:34,085 - INFO - Processing batch with 65536 rows
2025-09-23 17:09:48,365 - INFO - Processing batch with 65536 rows
2025-09-23 17:10:02,254 - INFO - Processing batch with 30924 rows
2025-09-23 17:10:09,307 - INFO - Processing batch with 65536 rows
2025-09-23 17:10:23,594 - INFO - Processing batch with 65536 rows
2025-09-23 17:10:37,796 - INFO - Processing batch with 65536 rows
2025-09-23 17:10:51,950 - INFO - Processing batch with 65536 rows
2025-09-23 17:11:07,039 - INFO - Processing batch with 65536 rows
2025-09-23 17:11:20,888 - INFO - Processing batch with 37010 rows
2025-09-23 17:11:28,845 - INFO - Processing batch with 65536 rows
2025-09-23 17:11:43,078 - INFO - Processing batch with 65536 rows
2025-09-23 17:11:57,348 - INFO - Processing batch with 65536 rows
2025-09-23 17:12:11,794 - INFO - Processing batch with 65536 rows
2025-09-23 17:12:26,025 - INFO - Processing batch with 18587 rows
2025-09-23 17:12:37,606 - INFO - Saved aggregated span features to /root/shared-nvme/work/code/RCA/HolisticRCA/temp_data/2025_CCF_AIOps_challenge/raw_data/test/2025-06-12/cloudbed/raw_trace/span_features.csv
2025-09-23 17:12:37,656 - INFO - Found 19 parquet files in /root/shared-nvme/data_set/2025_CCF_aiops-live-benchmark/phaseone/2025-06-13/cloudbed/trace-parquet
2025-09-23 17:12:39,217 - INFO - Processing batch with 65536 rows
2025-09-23 17:12:52,601 - INFO - Processing batch with 65536 rows
2025-09-23 17:13:05,662 - INFO - Processing batch with 29142 rows
2025-09-23 17:13:11,234 - INFO - Processing batch with 65536 rows
2025-09-23 17:13:24,257 - INFO - Processing batch with 65536 rows
2025-09-23 17:13:37,676 - INFO - Processing batch with 29623 rows
2025-09-23 17:13:43,162 - INFO - Processing batch with 65536 rows
2025-09-23 17:13:56,652 - INFO - Processing batch with 65536 rows
2025-09-23 17:14:09,847 - INFO - Processing batch with 32923 rows
2025-09-23 17:14:16,180 - INFO - Processing batch with 65536 rows
2025-09-23 17:14:29,235 - INFO - Processing batch with 43091 rows
2025-09-23 17:14:37,754 - INFO - Processing batch with 65536 rows
2025-09-23 17:14:51,189 - INFO - Processing batch with 65536 rows
2025-09-23 17:15:04,155 - INFO - Processing batch with 28477 rows
2025-09-23 17:15:09,958 - INFO - Processing batch with 65536 rows
2025-09-23 17:15:23,279 - INFO - Processing batch with 65536 rows
2025-09-23 17:15:36,341 - INFO - Processing batch with 31115 rows
2025-09-23 17:15:42,446 - INFO - Processing batch with 65536 rows
2025-09-23 17:15:59,418 - INFO - Processing batch with 65536 rows
2025-09-23 17:16:12,893 - INFO - Processing batch with 29390 rows
2025-09-23 17:16:18,692 - INFO - Processing batch with 65536 rows
2025-09-23 17:16:31,912 - INFO - Processing batch with 65536 rows
2025-09-23 17:16:45,327 - INFO - Processing batch with 31125 rows
2025-09-23 17:16:51,638 - INFO - Processing batch with 65536 rows
2025-09-23 17:17:05,042 - INFO - Processing batch with 65536 rows
2025-09-23 17:17:18,454 - INFO - Processing batch with 65536 rows
2025-09-23 17:17:31,904 - INFO - Processing batch with 20865 rows
2025-09-23 17:17:35,963 - INFO - Processing batch with 65536 rows
2025-09-23 17:17:49,961 - INFO - Processing batch with 65536 rows
2025-09-23 17:18:03,189 - INFO - Processing batch with 65536 rows
2025-09-23 17:18:16,246 - INFO - Processing batch with 65536 rows
2025-09-23 17:18:29,810 - INFO - Processing batch with 65536 rows
2025-09-23 17:18:43,196 - INFO - Processing batch with 65536 rows
2025-09-23 17:18:56,863 - INFO - Processing batch with 1169 rows
2025-09-23 17:18:57,084 - INFO - Processing batch with 65536 rows
2025-09-23 17:19:10,205 - INFO - Processing batch with 65536 rows
2025-09-23 17:19:23,535 - INFO - Processing batch with 65536 rows
2025-09-23 17:19:37,492 - INFO - Processing batch with 65536 rows
2025-09-23 17:19:50,967 - INFO - Processing batch with 65536 rows
2025-09-23 17:20:04,383 - INFO - Processing batch with 65536 rows
2025-09-23 17:20:18,077 - INFO - Processing batch with 65536 rows
2025-09-23 17:20:31,208 - INFO - Processing batch with 19967 rows
2025-09-23 17:20:35,176 - INFO - Processing batch with 65536 rows
2025-09-23 17:20:49,257 - INFO - Processing batch with 65536 rows
2025-09-23 17:21:02,634 - INFO - Processing batch with 65536 rows
2025-09-23 17:21:16,278 - INFO - Processing batch with 65536 rows
2025-09-23 17:21:29,819 - INFO - Processing batch with 65536 rows
2025-09-23 17:21:43,189 - INFO - Processing batch with 65536 rows
2025-09-23 17:21:57,232 - INFO - Processing batch with 65536 rows
2025-09-23 17:22:10,557 - INFO - Processing batch with 10941 rows
2025-09-23 17:22:12,559 - INFO - Processing batch with 65536 rows
2025-09-23 17:22:26,228 - INFO - Processing batch with 65536 rows
2025-09-23 17:22:40,365 - INFO - Processing batch with 65536 rows
2025-09-23 17:22:53,755 - INFO - Processing batch with 65536 rows
2025-09-23 17:23:07,958 - INFO - Processing batch with 65536 rows
2025-09-23 17:23:21,604 - INFO - Processing batch with 65536 rows
2025-09-23 17:23:34,902 - INFO - Processing batch with 65536 rows
2025-09-23 17:23:48,696 - INFO - Processing batch with 26816 rows
2025-09-23 17:23:54,405 - INFO - Processing batch with 65536 rows
2025-09-23 17:24:08,209 - INFO - Processing batch with 65536 rows
2025-09-23 17:24:21,498 - INFO - Processing batch with 65536 rows
2025-09-23 17:24:35,951 - INFO - Processing batch with 65536 rows
2025-09-23 17:24:49,457 - INFO - Processing batch with 65536 rows
2025-09-23 17:25:03,391 - INFO - Processing batch with 65536 rows
2025-09-23 17:25:16,765 - INFO - Processing batch with 65536 rows
2025-09-23 17:25:30,767 - INFO - Processing batch with 24922 rows
2025-09-23 17:25:35,871 - INFO - Processing batch with 65536 rows
2025-09-23 17:25:50,142 - INFO - Processing batch with 65536 rows
2025-09-23 17:26:03,778 - INFO - Processing batch with 65536 rows
2025-09-23 17:26:18,110 - INFO - Processing batch with 65536 rows
2025-09-23 17:26:31,624 - INFO - Processing batch with 65536 rows
2025-09-23 17:26:45,713 - INFO - Processing batch with 65536 rows
2025-09-23 17:26:59,105 - INFO - Processing batch with 65536 rows
2025-09-23 17:27:13,771 - INFO - Processing batch with 28333 rows
2025-09-23 17:27:19,178 - INFO - Processing batch with 65536 rows
2025-09-23 17:27:33,309 - INFO - Processing batch with 65536 rows
2025-09-23 17:27:47,192 - INFO - Processing batch with 65536 rows
2025-09-23 17:28:01,142 - INFO - Processing batch with 65536 rows
2025-09-23 17:28:15,057 - INFO - Processing batch with 65536 rows
2025-09-23 17:28:29,573 - INFO - Processing batch with 65536 rows
2025-09-23 17:28:43,162 - INFO - Processing batch with 65536 rows
2025-09-23 17:28:56,971 - INFO - Processing batch with 55329 rows
2025-09-23 17:29:09,147 - INFO - Processing batch with 65536 rows
2025-09-23 17:29:23,078 - INFO - Processing batch with 65536 rows
2025-09-23 17:29:37,374 - INFO - Processing batch with 65536 rows
2025-09-23 17:29:51,845 - INFO - Processing batch with 65536 rows
2025-09-23 17:30:05,466 - INFO - Processing batch with 65536 rows
2025-09-23 17:30:19,402 - INFO - Processing batch with 65536 rows
2025-09-23 17:30:33,163 - INFO - Processing batch with 65536 rows
2025-09-23 17:30:48,072 - INFO - Processing batch with 65536 rows
2025-09-23 17:31:01,830 - INFO - Processing batch with 37686 rows
2025-09-23 17:31:09,855 - INFO - Processing batch with 65536 rows
2025-09-23 17:31:23,985 - INFO - Processing batch with 65536 rows
2025-09-23 17:31:38,873 - INFO - Processing batch with 65536 rows
2025-09-23 17:31:52,789 - INFO - Processing batch with 65536 rows
2025-09-23 17:32:06,559 - INFO - Processing batch with 65536 rows
2025-09-23 17:32:20,514 - INFO - Processing batch with 65536 rows
2025-09-23 17:32:34,854 - INFO - Processing batch with 65536 rows
2025-09-23 17:32:49,311 - INFO - Processing batch with 60801 rows
2025-09-23 17:33:02,380 - INFO - Processing batch with 65536 rows
2025-09-23 17:33:16,766 - INFO - Processing batch with 35214 rows
2025-09-23 17:33:32,297 - INFO - Saved aggregated span features to /root/shared-nvme/work/code/RCA/HolisticRCA/temp_data/2025_CCF_AIOps_challenge/raw_data/test/2025-06-13/cloudbed/raw_trace/span_features.csv
2025-09-23 17:33:32,344 - INFO - Found 22 parquet files in /root/shared-nvme/data_set/2025_CCF_aiops-live-benchmark/phaseone/2025-06-14/cloudbed/trace-parquet
2025-09-23 17:33:33,552 - INFO - Processing batch with 65536 rows
2025-09-23 17:33:46,801 - INFO - Processing batch with 65536 rows
2025-09-23 17:33:59,519 - INFO - Processing batch with 1642 rows
2025-09-23 17:33:59,818 - INFO - Processing batch with 65536 rows
2025-09-23 17:34:12,702 - INFO - Processing batch with 65536 rows
2025-09-23 17:34:25,645 - INFO - Processing batch with 29596 rows
2025-09-23 17:34:31,459 - INFO - Processing batch with 65536 rows
2025-09-23 17:34:44,526 - INFO - Processing batch with 65536 rows
2025-09-23 17:34:57,539 - INFO - Processing batch with 30462 rows
2025-09-23 17:35:03,416 - INFO - Processing batch with 65536 rows
2025-09-23 17:35:16,371 - INFO - Processing batch with 65536 rows
2025-09-23 17:35:29,937 - INFO - Processing batch with 32714 rows
2025-09-23 17:35:36,287 - INFO - Processing batch with 65536 rows
2025-09-23 17:35:49,486 - INFO - Processing batch with 65536 rows
2025-09-23 17:36:02,745 - INFO - Processing batch with 31835 rows
2025-09-23 17:36:08,963 - INFO - Processing batch with 65536 rows
2025-09-23 17:36:22,520 - INFO - Processing batch with 65536 rows
2025-09-23 17:36:35,588 - INFO - Processing batch with 27220 rows
2025-09-23 17:36:40,826 - INFO - Processing batch with 65536 rows
2025-09-23 17:36:54,112 - INFO - Processing batch with 65536 rows
2025-09-23 17:37:07,254 - INFO - Processing batch with 30555 rows
2025-09-23 17:37:13,325 - INFO - Processing batch with 65536 rows
2025-09-23 17:37:26,404 - INFO - Processing batch with 65536 rows
2025-09-23 17:37:39,777 - INFO - Processing batch with 31676 rows
2025-09-23 17:37:46,110 - INFO - Processing batch with 65536 rows
2025-09-23 17:37:59,231 - INFO - Processing batch with 65536 rows
2025-09-23 17:38:12,444 - INFO - Processing batch with 65536 rows
2025-09-23 17:38:25,736 - INFO - Processing batch with 20955 rows
2025-09-23 17:38:29,872 - INFO - Processing batch with 65536 rows
2025-09-23 17:38:43,707 - INFO - Processing batch with 65536 rows
2025-09-23 17:38:56,829 - INFO - Processing batch with 65536 rows
2025-09-23 17:39:10,601 - INFO - Processing batch with 65536 rows
2025-09-23 17:39:24,059 - INFO - Processing batch with 65536 rows
2025-09-23 17:39:37,264 - INFO - Processing batch with 65536 rows
2025-09-23 17:39:50,788 - INFO - Processing batch with 4863 rows
2025-09-23 17:39:51,679 - INFO - Processing batch with 65536 rows
2025-09-23 17:40:05,200 - INFO - Processing batch with 65536 rows
2025-09-23 17:40:18,873 - INFO - Processing batch with 65536 rows
2025-09-23 17:40:32,019 - INFO - Processing batch with 65536 rows
2025-09-23 17:40:45,332 - INFO - Processing batch with 63023 rows
2025-09-23 17:40:58,073 - INFO - Processing batch with 65536 rows
2025-09-23 17:41:11,637 - INFO - Processing batch with 65536 rows
2025-09-23 17:41:24,910 - INFO - Processing batch with 65536 rows
2025-09-23 17:41:38,442 - INFO - Processing batch with 65536 rows
2025-09-23 17:41:51,813 - INFO - Processing batch with 65536 rows
2025-09-23 17:42:05,382 - INFO - Processing batch with 65536 rows
2025-09-23 17:42:18,770 - INFO - Processing batch with 65536 rows
2025-09-23 17:42:32,170 - INFO - Processing batch with 47815 rows
2025-09-23 17:42:42,116 - INFO - Processing batch with 65536 rows
2025-09-23 17:42:55,947 - INFO - Processing batch with 65536 rows
2025-09-23 17:43:09,296 - INFO - Processing batch with 65536 rows
2025-09-23 17:43:23,049 - INFO - Processing batch with 65536 rows
2025-09-23 17:43:36,804 - INFO - Processing batch with 65536 rows
2025-09-23 17:43:50,295 - INFO - Processing batch with 65536 rows
2025-09-23 17:44:04,101 - INFO - Processing batch with 65536 rows
2025-09-23 17:44:17,689 - INFO - Processing batch with 25427 rows
2025-09-23 17:44:22,925 - INFO - Processing batch with 65536 rows
2025-09-23 17:44:37,244 - INFO - Processing batch with 65536 rows
2025-09-23 17:44:50,778 - INFO - Processing batch with 65536 rows
2025-09-23 17:45:04,557 - INFO - Processing batch with 65536 rows
2025-09-23 17:45:17,818 - INFO - Processing batch with 65536 rows
2025-09-23 17:45:31,612 - INFO - Processing batch with 65536 rows
2025-09-23 17:45:45,182 - INFO - Processing batch with 40967 rows
2025-09-23 17:45:53,795 - INFO - Processing batch with 65536 rows
2025-09-23 17:46:07,374 - INFO - Processing batch with 65536 rows
2025-09-23 17:46:21,746 - INFO - Processing batch with 65536 rows
2025-09-23 17:46:35,372 - INFO - Processing batch with 65536 rows
2025-09-23 17:46:48,722 - INFO - Processing batch with 65536 rows
2025-09-23 17:47:02,693 - INFO - Processing batch with 65536 rows
2025-09-23 17:47:16,439 - INFO - Processing batch with 65536 rows
2025-09-23 17:47:30,069 - INFO - Processing batch with 26594 rows
2025-09-23 17:47:35,994 - INFO - Processing batch with 65536 rows
2025-09-23 17:47:50,400 - INFO - Processing batch with 65536 rows
2025-09-23 17:48:03,916 - INFO - Processing batch with 65536 rows
2025-09-23 17:48:17,920 - INFO - Processing batch with 65536 rows
2025-09-23 17:48:31,450 - INFO - Processing batch with 65536 rows
2025-09-23 17:48:46,195 - INFO - Processing batch with 65536 rows
2025-09-23 17:48:59,937 - INFO - Processing batch with 65536 rows
2025-09-23 17:49:13,559 - INFO - Processing batch with 61047 rows
2025-09-23 17:49:26,787 - INFO - Processing batch with 65536 rows
2025-09-23 17:49:40,618 - INFO - Processing batch with 65536 rows
2025-09-23 17:49:54,119 - INFO - Processing batch with 65536 rows
2025-09-23 17:50:08,201 - INFO - Processing batch with 65536 rows
2025-09-23 17:50:22,659 - INFO - Processing batch with 65536 rows
2025-09-23 17:50:36,410 - INFO - Processing batch with 52898 rows
2025-09-23 17:50:47,529 - INFO - Processing batch with 65536 rows
2025-09-23 17:51:01,757 - INFO - Processing batch with 65536 rows
2025-09-23 17:51:15,919 - INFO - Processing batch with 65536 rows
2025-09-23 17:51:30,371 - INFO - Processing batch with 65536 rows
2025-09-23 17:51:43,968 - INFO - Processing batch with 65536 rows
2025-09-23 17:51:58,441 - INFO - Processing batch with 65536 rows
2025-09-23 17:52:12,444 - INFO - Processing batch with 65536 rows
2025-09-23 17:52:27,170 - INFO - Processing batch with 31520 rows
2025-09-23 17:52:33,754 - INFO - Processing batch with 65536 rows
2025-09-23 17:52:48,065 - INFO - Processing batch with 65536 rows
2025-09-23 17:53:02,794 - INFO - Processing batch with 65536 rows
2025-09-23 17:53:16,812 - INFO - Processing batch with 65536 rows
2025-09-23 17:53:30,871 - INFO - Processing batch with 65536 rows
2025-09-23 17:53:45,258 - INFO - Processing batch with 40861 rows
2025-09-23 17:53:54,351 - INFO - Processing batch with 65536 rows
2025-09-23 17:54:08,910 - INFO - Processing batch with 65536 rows
2025-09-23 17:54:23,040 - INFO - Processing batch with 65536 rows
2025-09-23 17:54:36,886 - INFO - Processing batch with 65536 rows
2025-09-23 17:54:51,430 - INFO - Processing batch with 47317 rows
2025-09-23 17:55:01,557 - INFO - Processing batch with 65536 rows
2025-09-23 17:55:15,951 - INFO - Processing batch with 65536 rows
2025-09-23 17:55:30,684 - INFO - Processing batch with 65536 rows
2025-09-23 17:55:44,514 - INFO - Processing batch with 12352 rows
2025-09-23 17:55:47,461 - INFO - Processing batch with 32231 rows
2025-09-23 17:56:01,939 - INFO - Saved aggregated span features to /root/shared-nvme/work/code/RCA/HolisticRCA/temp_data/2025_CCF_AIOps_challenge/raw_data/test/2025-06-14/cloudbed/raw_trace/span_features.csv
