nohup: ignoring input
2025-06-19 21:47:55,635 - DEBUG - Preprocessing traces: dataset_type: normal, date: 2022-03-19, cloudbed: cloudbed-1.
Processing chunk 1
Processing chunk 2
Processing chunk 3
Processing chunk 4
Processing chunk 5
Processing chunk 6
Processing chunk 7
Processing chunk 8
Processing chunk 9
Processing chunk 10
Processing chunk 11
Processing chunk 12
Processing chunk 13
Processing chunk 14
Processing chunk 15
Processing chunk 16
Processing chunk 17
Processing chunk 18
Processing chunk 19
Processing chunk 20
Processing chunk 21
Processing chunk 22
Processing chunk 23
Processing chunk 24
Processing chunk 25
Processing chunk 26
Processing chunk 27
Processing chunk 28
Processing chunk 29
Processing chunk 30
Processing chunk 31
Processing chunk 32
Processing chunk 33
Processing chunk 34
Processing chunk 35
Processing chunk 36
Processing chunk 37
Processing chunk 38
Processing chunk 39
Processing chunk 40
Processing chunk 41
Processing chunk 42
Processing chunk 43
Processing chunk 44
Processing chunk 45
Processing chunk 46
Processing chunk 47
Processing chunk 48
Processing chunk 49
Processing chunk 50
Processing chunk 51
Processing chunk 52
Processing chunk 53
Processing chunk 54
Processing chunk 55
Processing chunk 56
Processing chunk 57
Processing chunk 58
Processing chunk 59
Processing chunk 60
Processing chunk 61
Processing chunk 62
Processing chunk 63
Processing chunk 64
Processing chunk 65
Processing chunk 66
Processing chunk 67
Processing chunk 68
Processing chunk 69
Processing chunk 70
Processing chunk 71
Processing chunk 72
Processing chunk 73
Processing chunk 74
Processing chunk 75
Processing chunk 76
Processing chunk 77
Processing chunk 78
Processing chunk 79
Processing chunk 80
Processing chunk 81
Processing chunk 82
Processing chunk 83
Processing chunk 84
Processing chunk 85
Processing chunk 86
Processing chunk 87
Processing chunk 88
Processing chunk 89
Processing chunk 90
Processing chunk 91
Processing chunk 92
Processing chunk 93
Processing chunk 1
Processing chunk 2
Processing chunk 3
Processing chunk 4
Processing chunk 5
Processing chunk 6
Processing chunk 7
Processing chunk 8
Processing chunk 9
Processing chunk 10
Processing chunk 11
Processing chunk 12
Processing chunk 13
Processing chunk 14
Processing chunk 15
Processing chunk 16
Processing chunk 17
Processing chunk 18
Processing chunk 19
Processing chunk 20
Processing chunk 21
Processing chunk 22
Processing chunk 23
Processing chunk 24
Processing chunk 25
Processing chunk 26
Processing chunk 27
Processing chunk 28
Processing chunk 29
Processing chunk 30
Processing chunk 31
Processing chunk 32
Processing chunk 33
Processing chunk 34
Processing chunk 35
Processing chunk 36
Processing chunk 37
Processing chunk 38
Processing chunk 39
Processing chunk 40
Processing chunk 41
Processing chunk 42
Processing chunk 43
Processing chunk 44
Processing chunk 45
Processing chunk 46
Processing chunk 47
Processing chunk 48
Processing chunk 49
Processing chunk 50
Processing chunk 51
Processing chunk 52
Processing chunk 53
Processing chunk 54
Processing chunk 55
Processing chunk 56
Processing chunk 57
Processing chunk 58
Processing chunk 59
Processing chunk 60
Processing chunk 61
Processing chunk 62
Processing chunk 63
Processing chunk 64
Processing chunk 65
Processing chunk 66
Processing chunk 67
Processing chunk 68
Processing chunk 69
Processing chunk 70
Processing chunk 71
Processing chunk 72
Processing chunk 73
Processing chunk 74
Processing chunk 75
Processing chunk 76
Processing chunk 77
Processing chunk 78
Processing chunk 79
Processing chunk 80
Processing chunk 81
Processing chunk 82
Processing chunk 83
Processing chunk 84
Processing chunk 85
Processing chunk 86
Processing chunk 87
Processing chunk 88
Processing chunk 89
Processing chunk 90
Processing chunk 91
Processing chunk 92
Processing chunk 93
2025-06-19 22:11:26,783 - DEBUG - Preprocessing traces: dataset_type: normal, date: 2022-03-19, cloudbed: cloudbed-2.
Processing chunk 1
Processing chunk 2
Processing chunk 3
Processing chunk 4
Processing chunk 5
Processing chunk 6
Processing chunk 7
Processing chunk 8
Processing chunk 9
Processing chunk 10
Processing chunk 11
Processing chunk 12
Processing chunk 13
Processing chunk 14
Processing chunk 15
Processing chunk 16
Processing chunk 17
Processing chunk 18
Processing chunk 19
Processing chunk 20
Processing chunk 21
Processing chunk 22
Processing chunk 23
Processing chunk 24
Processing chunk 25
Processing chunk 26
Processing chunk 27
Processing chunk 28
Processing chunk 29
Processing chunk 30
Processing chunk 31
Processing chunk 32
Processing chunk 33
Processing chunk 34
Processing chunk 35
Processing chunk 36
Processing chunk 37
Processing chunk 38
Processing chunk 39
Processing chunk 40
Processing chunk 41
Processing chunk 42
Processing chunk 43
Processing chunk 44
Processing chunk 45
Processing chunk 46
Processing chunk 47
Processing chunk 48
Processing chunk 49
Processing chunk 50
Processing chunk 51
Processing chunk 52
Processing chunk 53
Processing chunk 54
Processing chunk 55
Processing chunk 56
Processing chunk 57
Processing chunk 58
Processing chunk 59
Processing chunk 60
Processing chunk 61
Processing chunk 62
Processing chunk 63
Processing chunk 64
Processing chunk 65
Processing chunk 66
Processing chunk 67
Processing chunk 68
Processing chunk 69
Processing chunk 70
Processing chunk 71
Processing chunk 72
Processing chunk 73
Processing chunk 74
Processing chunk 75
Processing chunk 76
Processing chunk 77
Processing chunk 78
Processing chunk 79
Processing chunk 80
Processing chunk 81
Processing chunk 82
Processing chunk 83
Processing chunk 84
Processing chunk 85
Processing chunk 86
Processing chunk 87
Processing chunk 88
Processing chunk 89
Processing chunk 90
Processing chunk 91
Processing chunk 92
Processing chunk 93
Processing chunk 1
Processing chunk 2
Processing chunk 3
Processing chunk 4
Processing chunk 5
Processing chunk 6
Processing chunk 7
Processing chunk 8
Processing chunk 9
Processing chunk 10
Processing chunk 11
Processing chunk 12
Processing chunk 13
Processing chunk 14
Processing chunk 15
Processing chunk 16
Processing chunk 17
Processing chunk 18
Processing chunk 19
Processing chunk 20
Processing chunk 21
Processing chunk 22
Processing chunk 23
Processing chunk 24
Processing chunk 25
Processing chunk 26
Processing chunk 27
Processing chunk 28
Processing chunk 29
Processing chunk 30
Processing chunk 31
Processing chunk 32
Processing chunk 33
Processing chunk 34
Processing chunk 35
Processing chunk 36
Processing chunk 37
Processing chunk 38
Processing chunk 39
Processing chunk 40
Processing chunk 41
Processing chunk 42
Processing chunk 43
Processing chunk 44
Processing chunk 45
Processing chunk 46
Processing chunk 47
Processing chunk 48
Processing chunk 49
Processing chunk 50
Processing chunk 51
Processing chunk 52
Processing chunk 53
Processing chunk 54
Processing chunk 55
Processing chunk 56
Processing chunk 57
Processing chunk 58
Processing chunk 59
Processing chunk 60
Processing chunk 61
Processing chunk 62
Processing chunk 63
Processing chunk 64
Processing chunk 65
Processing chunk 66
Processing chunk 67
Processing chunk 68
Processing chunk 69
Processing chunk 70
Processing chunk 71
Processing chunk 72
Processing chunk 73
Processing chunk 74
Processing chunk 75
Processing chunk 76
Processing chunk 77
Processing chunk 78
Processing chunk 79
Processing chunk 80
Processing chunk 81
Processing chunk 82
Processing chunk 83
Processing chunk 84
Processing chunk 85
Processing chunk 86
Processing chunk 87
Processing chunk 88
Processing chunk 89
Processing chunk 90
Processing chunk 91
Processing chunk 92
Processing chunk 93
2025-06-19 22:34:45,804 - DEBUG - Preprocessing traces: dataset_type: normal, date: 2022-03-19, cloudbed: cloudbed-3.
Processing chunk 1
Processing chunk 2
Processing chunk 3
Processing chunk 4
Processing chunk 5
Processing chunk 6
Processing chunk 7
Processing chunk 8
Processing chunk 9
Processing chunk 10
Processing chunk 11
Processing chunk 12
Processing chunk 13
Processing chunk 14
Processing chunk 15
Processing chunk 16
Processing chunk 17
Processing chunk 18
Processing chunk 19
Processing chunk 20
Processing chunk 21
Processing chunk 22
Processing chunk 23
Processing chunk 24
Processing chunk 25
Processing chunk 26
Processing chunk 27
Processing chunk 28
Processing chunk 29
Processing chunk 30
Processing chunk 31
Processing chunk 32
Processing chunk 33
Processing chunk 34
Processing chunk 35
Processing chunk 36
Processing chunk 37
Processing chunk 38
Processing chunk 39
Processing chunk 40
Processing chunk 41
Processing chunk 42
Processing chunk 43
Processing chunk 44
Processing chunk 45
Processing chunk 46
Processing chunk 47
Processing chunk 48
Processing chunk 49
Processing chunk 50
Processing chunk 51
Processing chunk 52
Processing chunk 53
Processing chunk 54
Processing chunk 55
Processing chunk 56
Processing chunk 57
Processing chunk 58
Processing chunk 59
Processing chunk 60
Processing chunk 61
Processing chunk 62
Processing chunk 63
Processing chunk 64
Processing chunk 65
Processing chunk 66
Processing chunk 67
Processing chunk 68
Processing chunk 69
Processing chunk 70
Processing chunk 71
Processing chunk 72
Processing chunk 73
Processing chunk 74
Processing chunk 75
Processing chunk 76
Processing chunk 77
Processing chunk 78
Processing chunk 79
Processing chunk 80
Processing chunk 81
Processing chunk 82
Processing chunk 83
Processing chunk 84
Processing chunk 85
Processing chunk 86
Processing chunk 87
Processing chunk 88
Processing chunk 89
Processing chunk 90
Processing chunk 91
Processing chunk 92
Processing chunk 93
Processing chunk 1
Processing chunk 2
Processing chunk 3
Processing chunk 4
Processing chunk 5
Processing chunk 6
Processing chunk 7
Processing chunk 8
Processing chunk 9
Processing chunk 10
Processing chunk 11
Processing chunk 12
Processing chunk 13
Processing chunk 14
Processing chunk 15
Processing chunk 16
Processing chunk 17
Processing chunk 18
Processing chunk 19
Processing chunk 20
Processing chunk 21
Processing chunk 22
Processing chunk 23
Processing chunk 24
Processing chunk 25
Processing chunk 26
Processing chunk 27
Processing chunk 28
Processing chunk 29
Processing chunk 30
Processing chunk 31
Processing chunk 32
Processing chunk 33
Processing chunk 34
Processing chunk 35
Processing chunk 36
Processing chunk 37
Processing chunk 38
Processing chunk 39
Processing chunk 40
Processing chunk 41
Processing chunk 42
Processing chunk 43
Processing chunk 44
Processing chunk 45
Processing chunk 46
Processing chunk 47
Processing chunk 48
Processing chunk 49
Processing chunk 50
Processing chunk 51
Processing chunk 52
Processing chunk 53
Processing chunk 54
Processing chunk 55
Processing chunk 56
Processing chunk 57
Processing chunk 58
Processing chunk 59
Processing chunk 60
Processing chunk 61
Processing chunk 62
Processing chunk 63
Processing chunk 64
Processing chunk 65
Processing chunk 66
Processing chunk 67
Processing chunk 68
Processing chunk 69
Processing chunk 70
Processing chunk 71
Processing chunk 72
Processing chunk 73
Processing chunk 74
Processing chunk 75
Processing chunk 76
Processing chunk 77
Processing chunk 78
Processing chunk 79
Processing chunk 80
Processing chunk 81
Processing chunk 82
Processing chunk 83
Processing chunk 84
Processing chunk 85
Processing chunk 86
Processing chunk 87
Processing chunk 88
Processing chunk 89
Processing chunk 90
Processing chunk 91
Processing chunk 92
Processing chunk 93
2025-06-19 22:57:53,457 - DEBUG - Preprocessing traces: dataset_type: train_valid, date: 2022-03-20, cloudbed: cloudbed-1.
Processing chunk 1
Processing chunk 2
Processing chunk 3
Processing chunk 4
Processing chunk 5
Processing chunk 6
Processing chunk 7
Processing chunk 8
Processing chunk 9
Processing chunk 10
Processing chunk 11
Processing chunk 12
Processing chunk 13
Processing chunk 14
Processing chunk 15
Processing chunk 16
Processing chunk 17
Processing chunk 18
Processing chunk 19
Processing chunk 20
Processing chunk 21
Processing chunk 22
Processing chunk 23
Processing chunk 24
Processing chunk 25
Processing chunk 26
Processing chunk 27
Processing chunk 28
Processing chunk 29
Processing chunk 30
Processing chunk 31
Processing chunk 32
Processing chunk 33
Processing chunk 34
Processing chunk 35
Processing chunk 36
Processing chunk 37
Processing chunk 38
Processing chunk 39
Processing chunk 40
Processing chunk 41
Processing chunk 42
Processing chunk 43
Processing chunk 44
Processing chunk 45
Processing chunk 46
Processing chunk 47
Processing chunk 48
Processing chunk 49
Processing chunk 50
Processing chunk 51
Processing chunk 52
Processing chunk 53
Processing chunk 54
Processing chunk 55
Processing chunk 56
Processing chunk 57
Processing chunk 58
Processing chunk 59
Processing chunk 60
Processing chunk 61
Processing chunk 62
Processing chunk 63
Processing chunk 64
Processing chunk 65
Processing chunk 66
Processing chunk 67
Processing chunk 68
Processing chunk 69
Processing chunk 70
Processing chunk 71
Processing chunk 72
Processing chunk 73
Processing chunk 74
Processing chunk 75
Processing chunk 76
Processing chunk 77
Processing chunk 78
Processing chunk 79
Processing chunk 80
Processing chunk 81
Processing chunk 82
Processing chunk 83
Processing chunk 84
Processing chunk 85
Processing chunk 86
Processing chunk 87
Processing chunk 88
Processing chunk 89
Processing chunk 90
Processing chunk 91
Processing chunk 92
Processing chunk 1
Processing chunk 2
Processing chunk 3
Processing chunk 4
Processing chunk 5
Processing chunk 6
Processing chunk 7
Processing chunk 8
Processing chunk 9
Processing chunk 10
Processing chunk 11
Processing chunk 12
Processing chunk 13
Processing chunk 14
Processing chunk 15
Processing chunk 16
Processing chunk 17
Processing chunk 18
Processing chunk 19
Processing chunk 20
Processing chunk 21
Processing chunk 22
Processing chunk 23
Processing chunk 24
Processing chunk 25
Processing chunk 26
Processing chunk 27
Processing chunk 28
Processing chunk 29
Processing chunk 30
Processing chunk 31
Processing chunk 32
Processing chunk 33
Processing chunk 34
Processing chunk 35
Processing chunk 36
Processing chunk 37
Processing chunk 38
Processing chunk 39
Processing chunk 40
Processing chunk 41
Processing chunk 42
Processing chunk 43
Processing chunk 44
Processing chunk 45
Processing chunk 46
Processing chunk 47
Processing chunk 48
Processing chunk 49
Processing chunk 50
Processing chunk 51
Processing chunk 52
Processing chunk 53
Processing chunk 54
Processing chunk 55
Processing chunk 56
Processing chunk 57
Processing chunk 58
Processing chunk 59
Processing chunk 60
Processing chunk 61
Processing chunk 62
Processing chunk 63
Processing chunk 64
Processing chunk 65
Processing chunk 66
Processing chunk 67
Processing chunk 68
Processing chunk 69
Processing chunk 70
Processing chunk 71
Processing chunk 72
Processing chunk 73
Processing chunk 74
Processing chunk 75
Processing chunk 76
Processing chunk 77
Processing chunk 78
Processing chunk 79
Processing chunk 80
Processing chunk 81
Processing chunk 82
Processing chunk 83
Processing chunk 84
Processing chunk 85
Processing chunk 86
Processing chunk 87
Processing chunk 88
Processing chunk 89
Processing chunk 90
Processing chunk 91
Processing chunk 92
2025-06-19 23:20:53,154 - DEBUG - Preprocessing traces: dataset_type: train_valid, date: 2022-03-20, cloudbed: cloudbed-2.
Processing chunk 1
Processing chunk 2
Processing chunk 3
Processing chunk 4
Processing chunk 5
Processing chunk 6
Processing chunk 7
Processing chunk 8
Processing chunk 9
Processing chunk 10
Processing chunk 11
Processing chunk 12
Processing chunk 13
Processing chunk 14
Processing chunk 15
Processing chunk 16
Processing chunk 17
Processing chunk 18
Processing chunk 19
Processing chunk 20
Processing chunk 21
Processing chunk 22
Processing chunk 23
Processing chunk 24
Processing chunk 25
Processing chunk 26
Processing chunk 27
Processing chunk 28
Processing chunk 29
Processing chunk 30
Processing chunk 31
Processing chunk 32
Processing chunk 33
Processing chunk 34
Processing chunk 35
Processing chunk 36
Processing chunk 37
Processing chunk 38
Processing chunk 39
Processing chunk 40
Processing chunk 41
Processing chunk 42
Processing chunk 43
Processing chunk 44
Processing chunk 45
Processing chunk 46
Processing chunk 47
Processing chunk 48
Processing chunk 49
Processing chunk 50
Processing chunk 51
Processing chunk 52
Processing chunk 53
Processing chunk 54
Processing chunk 55
Processing chunk 56
Processing chunk 57
Processing chunk 58
Processing chunk 59
Processing chunk 60
Processing chunk 61
Processing chunk 62
Processing chunk 63
Processing chunk 64
Processing chunk 65
Processing chunk 66
Processing chunk 67
Processing chunk 68
Processing chunk 69
Processing chunk 70
Processing chunk 71
Processing chunk 72
Processing chunk 73
Processing chunk 74
Processing chunk 75
Processing chunk 76
Processing chunk 77
Processing chunk 78
Processing chunk 79
Processing chunk 80
Processing chunk 81
Processing chunk 82
Processing chunk 83
Processing chunk 84
Processing chunk 85
Processing chunk 86
Processing chunk 87
Processing chunk 88
Processing chunk 89
Processing chunk 90
Processing chunk 91
Processing chunk 92
Processing chunk 1
Processing chunk 2
Processing chunk 3
Processing chunk 4
Processing chunk 5
Processing chunk 6
Processing chunk 7
Processing chunk 8
Processing chunk 9
Processing chunk 10
Processing chunk 11
Processing chunk 12
Processing chunk 13
Processing chunk 14
Processing chunk 15
Processing chunk 16
Processing chunk 17
Processing chunk 18
Processing chunk 19
Processing chunk 20
Processing chunk 21
Processing chunk 22
Processing chunk 23
Processing chunk 24
Processing chunk 25
Processing chunk 26
Processing chunk 27
Processing chunk 28
Processing chunk 29
Processing chunk 30
Processing chunk 31
Processing chunk 32
Processing chunk 33
Processing chunk 34
Processing chunk 35
Processing chunk 36
Processing chunk 37
Processing chunk 38
Processing chunk 39
Processing chunk 40
Processing chunk 41
Processing chunk 42
Processing chunk 43
Processing chunk 44
Processing chunk 45
Processing chunk 46
Processing chunk 47
Processing chunk 48
Processing chunk 49
Processing chunk 50
Processing chunk 51
Processing chunk 52
Processing chunk 53
Processing chunk 54
Processing chunk 55
Processing chunk 56
Processing chunk 57
Processing chunk 58
Processing chunk 59
Processing chunk 60
Processing chunk 61
Processing chunk 62
Processing chunk 63
Processing chunk 64
Processing chunk 65
Processing chunk 66
Processing chunk 67
Processing chunk 68
Processing chunk 69
Processing chunk 70
Processing chunk 71
Processing chunk 72
Processing chunk 73
Processing chunk 74
Processing chunk 75
Processing chunk 76
Processing chunk 77
Processing chunk 78
Processing chunk 79
Processing chunk 80
Processing chunk 81
Processing chunk 82
Processing chunk 83
Processing chunk 84
Processing chunk 85
Processing chunk 86
Processing chunk 87
Processing chunk 88
Processing chunk 89
Processing chunk 90
Processing chunk 91
Processing chunk 92
2025-06-19 23:44:09,937 - DEBUG - Preprocessing traces: dataset_type: train_valid, date: 2022-03-20, cloudbed: cloudbed-3.
Processing chunk 1
Processing chunk 2
Processing chunk 3
Processing chunk 4
Processing chunk 5
Processing chunk 6
Processing chunk 7
Processing chunk 8
Processing chunk 9
Processing chunk 10
Processing chunk 11
Processing chunk 12
Processing chunk 13
Processing chunk 14
Processing chunk 15
Processing chunk 16
Processing chunk 17
Processing chunk 18
Processing chunk 19
Processing chunk 20
Processing chunk 21
Processing chunk 22
Processing chunk 23
Processing chunk 24
Processing chunk 25
Processing chunk 26
Processing chunk 27
Processing chunk 28
Processing chunk 29
Processing chunk 30
Processing chunk 31
Processing chunk 32
Processing chunk 33
Processing chunk 34
Processing chunk 35
Processing chunk 36
Processing chunk 37
Processing chunk 38
Processing chunk 39
Processing chunk 40
Processing chunk 41
Processing chunk 42
Processing chunk 43
Processing chunk 44
Processing chunk 45
Processing chunk 46
Processing chunk 47
Processing chunk 48
Processing chunk 49
Processing chunk 50
Processing chunk 51
Processing chunk 52
Processing chunk 53
Processing chunk 54
Processing chunk 55
Processing chunk 56
Processing chunk 57
Processing chunk 58
Processing chunk 59
Processing chunk 60
Processing chunk 61
Processing chunk 62
Processing chunk 63
Processing chunk 64
Processing chunk 65
Processing chunk 66
Processing chunk 67
Processing chunk 68
Processing chunk 69
Processing chunk 70
Processing chunk 71
Processing chunk 72
Processing chunk 73
Processing chunk 74
Processing chunk 75
Processing chunk 76
Processing chunk 77
Processing chunk 78
Processing chunk 79
Processing chunk 80
Processing chunk 81
Processing chunk 82
Processing chunk 83
Processing chunk 84
Processing chunk 85
Processing chunk 86
Processing chunk 87
Processing chunk 88
Processing chunk 89
Processing chunk 90
Processing chunk 1
Processing chunk 2
Processing chunk 3
Processing chunk 4
Processing chunk 5
Processing chunk 6
Processing chunk 7
Processing chunk 8
Processing chunk 9
Processing chunk 10
Processing chunk 11
Processing chunk 12
Processing chunk 13
Processing chunk 14
Processing chunk 15
Processing chunk 16
Processing chunk 17
Processing chunk 18
Processing chunk 19
Processing chunk 20
Processing chunk 21
Processing chunk 22
Processing chunk 23
Processing chunk 24
Processing chunk 25
Processing chunk 26
Processing chunk 27
Processing chunk 28
Processing chunk 29
Processing chunk 30
Processing chunk 31
Processing chunk 32
Processing chunk 33
Processing chunk 34
Processing chunk 35
Processing chunk 36
Processing chunk 37
Processing chunk 38
Processing chunk 39
Processing chunk 40
Processing chunk 41
Processing chunk 42
Processing chunk 43
Processing chunk 44
Processing chunk 45
Processing chunk 46
Processing chunk 47
Processing chunk 48
Processing chunk 49
Processing chunk 50
Processing chunk 51
Processing chunk 52
Processing chunk 53
Processing chunk 54
Processing chunk 55
Processing chunk 56
Processing chunk 57
Processing chunk 58
Processing chunk 59
Processing chunk 60
Processing chunk 61
Processing chunk 62
Processing chunk 63
Processing chunk 64
Processing chunk 65
Processing chunk 66
Processing chunk 67
Processing chunk 68
Processing chunk 69
Processing chunk 70
Processing chunk 71
Processing chunk 72
Processing chunk 73
Processing chunk 74
Processing chunk 75
Processing chunk 76
Processing chunk 77
Processing chunk 78
Processing chunk 79
Processing chunk 80
Processing chunk 81
Processing chunk 82
Processing chunk 83
Processing chunk 84
Processing chunk 85
Processing chunk 86
Processing chunk 87
Processing chunk 88
Processing chunk 89
Processing chunk 90
2025-06-20 00:06:43,060 - DEBUG - Preprocessing traces: dataset_type: train_valid, date: 2022-03-21, cloudbed: cloudbed-1.
Processing chunk 1
Processing chunk 2
Processing chunk 3
Processing chunk 4
Processing chunk 5
Processing chunk 6
Processing chunk 7
Processing chunk 8
Processing chunk 9
Processing chunk 10
Processing chunk 11
Processing chunk 12
Processing chunk 13
Processing chunk 14
Processing chunk 15
Processing chunk 16
Processing chunk 17
Processing chunk 18
Processing chunk 19
Processing chunk 20
Processing chunk 21
Processing chunk 22
Processing chunk 23
Processing chunk 24
Processing chunk 25
Processing chunk 26
Processing chunk 27
Processing chunk 28
Processing chunk 29
Processing chunk 30
Processing chunk 31
Processing chunk 32
Processing chunk 33
Processing chunk 34
Processing chunk 35
Processing chunk 36
Processing chunk 37
Processing chunk 38
Processing chunk 39
Processing chunk 40
Processing chunk 41
Processing chunk 42
Processing chunk 43
Processing chunk 44
Processing chunk 45
Processing chunk 46
Processing chunk 47
Processing chunk 48
Processing chunk 49
Processing chunk 50
Processing chunk 51
Processing chunk 52
Processing chunk 53
Processing chunk 54
Processing chunk 55
Processing chunk 56
Processing chunk 57
Processing chunk 58
Processing chunk 59
Processing chunk 60
Processing chunk 61
Processing chunk 62
Processing chunk 63
Processing chunk 64
Processing chunk 65
Processing chunk 66
Processing chunk 67
Processing chunk 68
Processing chunk 69
Processing chunk 70
Processing chunk 71
Processing chunk 72
Processing chunk 73
Processing chunk 74
Processing chunk 75
Processing chunk 76
Processing chunk 77
Processing chunk 78
Processing chunk 79
Processing chunk 80
Processing chunk 81
Processing chunk 82
Processing chunk 83
Processing chunk 84
Processing chunk 85
Processing chunk 86
Processing chunk 87
Processing chunk 88
Processing chunk 89
Processing chunk 90
Processing chunk 91
Processing chunk 1
Processing chunk 2
Processing chunk 3
Processing chunk 4
Processing chunk 5
Processing chunk 6
Processing chunk 7
Processing chunk 8
Processing chunk 9
Processing chunk 10
Processing chunk 11
Processing chunk 12
Processing chunk 13
Processing chunk 14
Processing chunk 15
Processing chunk 16
Processing chunk 17
Processing chunk 18
Processing chunk 19
Processing chunk 20
Processing chunk 21
Processing chunk 22
Processing chunk 23
Processing chunk 24
Processing chunk 25
Processing chunk 26
Processing chunk 27
Processing chunk 28
Processing chunk 29
Processing chunk 30
Processing chunk 31
Processing chunk 32
Processing chunk 33
Processing chunk 34
Processing chunk 35
Processing chunk 36
Processing chunk 37
Processing chunk 38
Processing chunk 39
Processing chunk 40
Processing chunk 41
Processing chunk 42
Processing chunk 43
Processing chunk 44
Processing chunk 45
Processing chunk 46
Processing chunk 47
Processing chunk 48
Processing chunk 49
Processing chunk 50
Processing chunk 51
Processing chunk 52
Processing chunk 53
Processing chunk 54
Processing chunk 55
Processing chunk 56
Processing chunk 57
Processing chunk 58
Processing chunk 59
Processing chunk 60
Processing chunk 61
Processing chunk 62
Processing chunk 63
Processing chunk 64
Processing chunk 65
Processing chunk 66
Processing chunk 67
Processing chunk 68
Processing chunk 69
Processing chunk 70
Processing chunk 71
Processing chunk 72
Processing chunk 73
Processing chunk 74
Processing chunk 75
Processing chunk 76
Processing chunk 77
Processing chunk 78
Processing chunk 79
Processing chunk 80
Processing chunk 81
Processing chunk 82
Processing chunk 83
Processing chunk 84
Processing chunk 85
Processing chunk 86
Processing chunk 87
Processing chunk 88
Processing chunk 89
Processing chunk 90
Processing chunk 91
2025-06-20 00:29:34,091 - DEBUG - Preprocessing traces: dataset_type: train_valid, date: 2022-03-21, cloudbed: cloudbed-2.
Processing chunk 1
Processing chunk 2
Processing chunk 3
Processing chunk 4
Processing chunk 5
Processing chunk 6
Processing chunk 7
Processing chunk 8
Processing chunk 9
Processing chunk 10
Processing chunk 11
Processing chunk 12
Processing chunk 13
Processing chunk 14
Processing chunk 15
Processing chunk 16
Processing chunk 17
Processing chunk 18
Processing chunk 19
Processing chunk 20
Processing chunk 21
Processing chunk 22
Processing chunk 23
Processing chunk 24
Processing chunk 25
Processing chunk 26
Processing chunk 27
Processing chunk 28
Processing chunk 29
Processing chunk 30
Processing chunk 31
Processing chunk 32
Processing chunk 33
Processing chunk 34
Processing chunk 35
Processing chunk 36
Processing chunk 37
Processing chunk 38
Processing chunk 39
Processing chunk 40
Processing chunk 41
Processing chunk 42
Processing chunk 43
Processing chunk 44
Processing chunk 45
Processing chunk 46
Processing chunk 47
Processing chunk 48
Processing chunk 49
Processing chunk 50
Processing chunk 51
Processing chunk 52
Processing chunk 53
Processing chunk 54
Processing chunk 55
Processing chunk 56
Processing chunk 57
Processing chunk 58
Processing chunk 59
Processing chunk 60
Processing chunk 61
Processing chunk 62
Processing chunk 63
Processing chunk 64
Processing chunk 65
Processing chunk 66
Processing chunk 67
Processing chunk 68
Processing chunk 69
Processing chunk 70
Processing chunk 71
Processing chunk 72
Processing chunk 73
Processing chunk 74
Processing chunk 75
Processing chunk 76
Processing chunk 77
Processing chunk 78
Processing chunk 79
Processing chunk 80
Processing chunk 81
Processing chunk 82
Processing chunk 83
Processing chunk 84
Processing chunk 85
Processing chunk 86
Processing chunk 87
Processing chunk 88
Processing chunk 89
Processing chunk 90
Processing chunk 1
Processing chunk 2
Processing chunk 3
Processing chunk 4
Processing chunk 5
Processing chunk 6
Processing chunk 7
Processing chunk 8
Processing chunk 9
Processing chunk 10
Processing chunk 11
Processing chunk 12
Processing chunk 13
Processing chunk 14
Processing chunk 15
Processing chunk 16
Processing chunk 17
Processing chunk 18
Processing chunk 19
Processing chunk 20
Processing chunk 21
Processing chunk 22
Processing chunk 23
Processing chunk 24
Processing chunk 25
Processing chunk 26
Processing chunk 27
Processing chunk 28
Processing chunk 29
Processing chunk 30
Processing chunk 31
Processing chunk 32
Processing chunk 33
Processing chunk 34
Processing chunk 35
Processing chunk 36
Processing chunk 37
Processing chunk 38
Processing chunk 39
Processing chunk 40
Processing chunk 41
Processing chunk 42
Processing chunk 43
Processing chunk 44
Processing chunk 45
Processing chunk 46
Processing chunk 47
Processing chunk 48
Processing chunk 49
Processing chunk 50
Processing chunk 51
Processing chunk 52
Processing chunk 53
Processing chunk 54
Processing chunk 55
Processing chunk 56
Processing chunk 57
Processing chunk 58
Processing chunk 59
Processing chunk 60
Processing chunk 61
Processing chunk 62
Processing chunk 63
Processing chunk 64
Processing chunk 65
Processing chunk 66
Processing chunk 67
Processing chunk 68
Processing chunk 69
Processing chunk 70
Processing chunk 71
Processing chunk 72
Processing chunk 73
Processing chunk 74
Processing chunk 75
Processing chunk 76
Processing chunk 77
Processing chunk 78
Processing chunk 79
Processing chunk 80
Processing chunk 81
Processing chunk 82
Processing chunk 83
Processing chunk 84
Processing chunk 85
Processing chunk 86
Processing chunk 87
Processing chunk 88
Processing chunk 89
Processing chunk 90
2025-06-20 00:52:18,837 - DEBUG - Preprocessing traces: dataset_type: train_valid, date: 2022-03-21, cloudbed: cloudbed-3.
Processing chunk 1
Processing chunk 2
Processing chunk 3
Processing chunk 4
Processing chunk 5
Processing chunk 6
Processing chunk 7
Processing chunk 8
Processing chunk 9
Processing chunk 10
Processing chunk 11
Processing chunk 12
Processing chunk 13
Processing chunk 14
Processing chunk 15
Processing chunk 16
Processing chunk 17
Processing chunk 18
Processing chunk 19
Processing chunk 20
Processing chunk 21
Processing chunk 22
Processing chunk 23
Processing chunk 24
Processing chunk 25
Processing chunk 26
Processing chunk 27
Processing chunk 28
Processing chunk 29
Processing chunk 30
Processing chunk 31
Processing chunk 32
Processing chunk 33
Processing chunk 34
Processing chunk 35
Processing chunk 36
Processing chunk 37
Processing chunk 38
Processing chunk 39
Processing chunk 40
Processing chunk 41
Processing chunk 42
Processing chunk 43
Processing chunk 44
Processing chunk 45
Processing chunk 46
Processing chunk 47
Processing chunk 48
Processing chunk 49
Processing chunk 50
Processing chunk 51
Processing chunk 52
Processing chunk 53
Processing chunk 54
Processing chunk 55
Processing chunk 56
Processing chunk 57
Processing chunk 58
Processing chunk 59
Processing chunk 60
Processing chunk 61
Processing chunk 62
Processing chunk 63
Processing chunk 64
Processing chunk 65
Processing chunk 66
Processing chunk 67
Processing chunk 68
Processing chunk 69
Processing chunk 70
Processing chunk 71
Processing chunk 72
Processing chunk 73
Processing chunk 74
Processing chunk 75
Processing chunk 76
Processing chunk 77
Processing chunk 78
Processing chunk 79
Processing chunk 80
Processing chunk 81
Processing chunk 82
Processing chunk 83
Processing chunk 84
Processing chunk 85
Processing chunk 86
Processing chunk 87
Processing chunk 88
Processing chunk 89
Processing chunk 90
Processing chunk 91
Processing chunk 1
Processing chunk 2
Processing chunk 3
Processing chunk 4
Processing chunk 5
Processing chunk 6
Processing chunk 7
Processing chunk 8
Processing chunk 9
Processing chunk 10
Processing chunk 11
Processing chunk 12
Processing chunk 13
Processing chunk 14
Processing chunk 15
Processing chunk 16
Processing chunk 17
Processing chunk 18
Processing chunk 19
Processing chunk 20
Processing chunk 21
Processing chunk 22
Processing chunk 23
Processing chunk 24
Processing chunk 25
Processing chunk 26
Processing chunk 27
Processing chunk 28
Processing chunk 29
Processing chunk 30
Processing chunk 31
Processing chunk 32
Processing chunk 33
Processing chunk 34
Processing chunk 35
Processing chunk 36
Processing chunk 37
Processing chunk 38
Processing chunk 39
Processing chunk 40
Processing chunk 41
Processing chunk 42
Processing chunk 43
Processing chunk 44
Processing chunk 45
Processing chunk 46
Processing chunk 47
Processing chunk 48
Processing chunk 49
Processing chunk 50
Processing chunk 51
Processing chunk 52
Processing chunk 53
Processing chunk 54
Processing chunk 55
Processing chunk 56
Processing chunk 57
Processing chunk 58
Processing chunk 59
Processing chunk 60
Processing chunk 61
Processing chunk 62
Processing chunk 63
Processing chunk 64
Processing chunk 65
Processing chunk 66
Processing chunk 67
Processing chunk 68
Processing chunk 69
Processing chunk 70
Processing chunk 71
Processing chunk 72
Processing chunk 73
Processing chunk 74
Processing chunk 75
Processing chunk 76
Processing chunk 77
Processing chunk 78
Processing chunk 79
Processing chunk 80
Processing chunk 81
Processing chunk 82
Processing chunk 83
Processing chunk 84
Processing chunk 85
Processing chunk 86
Processing chunk 87
Processing chunk 88
Processing chunk 89
Processing chunk 90
Processing chunk 91
2025-06-20 01:15:36,351 - DEBUG - Preprocessing traces: dataset_type: train_valid, date: 2022-03-24, cloudbed: cloudbed-3.
Processing chunk 1
Processing chunk 2
Processing chunk 3
Processing chunk 4
Processing chunk 5
Processing chunk 6
Processing chunk 7
Processing chunk 8
Processing chunk 9
Processing chunk 10
Processing chunk 11
Processing chunk 12
Processing chunk 13
Processing chunk 14
Processing chunk 15
Processing chunk 16
Processing chunk 17
Processing chunk 18
Processing chunk 19
Processing chunk 20
Processing chunk 21
Processing chunk 22
Processing chunk 23
Processing chunk 24
Processing chunk 25
Processing chunk 26
Processing chunk 27
Processing chunk 28
Processing chunk 29
Processing chunk 30
Processing chunk 31
Processing chunk 32
Processing chunk 33
Processing chunk 34
Processing chunk 35
Processing chunk 36
Processing chunk 37
Processing chunk 38
Processing chunk 39
Processing chunk 40
Processing chunk 41
Processing chunk 42
Processing chunk 43
Processing chunk 44
Processing chunk 45
Processing chunk 46
Processing chunk 47
Processing chunk 48
Processing chunk 49
Processing chunk 50
Processing chunk 51
Processing chunk 52
Processing chunk 53
Processing chunk 54
Processing chunk 55
Processing chunk 56
Processing chunk 57
Processing chunk 58
Processing chunk 59
Processing chunk 60
Processing chunk 61
Processing chunk 62
Processing chunk 63
Processing chunk 64
Processing chunk 65
Processing chunk 66
Processing chunk 67
Processing chunk 68
Processing chunk 69
Processing chunk 70
Processing chunk 71
Processing chunk 72
Processing chunk 73
Processing chunk 74
Processing chunk 75
Processing chunk 76
Processing chunk 77
Processing chunk 78
Processing chunk 79
Processing chunk 80
Processing chunk 81
Processing chunk 82
Processing chunk 83
Processing chunk 84
Processing chunk 85
Processing chunk 86
Processing chunk 87
Processing chunk 88
Processing chunk 89
Processing chunk 90
Processing chunk 91
Processing chunk 1
Processing chunk 2
Processing chunk 3
Processing chunk 4
Processing chunk 5
Processing chunk 6
Processing chunk 7
Processing chunk 8
Processing chunk 9
Processing chunk 10
Processing chunk 11
Processing chunk 12
Processing chunk 13
Processing chunk 14
Processing chunk 15
Processing chunk 16
Processing chunk 17
Processing chunk 18
Processing chunk 19
Processing chunk 20
Processing chunk 21
Processing chunk 22
Processing chunk 23
Processing chunk 24
Processing chunk 25
Processing chunk 26
Processing chunk 27
Processing chunk 28
Processing chunk 29
Processing chunk 30
Processing chunk 31
Processing chunk 32
Processing chunk 33
Processing chunk 34
Processing chunk 35
Processing chunk 36
Processing chunk 37
Processing chunk 38
Processing chunk 39
Processing chunk 40
Processing chunk 41
Processing chunk 42
Processing chunk 43
Processing chunk 44
Processing chunk 45
Processing chunk 46
Processing chunk 47
Processing chunk 48
Processing chunk 49
Processing chunk 50
Processing chunk 51
Processing chunk 52
Processing chunk 53
Processing chunk 54
Processing chunk 55
Processing chunk 56
Processing chunk 57
Processing chunk 58
Processing chunk 59
Processing chunk 60
Processing chunk 61
Processing chunk 62
Processing chunk 63
Processing chunk 64
Processing chunk 65
Processing chunk 66
Processing chunk 67
Processing chunk 68
Processing chunk 69
Processing chunk 70
Processing chunk 71
Processing chunk 72
Processing chunk 73
Processing chunk 74
Processing chunk 75
Processing chunk 76
Processing chunk 77
Processing chunk 78
Processing chunk 79
Processing chunk 80
Processing chunk 81
Processing chunk 82
Processing chunk 83
Processing chunk 84
Processing chunk 85
Processing chunk 86
Processing chunk 87
Processing chunk 88
Processing chunk 89
Processing chunk 90
Processing chunk 91
2025-06-20 01:38:47,417 - DEBUG - Preprocessing traces: dataset_type: test, date: 2022-05-01, cloudbed: cloudbed.
Processing chunk 1
Processing chunk 2
Processing chunk 3
Processing chunk 4
Processing chunk 5
Processing chunk 6
Processing chunk 7
Processing chunk 8
Processing chunk 9
Processing chunk 10
Processing chunk 11
Processing chunk 12
Processing chunk 13
Processing chunk 14
Processing chunk 15
Processing chunk 16
Processing chunk 17
Processing chunk 18
Processing chunk 19
Processing chunk 20
Processing chunk 21
Processing chunk 22
Processing chunk 23
Processing chunk 24
Processing chunk 25
Processing chunk 26
Processing chunk 27
Processing chunk 28
Processing chunk 29
Processing chunk 30
Processing chunk 31
Processing chunk 32
Processing chunk 33
Processing chunk 34
Processing chunk 35
Processing chunk 36
Processing chunk 37
Processing chunk 38
Processing chunk 39
Processing chunk 40
Processing chunk 41
Processing chunk 42
Processing chunk 43
Processing chunk 44
Processing chunk 45
Processing chunk 46
Processing chunk 47
Processing chunk 48
Processing chunk 49
Processing chunk 50
Processing chunk 51
Processing chunk 52
Processing chunk 53
Processing chunk 54
Processing chunk 55
Processing chunk 56
Processing chunk 57
Processing chunk 58
Processing chunk 59
Processing chunk 60
Processing chunk 61
Processing chunk 62
Processing chunk 63
Processing chunk 64
Processing chunk 65
Processing chunk 66
Processing chunk 67
Processing chunk 68
Processing chunk 69
Processing chunk 70
Processing chunk 71
Processing chunk 72
Processing chunk 73
Processing chunk 74
Processing chunk 75
Processing chunk 76
Processing chunk 77
Processing chunk 78
Processing chunk 79
Processing chunk 80
Processing chunk 81
Processing chunk 82
Processing chunk 83
Processing chunk 84
Processing chunk 85
Processing chunk 86
Processing chunk 87
Processing chunk 88
Processing chunk 89
Processing chunk 90
Processing chunk 91
Processing chunk 1
Processing chunk 2
Processing chunk 3
Processing chunk 4
Processing chunk 5
Processing chunk 6
Processing chunk 7
Processing chunk 8
Processing chunk 9
Processing chunk 10
Processing chunk 11
Processing chunk 12
Processing chunk 13
Processing chunk 14
Processing chunk 15
Processing chunk 16
Processing chunk 17
Processing chunk 18
Processing chunk 19
Processing chunk 20
Processing chunk 21
Processing chunk 22
Processing chunk 23
Processing chunk 24
Processing chunk 25
Processing chunk 26
Processing chunk 27
Processing chunk 28
Processing chunk 29
Processing chunk 30
Processing chunk 31
Processing chunk 32
Processing chunk 33
Processing chunk 34
Processing chunk 35
Processing chunk 36
Processing chunk 37
Processing chunk 38
Processing chunk 39
Processing chunk 40
Processing chunk 41
Processing chunk 42
Processing chunk 43
Processing chunk 44
Processing chunk 45
Processing chunk 46
Processing chunk 47
Processing chunk 48
Processing chunk 49
Processing chunk 50
Processing chunk 51
Processing chunk 52
Processing chunk 53
Processing chunk 54
Processing chunk 55
Processing chunk 56
Processing chunk 57
Processing chunk 58
Processing chunk 59
Processing chunk 60
Processing chunk 61
Processing chunk 62
Processing chunk 63
Processing chunk 64
Processing chunk 65
Processing chunk 66
Processing chunk 67
Processing chunk 68
Processing chunk 69
Processing chunk 70
Processing chunk 71
Processing chunk 72
Processing chunk 73
Processing chunk 74
Processing chunk 75
Processing chunk 76
Processing chunk 77
Processing chunk 78
Processing chunk 79
Processing chunk 80
Processing chunk 81
Processing chunk 82
Processing chunk 83
Processing chunk 84
Processing chunk 85
Processing chunk 86
Processing chunk 87
Processing chunk 88
Processing chunk 89
Processing chunk 90
Processing chunk 91
2025-06-20 02:01:53,641 - DEBUG - Preprocessing traces: dataset_type: test, date: 2022-05-03, cloudbed: cloudbed.
Processing chunk 1
Processing chunk 2
Processing chunk 3
Processing chunk 4
Processing chunk 5
Processing chunk 6
Processing chunk 7
Processing chunk 8
Processing chunk 9
Processing chunk 10
Processing chunk 11
Processing chunk 12
Processing chunk 13
Processing chunk 14
Processing chunk 15
Processing chunk 16
Processing chunk 17
Processing chunk 18
Processing chunk 19
Processing chunk 20
Processing chunk 21
Processing chunk 22
Processing chunk 23
Processing chunk 24
Processing chunk 25
Processing chunk 26
Processing chunk 27
Processing chunk 28
Processing chunk 29
Processing chunk 30
Processing chunk 31
Processing chunk 32
Processing chunk 33
Processing chunk 34
Processing chunk 35
Processing chunk 36
Processing chunk 37
Processing chunk 38
Processing chunk 39
Processing chunk 40
Processing chunk 41
Processing chunk 42
Processing chunk 43
Processing chunk 44
Processing chunk 45
Processing chunk 46
Processing chunk 47
Processing chunk 48
Processing chunk 49
Processing chunk 50
Processing chunk 51
Processing chunk 52
Processing chunk 53
Processing chunk 54
Processing chunk 55
Processing chunk 56
Processing chunk 57
Processing chunk 58
Processing chunk 59
Processing chunk 60
Processing chunk 61
Processing chunk 62
Processing chunk 63
Processing chunk 64
Processing chunk 65
Processing chunk 66
Processing chunk 67
Processing chunk 68
Processing chunk 69
Processing chunk 70
Processing chunk 71
Processing chunk 72
Processing chunk 73
Processing chunk 74
Processing chunk 75
Processing chunk 76
Processing chunk 77
Processing chunk 78
Processing chunk 79
Processing chunk 80
Processing chunk 81
Processing chunk 82
Processing chunk 83
Processing chunk 84
Processing chunk 85
Processing chunk 86
Processing chunk 87
Processing chunk 1
Processing chunk 2
Processing chunk 3
Processing chunk 4
Processing chunk 5
Processing chunk 6
Processing chunk 7
Processing chunk 8
Processing chunk 9
Processing chunk 10
Processing chunk 11
Processing chunk 12
Processing chunk 13
Processing chunk 14
Processing chunk 15
Processing chunk 16
Processing chunk 17
Processing chunk 18
Processing chunk 19
Processing chunk 20
Processing chunk 21
Processing chunk 22
Processing chunk 23
Processing chunk 24
Processing chunk 25
Processing chunk 26
Processing chunk 27
Processing chunk 28
Processing chunk 29
Processing chunk 30
Processing chunk 31
Processing chunk 32
Processing chunk 33
Processing chunk 34
Processing chunk 35
Processing chunk 36
Processing chunk 37
Processing chunk 38
Processing chunk 39
Processing chunk 40
Processing chunk 41
Processing chunk 42
Processing chunk 43
Processing chunk 44
Processing chunk 45
Processing chunk 46
Processing chunk 47
Processing chunk 48
Processing chunk 49
Processing chunk 50
Processing chunk 51
Processing chunk 52
Processing chunk 53
Processing chunk 54
Processing chunk 55
Processing chunk 56
Processing chunk 57
Processing chunk 58
Processing chunk 59
Processing chunk 60
Processing chunk 61
Processing chunk 62
Processing chunk 63
Processing chunk 64
Processing chunk 65
Processing chunk 66
Processing chunk 67
Processing chunk 68
Processing chunk 69
Processing chunk 70
Processing chunk 71
Processing chunk 72
Processing chunk 73
Processing chunk 74
Processing chunk 75
Processing chunk 76
Processing chunk 77
Processing chunk 78
Processing chunk 79
Processing chunk 80
Processing chunk 81
Processing chunk 82
Processing chunk 83
Processing chunk 84
Processing chunk 85
Processing chunk 86
Processing chunk 87
2025-06-20 02:23:54,189 - DEBUG - Preprocessing traces: dataset_type: test, date: 2022-05-05, cloudbed: cloudbed.
Processing chunk 1
Processing chunk 2
Processing chunk 3
Processing chunk 4
Processing chunk 5
Processing chunk 6
Processing chunk 7
Processing chunk 8
Processing chunk 9
Processing chunk 10
Processing chunk 11
Processing chunk 12
Processing chunk 13
Processing chunk 14
Processing chunk 15
Processing chunk 16
Processing chunk 17
Processing chunk 18
Processing chunk 19
Processing chunk 20
Processing chunk 21
Processing chunk 22
Processing chunk 23
Processing chunk 24
Processing chunk 25
Processing chunk 26
Processing chunk 27
Processing chunk 28
Processing chunk 29
Processing chunk 30
Processing chunk 31
Processing chunk 32
Processing chunk 33
Processing chunk 34
Processing chunk 35
Processing chunk 36
Processing chunk 37
Processing chunk 38
Processing chunk 39
Processing chunk 40
Processing chunk 41
Processing chunk 42
Processing chunk 43
Processing chunk 44
Processing chunk 45
Processing chunk 46
Processing chunk 47
Processing chunk 48
Processing chunk 49
Processing chunk 50
Processing chunk 51
Processing chunk 52
Processing chunk 53
Processing chunk 54
Processing chunk 55
Processing chunk 56
Processing chunk 57
Processing chunk 58
Processing chunk 59
Processing chunk 60
Processing chunk 61
Processing chunk 62
Processing chunk 63
Processing chunk 64
Processing chunk 65
Processing chunk 66
Processing chunk 67
Processing chunk 68
Processing chunk 69
Processing chunk 70
Processing chunk 71
Processing chunk 72
Processing chunk 73
Processing chunk 74
Processing chunk 75
Processing chunk 76
Processing chunk 77
Processing chunk 78
Processing chunk 79
Processing chunk 80
Processing chunk 81
Processing chunk 82
Processing chunk 83
Processing chunk 84
Processing chunk 85
Processing chunk 86
Processing chunk 87
Processing chunk 88
Processing chunk 89
Processing chunk 90
Processing chunk 91
Processing chunk 1
Processing chunk 2
Processing chunk 3
Processing chunk 4
Processing chunk 5
Processing chunk 6
Processing chunk 7
Processing chunk 8
Processing chunk 9
Processing chunk 10
Processing chunk 11
Processing chunk 12
Processing chunk 13
Processing chunk 14
Processing chunk 15
Processing chunk 16
Processing chunk 17
Processing chunk 18
Processing chunk 19
Processing chunk 20
Processing chunk 21
Processing chunk 22
Processing chunk 23
Processing chunk 24
Processing chunk 25
Processing chunk 26
Processing chunk 27
Processing chunk 28
Processing chunk 29
Processing chunk 30
Processing chunk 31
Processing chunk 32
Processing chunk 33
Processing chunk 34
Processing chunk 35
Processing chunk 36
Processing chunk 37
Processing chunk 38
Processing chunk 39
Processing chunk 40
Processing chunk 41
Processing chunk 42
Processing chunk 43
Processing chunk 44
Processing chunk 45
Processing chunk 46
Processing chunk 47
Processing chunk 48
Processing chunk 49
Processing chunk 50
Processing chunk 51
Processing chunk 52
Processing chunk 53
Processing chunk 54
Processing chunk 55
Processing chunk 56
Processing chunk 57
Processing chunk 58
Processing chunk 59
Processing chunk 60
Processing chunk 61
Processing chunk 62
Processing chunk 63
Processing chunk 64
Processing chunk 65
Processing chunk 66
Processing chunk 67
Processing chunk 68
Processing chunk 69
Processing chunk 70
Processing chunk 71
Processing chunk 72
Processing chunk 73
Processing chunk 74
Processing chunk 75
Processing chunk 76
Processing chunk 77
Processing chunk 78
Processing chunk 79
Processing chunk 80
Processing chunk 81
Processing chunk 82
Processing chunk 83
Processing chunk 84
Processing chunk 85
Processing chunk 86
Processing chunk 87
Processing chunk 88
Processing chunk 89
Processing chunk 90
Processing chunk 91
2025-06-20 02:46:40,231 - DEBUG - Preprocessing traces: dataset_type: test, date: 2022-05-07, cloudbed: cloudbed.
Processing chunk 1
Processing chunk 2
Processing chunk 3
Processing chunk 4
Processing chunk 5
Processing chunk 6
Processing chunk 7
Processing chunk 8
Processing chunk 9
Processing chunk 10
Processing chunk 11
Processing chunk 12
Processing chunk 13
Processing chunk 14
Processing chunk 15
Processing chunk 16
Processing chunk 17
Processing chunk 18
Processing chunk 19
Processing chunk 20
Processing chunk 21
Processing chunk 22
Processing chunk 23
Processing chunk 24
Processing chunk 25
Processing chunk 26
Processing chunk 27
Processing chunk 28
Processing chunk 29
Processing chunk 30
Processing chunk 31
Processing chunk 32
Processing chunk 33
Processing chunk 34
Processing chunk 35
Processing chunk 36
Processing chunk 37
Processing chunk 38
Processing chunk 39
Processing chunk 40
Processing chunk 41
Processing chunk 42
Processing chunk 43
Processing chunk 44
Processing chunk 45
Processing chunk 46
Processing chunk 47
Processing chunk 48
Processing chunk 49
Processing chunk 50
Processing chunk 51
Processing chunk 52
Processing chunk 53
Processing chunk 54
Processing chunk 55
Processing chunk 56
Processing chunk 57
Processing chunk 58
Processing chunk 59
Processing chunk 60
Processing chunk 61
Processing chunk 62
Processing chunk 63
Processing chunk 64
Processing chunk 65
Processing chunk 66
Processing chunk 67
Processing chunk 68
Processing chunk 69
Processing chunk 70
Processing chunk 71
Processing chunk 72
Processing chunk 73
Processing chunk 74
Processing chunk 75
Processing chunk 76
Processing chunk 77
Processing chunk 78
Processing chunk 79
Processing chunk 80
Processing chunk 81
Processing chunk 82
Processing chunk 83
Processing chunk 84
Processing chunk 85
Processing chunk 86
Processing chunk 87
Processing chunk 88
Processing chunk 89
Processing chunk 90
Processing chunk 91
Processing chunk 1
Processing chunk 2
Processing chunk 3
Processing chunk 4
Processing chunk 5
Processing chunk 6
Processing chunk 7
Processing chunk 8
Processing chunk 9
Processing chunk 10
Processing chunk 11
Processing chunk 12
Processing chunk 13
Processing chunk 14
Processing chunk 15
Processing chunk 16
Processing chunk 17
Processing chunk 18
Processing chunk 19
Processing chunk 20
Processing chunk 21
Processing chunk 22
Processing chunk 23
Processing chunk 24
Processing chunk 25
Processing chunk 26
Processing chunk 27
Processing chunk 28
Processing chunk 29
Processing chunk 30
Processing chunk 31
Processing chunk 32
Processing chunk 33
Processing chunk 34
Processing chunk 35
Processing chunk 36
Processing chunk 37
Processing chunk 38
Processing chunk 39
Processing chunk 40
Processing chunk 41
Processing chunk 42
Processing chunk 43
Processing chunk 44
Processing chunk 45
Processing chunk 46
Processing chunk 47
Processing chunk 48
Processing chunk 49
Processing chunk 50
Processing chunk 51
Processing chunk 52
Processing chunk 53
Processing chunk 54
Processing chunk 55
Processing chunk 56
Processing chunk 57
Processing chunk 58
Processing chunk 59
Processing chunk 60
Processing chunk 61
Processing chunk 62
Processing chunk 63
Processing chunk 64
Processing chunk 65
Processing chunk 66
Processing chunk 67
Processing chunk 68
Processing chunk 69
Processing chunk 70
Processing chunk 71
Processing chunk 72
Processing chunk 73
Processing chunk 74
Processing chunk 75
Processing chunk 76
Processing chunk 77
Processing chunk 78
Processing chunk 79
Processing chunk 80
Processing chunk 81
Processing chunk 82
Processing chunk 83
Processing chunk 84
Processing chunk 85
Processing chunk 86
Processing chunk 87
Processing chunk 88
Processing chunk 89
Processing chunk 90
Processing chunk 91
2025-06-20 03:09:15,271 - DEBUG - Preprocessing traces: dataset_type: test, date: 2022-05-09, cloudbed: cloudbed.
Processing chunk 1
Processing chunk 2
Processing chunk 3
Processing chunk 4
Processing chunk 5
Processing chunk 6
Processing chunk 7
Processing chunk 8
Processing chunk 9
Processing chunk 10
Processing chunk 11
Processing chunk 12
Processing chunk 13
Processing chunk 14
Processing chunk 15
Processing chunk 16
Processing chunk 17
Processing chunk 18
Processing chunk 19
Processing chunk 20
Processing chunk 21
Processing chunk 22
Processing chunk 23
Processing chunk 24
Processing chunk 25
Processing chunk 26
Processing chunk 27
Processing chunk 28
Processing chunk 29
Processing chunk 30
Processing chunk 31
Processing chunk 32
Processing chunk 33
Processing chunk 34
Processing chunk 35
Processing chunk 36
Processing chunk 37
Processing chunk 38
Processing chunk 39
Processing chunk 40
Processing chunk 41
Processing chunk 42
Processing chunk 43
Processing chunk 44
Processing chunk 45
Processing chunk 46
Processing chunk 47
Processing chunk 48
Processing chunk 49
Processing chunk 50
Processing chunk 51
Processing chunk 52
Processing chunk 53
Processing chunk 54
Processing chunk 55
Processing chunk 56
Processing chunk 57
Processing chunk 58
Processing chunk 59
Processing chunk 60
Processing chunk 61
Processing chunk 62
Processing chunk 63
Processing chunk 64
Processing chunk 65
Processing chunk 66
Processing chunk 67
Processing chunk 68
Processing chunk 69
Processing chunk 70
Processing chunk 71
Processing chunk 72
Processing chunk 73
Processing chunk 74
Processing chunk 75
Processing chunk 76
Processing chunk 77
Processing chunk 78
Processing chunk 79
Processing chunk 80
Processing chunk 81
Processing chunk 82
Processing chunk 83
Processing chunk 84
Processing chunk 85
Processing chunk 86
Processing chunk 87
Processing chunk 88
Processing chunk 89
Processing chunk 90
Processing chunk 1
Processing chunk 2
Processing chunk 3
Processing chunk 4
Processing chunk 5
Processing chunk 6
Processing chunk 7
Processing chunk 8
Processing chunk 9
Processing chunk 10
Processing chunk 11
Processing chunk 12
Processing chunk 13
Processing chunk 14
Processing chunk 15
Processing chunk 16
Processing chunk 17
Processing chunk 18
Processing chunk 19
Processing chunk 20
Processing chunk 21
Processing chunk 22
Processing chunk 23
Processing chunk 24
Processing chunk 25
Processing chunk 26
Processing chunk 27
Processing chunk 28
Processing chunk 29
Processing chunk 30
Processing chunk 31
Processing chunk 32
Processing chunk 33
Processing chunk 34
Processing chunk 35
Processing chunk 36
Processing chunk 37
Processing chunk 38
Processing chunk 39
Processing chunk 40
Processing chunk 41
Processing chunk 42
Processing chunk 43
Processing chunk 44
Processing chunk 45
Processing chunk 46
Processing chunk 47
Processing chunk 48
Processing chunk 49
Processing chunk 50
Processing chunk 51
Processing chunk 52
Processing chunk 53
Processing chunk 54
Processing chunk 55
Processing chunk 56
Processing chunk 57
Processing chunk 58
Processing chunk 59
Processing chunk 60
Processing chunk 61
Processing chunk 62
Processing chunk 63
Processing chunk 64
Processing chunk 65
Processing chunk 66
Processing chunk 67
Processing chunk 68
Processing chunk 69
Processing chunk 70
Processing chunk 71
Processing chunk 72
Processing chunk 73
Processing chunk 74
Processing chunk 75
Processing chunk 76
Processing chunk 77
Processing chunk 78
Processing chunk 79
Processing chunk 80
Processing chunk 81
Processing chunk 82
Processing chunk 83
Processing chunk 84
Processing chunk 85
Processing chunk 86
Processing chunk 87
Processing chunk 88
Processing chunk 89
Processing chunk 90
